2026-05-25T00:08:28+00:00 DEBUG Stripe API request: GET account CONTEXT: {"stripe_version":"9.9.2","stripe_api_version":"2024-06-20"}
2026-05-25T00:08:28+00:00 DEBUG Stripe API response: GET account CONTEXT: {"stripe_version":"9.9.2","stripe_api_version":"2024-06-20","response":{"id":"acct_1SCzgW0Q3J9q34Tt","object":"account","business_profile":{"annual_revenue":null,"estimated_worker_count":null,"mcc":"8398","minority_owned_business_designation":null,"name":"WRBLO","support_address":null,"support_email":null,"support_phone":"+443333397980","support_url":null,"url":"https://wrblo.org"},"business_type":"non_profit","capabilities":{"afterpay_clearpay_payments":"inactive","amazon_pay_payments":"active","bancontact_payments":"active","card_payments":"active","cartes_bancaires_payments":"pending","eps_payments":"active","kakao_pay_payments":"active","klarna_payments":"inactive","link_payments":"active","naver_pay_payments":"active","payco_payments":"active","revolut_pay_payments":"active","samsung_pay_payments":"active","transfers":"active"},"charges_enabled":true,"company":{"name":"WRBLO Community Interest Company","structure":"incorporated_non_profit"},"controller":{"type":"account"},"country":"GB","default_currency":"gbp","details_submitted":true,"email":"financeteam@wrblo.org","future_requirements":{"alternatives":[],"current_deadline":null,"currently_due":[],"disabled_reason":null,"errors":[],"eventually_due":[],"past_due":[],"pending_verification":[]},"metadata":{},"payouts_enabled":true,"requirements":{"alternatives":[],"current_deadline":null,"currently_due":[],"disabled_reason":null,"errors":[],"eventually_due":[],"past_due":[],"pending_verification":[]},"settings":{"bacs_debit_payments":{"display_name":"Stripe","service_user_number":"449900"},"branding":{"icon":null,"logo":null,"primary_color":null,"secondary_color":null},"card_issuing":{"tos_acceptance":{"date":null,"ip":null}},"card_payments":{"statement_descriptor_prefix":null,"statement_descriptor_prefix_kana":null,"statement_descriptor_prefix_kanji":null},"dashboard":{"display_name":"WRBLO","timezone":"Europe/London"},"invoices":{"default_account_tax_ids":null,"hosted_payment_method_save":"offer"},"payments":{"statement_descriptor":"WRBLO","statement_descriptor_kana":null,"statement_descriptor_kanji":null},"payouts":{"debit_negative_balances":true,"schedule":{"delay_days":3,"interval":"weekly","weekly_anchor":"monday","weekly_payout_days":["monday"]},"statement_descriptor":null},"paypay_payments":{},"sepa_debit_payments":{}},"type":"standard"}}
2026-05-25T00:12:34+00:00 DEBUG 
====Stripe Version: 9.9.2====
====Stripe Plugin API Version: 2024-06-20====
====Start Log====
Stripe Express Checkout does not support free products.
====End Log====

2026-05-25T00:12:34+00:00 DEBUG 
====Stripe Version: 9.9.2====
====Stripe Plugin API Version: 2024-06-20====
====Start Log====
Stripe Express Checkout does not support free products.
====End Log====

2026-05-25T04:44:25+00:00 DEBUG Stripe API request: GET account CONTEXT: {"stripe_version":"9.9.2","stripe_api_version":"2024-06-20"}
2026-05-25T04:44:26+00:00 DEBUG Stripe API response: GET account CONTEXT: {"stripe_version":"9.9.2","stripe_api_version":"2024-06-20","response":{"id":"acct_1SCzgW0Q3J9q34Tt","object":"account","business_profile":{"annual_revenue":null,"estimated_worker_count":null,"mcc":"8398","minority_owned_business_designation":null,"name":"WRBLO","support_address":null,"support_email":null,"support_phone":"+443333397980","support_url":null,"url":"https://wrblo.org"},"business_type":"non_profit","capabilities":{"afterpay_clearpay_payments":"inactive","amazon_pay_payments":"active","bancontact_payments":"active","card_payments":"active","cartes_bancaires_payments":"pending","eps_payments":"active","kakao_pay_payments":"active","klarna_payments":"inactive","link_payments":"active","naver_pay_payments":"active","payco_payments":"active","revolut_pay_payments":"active","samsung_pay_payments":"active","transfers":"active"},"charges_enabled":true,"company":{"name":"WRBLO Community Interest Company","structure":"incorporated_non_profit"},"controller":{"type":"account"},"country":"GB","default_currency":"gbp","details_submitted":true,"email":"financeteam@wrblo.org","future_requirements":{"alternatives":[],"current_deadline":null,"currently_due":[],"disabled_reason":null,"errors":[],"eventually_due":[],"past_due":[],"pending_verification":[]},"metadata":{},"payouts_enabled":true,"requirements":{"alternatives":[],"current_deadline":null,"currently_due":[],"disabled_reason":null,"errors":[],"eventually_due":[],"past_due":[],"pending_verification":[]},"settings":{"bacs_debit_payments":{"display_name":"Stripe","service_user_number":"449900"},"branding":{"icon":null,"logo":null,"primary_color":null,"secondary_color":null},"card_issuing":{"tos_acceptance":{"date":null,"ip":null}},"card_payments":{"statement_descriptor_prefix":null,"statement_descriptor_prefix_kana":null,"statement_descriptor_prefix_kanji":null},"dashboard":{"display_name":"WRBLO","timezone":"Europe/London"},"invoices":{"default_account_tax_ids":null,"hosted_payment_method_save":"offer"},"payments":{"statement_descriptor":"WRBLO","statement_descriptor_kana":null,"statement_descriptor_kanji":null},"payouts":{"debit_negative_balances":true,"schedule":{"delay_days":3,"interval":"weekly","weekly_anchor":"monday","weekly_payout_days":["monday"]},"statement_descriptor":null},"paypay_payments":{},"sepa_debit_payments":{}},"type":"standard"}}
2026-05-25T06:40:54+00:00 DEBUG Daily asynchronous cache cleanup already scheduled CONTEXT: {"stripe_version":"9.9.2","stripe_api_version":"2024-06-20"}
2026-05-25T06:54:11+00:00 DEBUG Stripe API request: GET account CONTEXT: {"stripe_version":"9.9.2","stripe_api_version":"2024-06-20"}
2026-05-25T06:54:12+00:00 DEBUG Stripe API response: GET account CONTEXT: {"stripe_version":"9.9.2","stripe_api_version":"2024-06-20","response":{"id":"acct_1SCzgW0Q3J9q34Tt","object":"account","business_profile":{"annual_revenue":null,"estimated_worker_count":null,"mcc":"8398","minority_owned_business_designation":null,"name":"WRBLO","support_address":null,"support_email":null,"support_phone":"+443333397980","support_url":null,"url":"https://wrblo.org"},"business_type":"non_profit","capabilities":{"afterpay_clearpay_payments":"inactive","amazon_pay_payments":"active","bancontact_payments":"active","card_payments":"active","cartes_bancaires_payments":"pending","eps_payments":"active","kakao_pay_payments":"active","klarna_payments":"inactive","link_payments":"active","naver_pay_payments":"active","payco_payments":"active","revolut_pay_payments":"active","samsung_pay_payments":"active","transfers":"active"},"charges_enabled":true,"company":{"name":"WRBLO Community Interest Company","structure":"incorporated_non_profit"},"controller":{"type":"account"},"country":"GB","default_currency":"gbp","details_submitted":true,"email":"financeteam@wrblo.org","future_requirements":{"alternatives":[],"current_deadline":null,"currently_due":[],"disabled_reason":null,"errors":[],"eventually_due":[],"past_due":[],"pending_verification":[]},"metadata":{},"payouts_enabled":true,"requirements":{"alternatives":[],"current_deadline":null,"currently_due":[],"disabled_reason":null,"errors":[],"eventually_due":[],"past_due":[],"pending_verification":[]},"settings":{"bacs_debit_payments":{"display_name":"Stripe","service_user_number":"449900"},"branding":{"icon":null,"logo":null,"primary_color":null,"secondary_color":null},"card_issuing":{"tos_acceptance":{"date":null,"ip":null}},"card_payments":{"statement_descriptor_prefix":null,"statement_descriptor_prefix_kana":null,"statement_descriptor_prefix_kanji":null},"dashboard":{"display_name":"WRBLO","timezone":"Europe/London"},"invoices":{"default_account_tax_ids":null,"hosted_payment_method_save":"offer"},"payments":{"statement_descriptor":"WRBLO","statement_descriptor_kana":null,"statement_descriptor_kanji":null},"payouts":{"debit_negative_balances":true,"schedule":{"delay_days":3,"interval":"weekly","weekly_anchor":"monday","weekly_payout_days":["monday"]},"statement_descriptor":null},"paypay_payments":{},"sepa_debit_payments":{}},"type":"standard"}}
2026-05-25T09:18:20+00:00 DEBUG Stripe API request: GET account CONTEXT: {"stripe_version":"9.9.2","stripe_api_version":"2024-06-20"}
2026-05-25T09:18:20+00:00 DEBUG Stripe API response: GET account CONTEXT: {"stripe_version":"9.9.2","stripe_api_version":"2024-06-20","response":{"id":"acct_1SCzgW0Q3J9q34Tt","object":"account","business_profile":{"annual_revenue":null,"estimated_worker_count":null,"mcc":"8398","minority_owned_business_designation":null,"name":"WRBLO","support_address":null,"support_email":null,"support_phone":"+443333397980","support_url":null,"url":"https://wrblo.org"},"business_type":"non_profit","capabilities":{"afterpay_clearpay_payments":"inactive","amazon_pay_payments":"active","bancontact_payments":"active","card_payments":"active","cartes_bancaires_payments":"pending","eps_payments":"active","kakao_pay_payments":"active","klarna_payments":"inactive","link_payments":"active","naver_pay_payments":"active","payco_payments":"active","revolut_pay_payments":"active","samsung_pay_payments":"active","transfers":"active"},"charges_enabled":true,"company":{"name":"WRBLO Community Interest Company","structure":"incorporated_non_profit"},"controller":{"type":"account"},"country":"GB","default_currency":"gbp","details_submitted":true,"email":"financeteam@wrblo.org","future_requirements":{"alternatives":[],"current_deadline":null,"currently_due":[],"disabled_reason":null,"errors":[],"eventually_due":[],"past_due":[],"pending_verification":[]},"metadata":{},"payouts_enabled":true,"requirements":{"alternatives":[],"current_deadline":null,"currently_due":[],"disabled_reason":null,"errors":[],"eventually_due":[],"past_due":[],"pending_verification":[]},"settings":{"bacs_debit_payments":{"display_name":"Stripe","service_user_number":"449900"},"branding":{"icon":null,"logo":null,"primary_color":null,"secondary_color":null},"card_issuing":{"tos_acceptance":{"date":null,"ip":null}},"card_payments":{"statement_descriptor_prefix":null,"statement_descriptor_prefix_kana":null,"statement_descriptor_prefix_kanji":null},"dashboard":{"display_name":"WRBLO","timezone":"Europe/London"},"invoices":{"default_account_tax_ids":null,"hosted_payment_method_save":"offer"},"payments":{"statement_descriptor":"WRBLO","statement_descriptor_kana":null,"statement_descriptor_kanji":null},"payouts":{"debit_negative_balances":true,"schedule":{"delay_days":3,"interval":"weekly","weekly_anchor":"monday","weekly_payout_days":["monday"]},"statement_descriptor":null},"paypay_payments":{},"sepa_debit_payments":{}},"type":"standard"}}
2026-05-25T09:26:39+00:00 DEBUG 
====Stripe Version: 9.9.2====
====Stripe Plugin API Version: 2024-06-20====
====Start Log====
Stripe Express Checkout does not support free products.
====End Log====

2026-05-25T09:26:39+00:00 DEBUG 
====Stripe Version: 9.9.2====
====Stripe Plugin API Version: 2024-06-20====
====Start Log====
Stripe Express Checkout does not support free products.
====End Log====

2026-05-25T09:48:59+00:00 DEBUG 
====Stripe Version: 9.9.2====
====Stripe Plugin API Version: 2024-06-20====
====Start Log====
Stripe Express Checkout does not support free products.
====End Log====

2026-05-25T09:48:59+00:00 DEBUG 
====Stripe Version: 9.9.2====
====Stripe Plugin API Version: 2024-06-20====
====Start Log====
Stripe Express Checkout does not support free products.
====End Log====

2026-05-25T10:06:09+00:00 DEBUG 
====Stripe Version: 9.9.2====
====Stripe Plugin API Version: 2024-06-20====
====Start Log====
Stripe Express Checkout does not support free products.
====End Log====

2026-05-25T10:06:09+00:00 DEBUG 
====Stripe Version: 9.9.2====
====Stripe Plugin API Version: 2024-06-20====
====Start Log====
Stripe Express Checkout does not support free products.
====End Log====

2026-05-25T10:50:30+00:00 DEBUG 
====Stripe Version: 9.9.2====
====Stripe Plugin API Version: 2024-06-20====
====Start Log====
Stripe Express Checkout does not support free products.
====End Log====

2026-05-25T10:50:30+00:00 DEBUG 
====Stripe Version: 9.9.2====
====Stripe Plugin API Version: 2024-06-20====
====Start Log====
Stripe Express Checkout does not support free products.
====End Log====

2026-05-25T11:30:41+00:00 DEBUG Stripe API request: GET account CONTEXT: {"stripe_version":"9.9.2","stripe_api_version":"2024-06-20"}
2026-05-25T11:30:42+00:00 DEBUG Stripe API response: GET account CONTEXT: {"stripe_version":"9.9.2","stripe_api_version":"2024-06-20","response":{"id":"acct_1SCzgW0Q3J9q34Tt","object":"account","business_profile":{"annual_revenue":null,"estimated_worker_count":null,"mcc":"8398","minority_owned_business_designation":null,"name":"WRBLO","support_address":null,"support_email":null,"support_phone":"+443333397980","support_url":null,"url":"https://wrblo.org"},"business_type":"non_profit","capabilities":{"afterpay_clearpay_payments":"inactive","amazon_pay_payments":"active","bancontact_payments":"active","card_payments":"active","cartes_bancaires_payments":"pending","eps_payments":"active","kakao_pay_payments":"active","klarna_payments":"inactive","link_payments":"active","naver_pay_payments":"active","payco_payments":"active","revolut_pay_payments":"active","samsung_pay_payments":"active","transfers":"active"},"charges_enabled":true,"company":{"name":"WRBLO Community Interest Company","structure":"incorporated_non_profit"},"controller":{"type":"account"},"country":"GB","default_currency":"gbp","details_submitted":true,"email":"financeteam@wrblo.org","future_requirements":{"alternatives":[],"current_deadline":null,"currently_due":[],"disabled_reason":null,"errors":[],"eventually_due":[],"past_due":[],"pending_verification":[]},"metadata":{},"payouts_enabled":true,"requirements":{"alternatives":[],"current_deadline":null,"currently_due":[],"disabled_reason":null,"errors":[],"eventually_due":[],"past_due":[],"pending_verification":[]},"settings":{"bacs_debit_payments":{"display_name":"Stripe","service_user_number":"449900"},"branding":{"icon":null,"logo":null,"primary_color":null,"secondary_color":null},"card_issuing":{"tos_acceptance":{"date":null,"ip":null}},"card_payments":{"statement_descriptor_prefix":null,"statement_descriptor_prefix_kana":null,"statement_descriptor_prefix_kanji":null},"dashboard":{"display_name":"WRBLO","timezone":"Europe/London"},"invoices":{"default_account_tax_ids":null,"hosted_payment_method_save":"offer"},"payments":{"statement_descriptor":"WRBLO","statement_descriptor_kana":null,"statement_descriptor_kanji":null},"payouts":{"debit_negative_balances":true,"schedule":{"delay_days":3,"interval":"weekly","weekly_anchor":"monday","weekly_payout_days":["monday"]},"statement_descriptor":null},"paypay_payments":{},"sepa_debit_payments":{}},"type":"standard"}}
2026-05-25T11:30:42+00:00 DEBUG 
====Stripe Version: 9.9.2====
====Stripe Plugin API Version: 2024-06-20====
====Start Log====
Stripe Express Checkout does not support free products.
====End Log====

2026-05-25T11:30:42+00:00 DEBUG 
====Stripe Version: 9.9.2====
====Stripe Plugin API Version: 2024-06-20====
====Start Log====
Stripe Express Checkout does not support free products.
====End Log====

2026-05-25T14:57:25+00:00 DEBUG Stripe API request: GET account CONTEXT: {"stripe_version":"9.9.2","stripe_api_version":"2024-06-20"}
2026-05-25T14:57:25+00:00 DEBUG Stripe API request: GET account CONTEXT: {"stripe_version":"9.9.2","stripe_api_version":"2024-06-20"}
2026-05-25T14:57:25+00:00 DEBUG Stripe API response: GET account CONTEXT: {"stripe_version":"9.9.2","stripe_api_version":"2024-06-20","response":{"id":"acct_1SCzgW0Q3J9q34Tt","object":"account","business_profile":{"annual_revenue":null,"estimated_worker_count":null,"mcc":"8398","minority_owned_business_designation":null,"name":"WRBLO","support_address":null,"support_email":null,"support_phone":"+443333397980","support_url":null,"url":"https://wrblo.org"},"business_type":"non_profit","capabilities":{"afterpay_clearpay_payments":"inactive","amazon_pay_payments":"active","bancontact_payments":"active","card_payments":"active","cartes_bancaires_payments":"pending","eps_payments":"active","kakao_pay_payments":"active","klarna_payments":"inactive","link_payments":"active","naver_pay_payments":"active","payco_payments":"active","revolut_pay_payments":"active","samsung_pay_payments":"active","transfers":"active"},"charges_enabled":true,"company":{"name":"WRBLO Community Interest Company","structure":"incorporated_non_profit"},"controller":{"type":"account"},"country":"GB","default_currency":"gbp","details_submitted":true,"email":"financeteam@wrblo.org","future_requirements":{"alternatives":[],"current_deadline":null,"currently_due":[],"disabled_reason":null,"errors":[],"eventually_due":[],"past_due":[],"pending_verification":[]},"metadata":{},"payouts_enabled":true,"requirements":{"alternatives":[],"current_deadline":null,"currently_due":[],"disabled_reason":null,"errors":[],"eventually_due":[],"past_due":[],"pending_verification":[]},"settings":{"bacs_debit_payments":{"display_name":"Stripe","service_user_number":"449900"},"branding":{"icon":null,"logo":null,"primary_color":null,"secondary_color":null},"card_issuing":{"tos_acceptance":{"date":null,"ip":null}},"card_payments":{"statement_descriptor_prefix":null,"statement_descriptor_prefix_kana":null,"statement_descriptor_prefix_kanji":null},"dashboard":{"display_name":"WRBLO","timezone":"Europe/London"},"invoices":{"default_account_tax_ids":null,"hosted_payment_method_save":"offer"},"payments":{"statement_descriptor":"WRBLO","statement_descriptor_kana":null,"statement_descriptor_kanji":null},"payouts":{"debit_negative_balances":true,"schedule":{"delay_days":3,"interval":"weekly","weekly_anchor":"monday","weekly_payout_days":["monday"]},"statement_descriptor":null},"paypay_payments":{},"sepa_debit_payments":{}},"type":"standard"}}
2026-05-25T14:57:25+00:00 DEBUG Stripe API response: GET account CONTEXT: {"stripe_version":"9.9.2","stripe_api_version":"2024-06-20","response":{"id":"acct_1SCzgW0Q3J9q34Tt","object":"account","business_profile":{"annual_revenue":null,"estimated_worker_count":null,"mcc":"8398","minority_owned_business_designation":null,"name":"WRBLO","support_address":null,"support_email":null,"support_phone":"+443333397980","support_url":null,"url":"https://wrblo.org"},"business_type":"non_profit","capabilities":{"afterpay_clearpay_payments":"inactive","amazon_pay_payments":"active","bancontact_payments":"active","card_payments":"active","cartes_bancaires_payments":"pending","eps_payments":"active","kakao_pay_payments":"active","klarna_payments":"inactive","link_payments":"active","naver_pay_payments":"active","payco_payments":"active","revolut_pay_payments":"active","samsung_pay_payments":"active","transfers":"active"},"charges_enabled":true,"company":{"name":"WRBLO Community Interest Company","structure":"incorporated_non_profit"},"controller":{"type":"account"},"country":"GB","default_currency":"gbp","details_submitted":true,"email":"financeteam@wrblo.org","future_requirements":{"alternatives":[],"current_deadline":null,"currently_due":[],"disabled_reason":null,"errors":[],"eventually_due":[],"past_due":[],"pending_verification":[]},"metadata":{},"payouts_enabled":true,"requirements":{"alternatives":[],"current_deadline":null,"currently_due":[],"disabled_reason":null,"errors":[],"eventually_due":[],"past_due":[],"pending_verification":[]},"settings":{"bacs_debit_payments":{"display_name":"Stripe","service_user_number":"449900"},"branding":{"icon":null,"logo":null,"primary_color":null,"secondary_color":null},"card_issuing":{"tos_acceptance":{"date":null,"ip":null}},"card_payments":{"statement_descriptor_prefix":null,"statement_descriptor_prefix_kana":null,"statement_descriptor_prefix_kanji":null},"dashboard":{"display_name":"WRBLO","timezone":"Europe/London"},"invoices":{"default_account_tax_ids":null,"hosted_payment_method_save":"offer"},"payments":{"statement_descriptor":"WRBLO","statement_descriptor_kana":null,"statement_descriptor_kanji":null},"payouts":{"debit_negative_balances":true,"schedule":{"delay_days":3,"interval":"weekly","weekly_anchor":"monday","weekly_payout_days":["monday"]},"statement_descriptor":null},"paypay_payments":{},"sepa_debit_payments":{}},"type":"standard"}}
2026-05-25T16:36:41+00:00 DEBUG 
====Stripe Version: 9.9.2====
====Stripe Plugin API Version: 2024-06-20====
====Start Log====
Stripe Express Checkout does not support free products.
====End Log====

2026-05-25T16:36:41+00:00 DEBUG 
====Stripe Version: 9.9.2====
====Stripe Plugin API Version: 2024-06-20====
====Start Log====
Stripe Express Checkout does not support free products.
====End Log====

2026-05-25T17:14:23+00:00 DEBUG Stripe API request: GET account CONTEXT: {"stripe_version":"9.9.2","stripe_api_version":"2024-06-20"}
2026-05-25T17:14:24+00:00 DEBUG Stripe API response: GET account CONTEXT: {"stripe_version":"9.9.2","stripe_api_version":"2024-06-20","response":{"id":"acct_1SCzgW0Q3J9q34Tt","object":"account","business_profile":{"annual_revenue":null,"estimated_worker_count":null,"mcc":"8398","minority_owned_business_designation":null,"name":"WRBLO","support_address":null,"support_email":null,"support_phone":"+443333397980","support_url":null,"url":"https://wrblo.org"},"business_type":"non_profit","capabilities":{"afterpay_clearpay_payments":"inactive","amazon_pay_payments":"active","bancontact_payments":"active","card_payments":"active","cartes_bancaires_payments":"pending","eps_payments":"active","kakao_pay_payments":"active","klarna_payments":"inactive","link_payments":"active","naver_pay_payments":"active","payco_payments":"active","revolut_pay_payments":"active","samsung_pay_payments":"active","transfers":"active"},"charges_enabled":true,"company":{"name":"WRBLO Community Interest Company","structure":"incorporated_non_profit"},"controller":{"type":"account"},"country":"GB","default_currency":"gbp","details_submitted":true,"email":"financeteam@wrblo.org","future_requirements":{"alternatives":[],"current_deadline":null,"currently_due":[],"disabled_reason":null,"errors":[],"eventually_due":[],"past_due":[],"pending_verification":[]},"metadata":{},"payouts_enabled":true,"requirements":{"alternatives":[],"current_deadline":null,"currently_due":[],"disabled_reason":null,"errors":[],"eventually_due":[],"past_due":[],"pending_verification":[]},"settings":{"bacs_debit_payments":{"display_name":"Stripe","service_user_number":"449900"},"branding":{"icon":null,"logo":null,"primary_color":null,"secondary_color":null},"card_issuing":{"tos_acceptance":{"date":null,"ip":null}},"card_payments":{"statement_descriptor_prefix":null,"statement_descriptor_prefix_kana":null,"statement_descriptor_prefix_kanji":null},"dashboard":{"display_name":"WRBLO","timezone":"Europe/London"},"invoices":{"default_account_tax_ids":null,"hosted_payment_method_save":"offer"},"payments":{"statement_descriptor":"WRBLO","statement_descriptor_kana":null,"statement_descriptor_kanji":null},"payouts":{"debit_negative_balances":true,"schedule":{"delay_days":3,"interval":"weekly","weekly_anchor":"monday","weekly_payout_days":["monday"]},"statement_descriptor":null},"paypay_payments":{},"sepa_debit_payments":{}},"type":"standard"}}
2026-05-25T20:22:06+00:00 DEBUG Stripe API request: GET account CONTEXT: {"stripe_version":"9.9.2","stripe_api_version":"2024-06-20"}
2026-05-25T20:22:07+00:00 DEBUG Stripe API response: GET account CONTEXT: {"stripe_version":"9.9.2","stripe_api_version":"2024-06-20","response":{"id":"acct_1SCzgW0Q3J9q34Tt","object":"account","business_profile":{"annual_revenue":null,"estimated_worker_count":null,"mcc":"8398","minority_owned_business_designation":null,"name":"WRBLO","support_address":null,"support_email":null,"support_phone":"+443333397980","support_url":null,"url":"https://wrblo.org"},"business_type":"non_profit","capabilities":{"afterpay_clearpay_payments":"inactive","amazon_pay_payments":"active","bancontact_payments":"active","card_payments":"active","cartes_bancaires_payments":"pending","eps_payments":"active","kakao_pay_payments":"active","klarna_payments":"inactive","link_payments":"active","naver_pay_payments":"active","payco_payments":"active","revolut_pay_payments":"active","samsung_pay_payments":"active","transfers":"active"},"charges_enabled":true,"company":{"name":"WRBLO Community Interest Company","structure":"incorporated_non_profit"},"controller":{"type":"account"},"country":"GB","default_currency":"gbp","details_submitted":true,"email":"financeteam@wrblo.org","future_requirements":{"alternatives":[],"current_deadline":null,"currently_due":[],"disabled_reason":null,"errors":[],"eventually_due":[],"past_due":[],"pending_verification":[]},"metadata":{},"payouts_enabled":true,"requirements":{"alternatives":[],"current_deadline":null,"currently_due":[],"disabled_reason":null,"errors":[],"eventually_due":[],"past_due":[],"pending_verification":[]},"settings":{"bacs_debit_payments":{"display_name":"Stripe","service_user_number":"449900"},"branding":{"icon":null,"logo":null,"primary_color":null,"secondary_color":null},"card_issuing":{"tos_acceptance":{"date":null,"ip":null}},"card_payments":{"statement_descriptor_prefix":null,"statement_descriptor_prefix_kana":null,"statement_descriptor_prefix_kanji":null},"dashboard":{"display_name":"WRBLO","timezone":"Europe/London"},"invoices":{"default_account_tax_ids":null,"hosted_payment_method_save":"offer"},"payments":{"statement_descriptor":"WRBLO","statement_descriptor_kana":null,"statement_descriptor_kanji":null},"payouts":{"debit_negative_balances":true,"schedule":{"delay_days":3,"interval":"weekly","weekly_anchor":"monday","weekly_payout_days":["monday"]},"statement_descriptor":null},"paypay_payments":{},"sepa_debit_payments":{}},"type":"standard"}}
2026-05-25T20:22:07+00:00 DEBUG 
====Stripe Version: 9.9.2====
====Stripe Plugin API Version: 2024-06-20====
====Start Log====
Stripe Express Checkout does not support free products.
====End Log====

2026-05-25T20:22:07+00:00 DEBUG 
====Stripe Version: 9.9.2====
====Stripe Plugin API Version: 2024-06-20====
====Start Log====
Stripe Express Checkout does not support free products.
====End Log====

2026-05-25T20:22:08+00:00 INFO Starting asynchronous cache cleanup [run_id: 308745] CONTEXT: {"stripe_version":"9.9.2","stripe_api_version":"2024-06-20","max_rows":500,"job_data":{"run_id":308745,"processed":0,"deleted":0,"job_runs":1,"last_key":null}}
2026-05-25T20:22:08+00:00 INFO Asynchronous cache cleanup complete: 1 entries processed, 0 stale entries deleted [run_id: 308745] CONTEXT: {"stripe_version":"9.9.2","stripe_api_version":"2024-06-20","max_rows":500,"job_data":{"run_id":308745,"processed":1,"deleted":0,"job_runs":1,"last_key":"wcstripe_cache_live_account_data"}}
2026-05-25T20:40:36+00:00 DEBUG 
====Stripe Version: 9.9.2====
====Stripe Plugin API Version: 2024-06-20====
====Start Log====
Stripe Express Checkout does not support free products.
====End Log====

2026-05-25T20:40:36+00:00 DEBUG 
====Stripe Version: 9.9.2====
====Stripe Plugin API Version: 2024-06-20====
====Start Log====
Stripe Express Checkout does not support free products.
====End Log====

2026-05-25T20:40:37+00:00 DEBUG 
====Stripe Version: 9.9.2====
====Stripe Plugin API Version: 2024-06-20====
====Start Log====
Stripe Express Checkout does not support free products.
====End Log====

2026-05-25T20:40:37+00:00 DEBUG 
====Stripe Version: 9.9.2====
====Stripe Plugin API Version: 2024-06-20====
====Start Log====
Stripe Express Checkout does not support free products.
====End Log====

2026-05-25T21:09:24+00:00 DEBUG 
====Stripe Version: 9.9.2====
====Stripe Plugin API Version: 2024-06-20====
====Start Log====
Stripe Express Checkout does not support free products.
====End Log====

2026-05-25T21:09:24+00:00 DEBUG 
====Stripe Version: 9.9.2====
====Stripe Plugin API Version: 2024-06-20====
====Start Log====
Stripe Express Checkout does not support free products.
====End Log====

2026-05-25T21:09:25+00:00 DEBUG 
====Stripe Version: 9.9.2====
====Stripe Plugin API Version: 2024-06-20====
====Start Log====
Stripe Express Checkout does not support free products.
====End Log====

2026-05-25T21:09:25+00:00 DEBUG 
====Stripe Version: 9.9.2====
====Stripe Plugin API Version: 2024-06-20====
====Start Log====
Stripe Express Checkout does not support free products.
====End Log====

2026-05-25T21:09:26+00:00 DEBUG 
====Stripe Version: 9.9.2====
====Stripe Plugin API Version: 2024-06-20====
====Start Log====
Stripe Express Checkout does not support free products.
====End Log====

2026-05-25T21:09:26+00:00 DEBUG 
====Stripe Version: 9.9.2====
====Stripe Plugin API Version: 2024-06-20====
====Start Log====
Stripe Express Checkout does not support free products.
====End Log====

2026-05-25T21:09:27+00:00 DEBUG 
====Stripe Version: 9.9.2====
====Stripe Plugin API Version: 2024-06-20====
====Start Log====
Stripe Express Checkout does not support free products.
====End Log====

2026-05-25T21:09:27+00:00 DEBUG 
====Stripe Version: 9.9.2====
====Stripe Plugin API Version: 2024-06-20====
====Start Log====
Stripe Express Checkout does not support free products.
====End Log====

2026-05-25T21:09:28+00:00 DEBUG 
====Stripe Version: 9.9.2====
====Stripe Plugin API Version: 2024-06-20====
====Start Log====
Stripe Express Checkout does not support free products.
====End Log====

2026-05-25T21:09:28+00:00 DEBUG 
====Stripe Version: 9.9.2====
====Stripe Plugin API Version: 2024-06-20====
====Start Log====
Stripe Express Checkout does not support free products.
====End Log====

2026-05-25T21:56:32+00:00 DEBUG 
====Stripe Version: 9.9.2====
====Stripe Plugin API Version: 2024-06-20====
====Start Log====
Stripe Express Checkout does not support free products.
====End Log====

2026-05-25T21:56:32+00:00 DEBUG 
====Stripe Version: 9.9.2====
====Stripe Plugin API Version: 2024-06-20====
====Start Log====
Stripe Express Checkout does not support free products.
====End Log====

