2026-06-12T01:56:07+00:00 DEBUG Stripe API request: GET account CONTEXT: {"stripe_version":"9.9.2","stripe_api_version":"2024-06-20"}
2026-06-12T01:56:08+00:00 DEBUG Stripe API response: GET account CONTEXT: {"stripe_version":"9.9.2","stripe_api_version":"2024-06-20","response":{"id":"acct_1SCzgW0Q3J9q34Tt","object":"account","business_profile":{"annual_revenue":null,"estimated_worker_count":null,"mcc":"8398","minority_owned_business_designation":null,"name":"WRBLO","support_address":null,"support_email":null,"support_phone":"+443333397980","support_url":null,"url":"https://wrblo.org"},"business_type":"non_profit","capabilities":{"afterpay_clearpay_payments":"inactive","amazon_pay_payments":"active","bancontact_payments":"active","card_payments":"active","cartes_bancaires_payments":"pending","eps_payments":"active","kakao_pay_payments":"active","klarna_payments":"inactive","link_payments":"active","naver_pay_payments":"active","payco_payments":"active","revolut_pay_payments":"active","samsung_pay_payments":"active","transfers":"active"},"charges_enabled":true,"company":{"name":"WRBLO Community Interest Company","structure":"incorporated_non_profit"},"controller":{"type":"account"},"country":"GB","default_currency":"gbp","details_submitted":true,"email":"financeteam@wrblo.org","future_requirements":{"alternatives":[],"current_deadline":null,"currently_due":[],"disabled_reason":null,"errors":[],"eventually_due":[],"past_due":[],"pending_verification":[]},"metadata":{},"payouts_enabled":true,"requirements":{"alternatives":[],"current_deadline":1785301910,"currently_due":["person_1SCzs00Q3J9q34Tttpbwc6w7.address.city","person_1SCzs00Q3J9q34Tttpbwc6w7.address.line1","person_1SCzs00Q3J9q34Tttpbwc6w7.address.postal_code","person_1SCzsm0Q3J9q34TtYOgUejPq.address.city","person_1SCzsm0Q3J9q34TtYOgUejPq.address.line1","person_1SCzsm0Q3J9q34TtYOgUejPq.address.postal_code","person_1TfmJP0Q3J9q34TtOHuQOe5r.address.city","person_1TfmJP0Q3J9q34TtOHuQOe5r.address.line1","person_1TfmJP0Q3J9q34TtOHuQOe5r.address.postal_code","person_1TfmJP0Q3J9q34TtOHuQOe5r.dob.day","person_1TfmJP0Q3J9q34TtOHuQOe5r.dob.month","person_1TfmJP0Q3J9q34TtOHuQOe5r.dob.year","person_1TfmJP0Q3J9q34TtOHuQOe5r.email","person_1TfmJP0Q3J9q34TtOHuQOe5r.relationship.title","person_1TfmJP0Q3J9q34TtlXYM8vAU.address.city","person_1TfmJP0Q3J9q34TtlXYM8vAU.address.line1","person_1TfmJP0Q3J9q34TtlXYM8vAU.address.postal_code","person_1TfmJP0Q3J9q34TtlXYM8vAU.dob.day","person_1TfmJP0Q3J9q34TtlXYM8vAU.dob.month","person_1TfmJP0Q3J9q34TtlXYM8vAU.dob.year","person_1TfmJP0Q3J9q34TtlXYM8vAU.email","person_1TfmJP0Q3J9q34TtlXYM8vAU.relationship.title"],"disabled_reason":null,"errors":[],"eventually_due":["person_1SCzs00Q3J9q34Tttpbwc6w7.address.city","person_1SCzs00Q3J9q34Tttpbwc6w7.address.line1","person_1SCzs00Q3J9q34Tttpbwc6w7.address.postal_code","person_1SCzsm0Q3J9q34TtYOgUejPq.address.city","person_1SCzsm0Q3J9q34TtYOgUejPq.address.line1","person_1SCzsm0Q3J9q34TtYOgUejPq.address.postal_code","person_1TfmJP0Q3J9q34TtOHuQOe5r.address.city","person_1TfmJP0Q3J9q34TtOHuQOe5r.address.line1","person_1TfmJP0Q3J9q34TtOHuQOe5r.address.postal_code","person_1TfmJP0Q3J9q34TtOHuQOe5r.dob.day","person_1TfmJP0Q3J9q34TtOHuQOe5r.dob.month","person_1TfmJP0Q3J9q34TtOHuQOe5r.dob.year","person_1TfmJP0Q3J9q34TtOHuQOe5r.email","person_1TfmJP0Q3J9q34TtOHuQOe5r.relationship.title","person_1TfmJP0Q3J9q34TtlXYM8vAU.address.city","person_1TfmJP0Q3J9q34TtlXYM8vAU.address.line1","person_1TfmJP0Q3J9q34TtlXYM8vAU.address.postal_code","person_1TfmJP0Q3J9q34TtlXYM8vAU.dob.day","person_1TfmJP0Q3J9q34TtlXYM8vAU.dob.month","person_1TfmJP0Q3J9q34TtlXYM8vAU.dob.year","person_1TfmJP0Q3J9q34TtlXYM8vAU.email","person_1TfmJP0Q3J9q34TtlXYM8vAU.relationship.title"],"past_due":[],"pending_verification":[]},"settings":{"bacs_debit_payments":{"display_name":"Stripe","service_user_number":"449900"},"branding":{"icon":null,"logo":null,"primary_color":null,"secondary_color":null},"card_issuing":{"tos_acceptance":{"date":null,"ip":null}},"card_payments":{"statement_descriptor_prefix":null,"statement_descriptor_prefix_kana":null,"statement_descriptor_prefix_kanji":null},"dashboard":{"display_name":"WRBLO","timezone":"Europe/London"},"invoices":{"default_account_tax_ids":null,"hosted_payment_method_save":"offer"},"payments":{"statement_descriptor":"WRBLO","statement_descriptor_kana":null,"statement_descriptor_kanji":null},"payouts":{"debit_negative_balances":true,"schedule":{"delay_days":3,"interval":"weekly","weekly_anchor":"monday","weekly_payout_days":["monday"]},"statement_descriptor":null},"paypay_payments":{},"sepa_debit_payments":{}},"type":"standard"}}
2026-06-12T01:56:08+00:00 DEBUG 
====Stripe Version: 9.9.2====
====Stripe Plugin API Version: 2024-06-20====
====Start Log====
Your domain has been registered with Apple Pay!
====End Log====

2026-06-12T02:42:06+00:00 DEBUG 
====Stripe Version: 9.9.2====
====Stripe Plugin API Version: 2024-06-20====
====Start Log====
Stripe Express Checkout does not support free products.
====End Log====

2026-06-12T02:42:06+00:00 DEBUG 
====Stripe Version: 9.9.2====
====Stripe Plugin API Version: 2024-06-20====
====Start Log====
Stripe Express Checkout does not support free products.
====End Log====

2026-06-12T02:42:09+00:00 DEBUG 
====Stripe Version: 9.9.2====
====Stripe Plugin API Version: 2024-06-20====
====Start Log====
Stripe Express Checkout does not support free products.
====End Log====

2026-06-12T02:42:09+00:00 DEBUG 
====Stripe Version: 9.9.2====
====Stripe Plugin API Version: 2024-06-20====
====Start Log====
Stripe Express Checkout does not support free products.
====End Log====

2026-06-12T02:42:14+00:00 DEBUG 
====Stripe Version: 9.9.2====
====Stripe Plugin API Version: 2024-06-20====
====Start Log====
Stripe Express Checkout does not support free products.
====End Log====

2026-06-12T02:42:14+00:00 DEBUG 
====Stripe Version: 9.9.2====
====Stripe Plugin API Version: 2024-06-20====
====Start Log====
Stripe Express Checkout does not support free products.
====End Log====

2026-06-12T02:42:16+00:00 DEBUG 
====Stripe Version: 9.9.2====
====Stripe Plugin API Version: 2024-06-20====
====Start Log====
Stripe Express Checkout does not support free products.
====End Log====

2026-06-12T02:42:16+00:00 DEBUG 
====Stripe Version: 9.9.2====
====Stripe Plugin API Version: 2024-06-20====
====Start Log====
Stripe Express Checkout does not support free products.
====End Log====

2026-06-12T02:42:24+00:00 DEBUG 
====Stripe Version: 9.9.2====
====Stripe Plugin API Version: 2024-06-20====
====Start Log====
Stripe Express Checkout does not support free products.
====End Log====

2026-06-12T02:42:24+00:00 DEBUG 
====Stripe Version: 9.9.2====
====Stripe Plugin API Version: 2024-06-20====
====Start Log====
Stripe Express Checkout does not support free products.
====End Log====

2026-06-12T02:42:27+00:00 DEBUG 
====Stripe Version: 9.9.2====
====Stripe Plugin API Version: 2024-06-20====
====Start Log====
Stripe Express Checkout does not support free products.
====End Log====

2026-06-12T02:42:27+00:00 DEBUG 
====Stripe Version: 9.9.2====
====Stripe Plugin API Version: 2024-06-20====
====Start Log====
Stripe Express Checkout does not support free products.
====End Log====

2026-06-12T02:52:54+00:00 DEBUG 
====Stripe Version: 9.9.2====
====Stripe Plugin API Version: 2024-06-20====
====Start Log====
Stripe Express Checkout does not support free products.
====End Log====

2026-06-12T02:52:54+00:00 DEBUG 
====Stripe Version: 9.9.2====
====Stripe Plugin API Version: 2024-06-20====
====Start Log====
Stripe Express Checkout does not support free products.
====End Log====

2026-06-12T04:20:50+00:00 DEBUG Stripe API request: GET account CONTEXT: {"stripe_version":"9.9.2","stripe_api_version":"2024-06-20"}
2026-06-12T04:20:51+00:00 DEBUG Stripe API response: GET account CONTEXT: {"stripe_version":"9.9.2","stripe_api_version":"2024-06-20","response":{"id":"acct_1SCzgW0Q3J9q34Tt","object":"account","business_profile":{"annual_revenue":null,"estimated_worker_count":null,"mcc":"8398","minority_owned_business_designation":null,"name":"WRBLO","support_address":null,"support_email":null,"support_phone":"+443333397980","support_url":null,"url":"https://wrblo.org"},"business_type":"non_profit","capabilities":{"afterpay_clearpay_payments":"inactive","amazon_pay_payments":"active","bancontact_payments":"active","card_payments":"active","cartes_bancaires_payments":"pending","eps_payments":"active","kakao_pay_payments":"active","klarna_payments":"inactive","link_payments":"active","naver_pay_payments":"active","payco_payments":"active","revolut_pay_payments":"active","samsung_pay_payments":"active","transfers":"active"},"charges_enabled":true,"company":{"name":"WRBLO Community Interest Company","structure":"incorporated_non_profit"},"controller":{"type":"account"},"country":"GB","default_currency":"gbp","details_submitted":true,"email":"financeteam@wrblo.org","future_requirements":{"alternatives":[],"current_deadline":null,"currently_due":[],"disabled_reason":null,"errors":[],"eventually_due":[],"past_due":[],"pending_verification":[]},"metadata":{},"payouts_enabled":true,"requirements":{"alternatives":[],"current_deadline":1785301910,"currently_due":["person_1SCzs00Q3J9q34Tttpbwc6w7.address.city","person_1SCzs00Q3J9q34Tttpbwc6w7.address.line1","person_1SCzs00Q3J9q34Tttpbwc6w7.address.postal_code","person_1SCzsm0Q3J9q34TtYOgUejPq.address.city","person_1SCzsm0Q3J9q34TtYOgUejPq.address.line1","person_1SCzsm0Q3J9q34TtYOgUejPq.address.postal_code","person_1TfmJP0Q3J9q34TtOHuQOe5r.address.city","person_1TfmJP0Q3J9q34TtOHuQOe5r.address.line1","person_1TfmJP0Q3J9q34TtOHuQOe5r.address.postal_code","person_1TfmJP0Q3J9q34TtOHuQOe5r.dob.day","person_1TfmJP0Q3J9q34TtOHuQOe5r.dob.month","person_1TfmJP0Q3J9q34TtOHuQOe5r.dob.year","person_1TfmJP0Q3J9q34TtOHuQOe5r.email","person_1TfmJP0Q3J9q34TtOHuQOe5r.relationship.title","person_1TfmJP0Q3J9q34TtlXYM8vAU.address.city","person_1TfmJP0Q3J9q34TtlXYM8vAU.address.line1","person_1TfmJP0Q3J9q34TtlXYM8vAU.address.postal_code","person_1TfmJP0Q3J9q34TtlXYM8vAU.dob.day","person_1TfmJP0Q3J9q34TtlXYM8vAU.dob.month","person_1TfmJP0Q3J9q34TtlXYM8vAU.dob.year","person_1TfmJP0Q3J9q34TtlXYM8vAU.email","person_1TfmJP0Q3J9q34TtlXYM8vAU.relationship.title"],"disabled_reason":null,"errors":[],"eventually_due":["person_1SCzs00Q3J9q34Tttpbwc6w7.address.city","person_1SCzs00Q3J9q34Tttpbwc6w7.address.line1","person_1SCzs00Q3J9q34Tttpbwc6w7.address.postal_code","person_1SCzsm0Q3J9q34TtYOgUejPq.address.city","person_1SCzsm0Q3J9q34TtYOgUejPq.address.line1","person_1SCzsm0Q3J9q34TtYOgUejPq.address.postal_code","person_1TfmJP0Q3J9q34TtOHuQOe5r.address.city","person_1TfmJP0Q3J9q34TtOHuQOe5r.address.line1","person_1TfmJP0Q3J9q34TtOHuQOe5r.address.postal_code","person_1TfmJP0Q3J9q34TtOHuQOe5r.dob.day","person_1TfmJP0Q3J9q34TtOHuQOe5r.dob.month","person_1TfmJP0Q3J9q34TtOHuQOe5r.dob.year","person_1TfmJP0Q3J9q34TtOHuQOe5r.email","person_1TfmJP0Q3J9q34TtOHuQOe5r.relationship.title","person_1TfmJP0Q3J9q34TtlXYM8vAU.address.city","person_1TfmJP0Q3J9q34TtlXYM8vAU.address.line1","person_1TfmJP0Q3J9q34TtlXYM8vAU.address.postal_code","person_1TfmJP0Q3J9q34TtlXYM8vAU.dob.day","person_1TfmJP0Q3J9q34TtlXYM8vAU.dob.month","person_1TfmJP0Q3J9q34TtlXYM8vAU.dob.year","person_1TfmJP0Q3J9q34TtlXYM8vAU.email","person_1TfmJP0Q3J9q34TtlXYM8vAU.relationship.title"],"past_due":[],"pending_verification":[]},"settings":{"bacs_debit_payments":{"display_name":"Stripe","service_user_number":"449900"},"branding":{"icon":null,"logo":null,"primary_color":null,"secondary_color":null},"card_issuing":{"tos_acceptance":{"date":null,"ip":null}},"card_payments":{"statement_descriptor_prefix":null,"statement_descriptor_prefix_kana":null,"statement_descriptor_prefix_kanji":null},"dashboard":{"display_name":"WRBLO","timezone":"Europe/London"},"invoices":{"default_account_tax_ids":null,"hosted_payment_method_save":"offer"},"payments":{"statement_descriptor":"WRBLO","statement_descriptor_kana":null,"statement_descriptor_kanji":null},"payouts":{"debit_negative_balances":true,"schedule":{"delay_days":3,"interval":"weekly","weekly_anchor":"monday","weekly_payout_days":["monday"]},"statement_descriptor":null},"paypay_payments":{},"sepa_debit_payments":{}},"type":"standard"}}
2026-06-12T05:02:42+00:00 DEBUG 
====Stripe Version: 9.9.2====
====Stripe Plugin API Version: 2024-06-20====
====Start Log====
Stripe Express Checkout does not support free products.
====End Log====

2026-06-12T05:02:42+00:00 DEBUG 
====Stripe Version: 9.9.2====
====Stripe Plugin API Version: 2024-06-20====
====Start Log====
Stripe Express Checkout does not support free products.
====End Log====

2026-06-12T05:07:26+00:00 DEBUG 
====Stripe Version: 9.9.2====
====Stripe Plugin API Version: 2024-06-20====
====Start Log====
Stripe Express Checkout does not support free products.
====End Log====

2026-06-12T05:07:26+00:00 DEBUG 
====Stripe Version: 9.9.2====
====Stripe Plugin API Version: 2024-06-20====
====Start Log====
Stripe Express Checkout does not support free products.
====End Log====

2026-06-12T06:49:42+00:00 DEBUG Stripe API request: GET account CONTEXT: {"stripe_version":"9.9.2","stripe_api_version":"2024-06-20"}
2026-06-12T06:49:42+00:00 DEBUG Stripe API response: GET account CONTEXT: {"stripe_version":"9.9.2","stripe_api_version":"2024-06-20","response":{"id":"acct_1SCzgW0Q3J9q34Tt","object":"account","business_profile":{"annual_revenue":null,"estimated_worker_count":null,"mcc":"8398","minority_owned_business_designation":null,"name":"WRBLO","support_address":null,"support_email":null,"support_phone":"+443333397980","support_url":null,"url":"https://wrblo.org"},"business_type":"non_profit","capabilities":{"afterpay_clearpay_payments":"inactive","amazon_pay_payments":"active","bancontact_payments":"active","card_payments":"active","cartes_bancaires_payments":"pending","eps_payments":"active","kakao_pay_payments":"active","klarna_payments":"inactive","link_payments":"active","naver_pay_payments":"active","payco_payments":"active","revolut_pay_payments":"active","samsung_pay_payments":"active","transfers":"active"},"charges_enabled":true,"company":{"name":"WRBLO Community Interest Company","structure":"incorporated_non_profit"},"controller":{"type":"account"},"country":"GB","default_currency":"gbp","details_submitted":true,"email":"financeteam@wrblo.org","future_requirements":{"alternatives":[],"current_deadline":null,"currently_due":[],"disabled_reason":null,"errors":[],"eventually_due":[],"past_due":[],"pending_verification":[]},"metadata":{},"payouts_enabled":true,"requirements":{"alternatives":[],"current_deadline":1785301910,"currently_due":["person_1SCzs00Q3J9q34Tttpbwc6w7.address.city","person_1SCzs00Q3J9q34Tttpbwc6w7.address.line1","person_1SCzs00Q3J9q34Tttpbwc6w7.address.postal_code","person_1SCzsm0Q3J9q34TtYOgUejPq.address.city","person_1SCzsm0Q3J9q34TtYOgUejPq.address.line1","person_1SCzsm0Q3J9q34TtYOgUejPq.address.postal_code","person_1TfmJP0Q3J9q34TtOHuQOe5r.address.city","person_1TfmJP0Q3J9q34TtOHuQOe5r.address.line1","person_1TfmJP0Q3J9q34TtOHuQOe5r.address.postal_code","person_1TfmJP0Q3J9q34TtOHuQOe5r.dob.day","person_1TfmJP0Q3J9q34TtOHuQOe5r.dob.month","person_1TfmJP0Q3J9q34TtOHuQOe5r.dob.year","person_1TfmJP0Q3J9q34TtOHuQOe5r.email","person_1TfmJP0Q3J9q34TtOHuQOe5r.relationship.title","person_1TfmJP0Q3J9q34TtlXYM8vAU.address.city","person_1TfmJP0Q3J9q34TtlXYM8vAU.address.line1","person_1TfmJP0Q3J9q34TtlXYM8vAU.address.postal_code","person_1TfmJP0Q3J9q34TtlXYM8vAU.dob.day","person_1TfmJP0Q3J9q34TtlXYM8vAU.dob.month","person_1TfmJP0Q3J9q34TtlXYM8vAU.dob.year","person_1TfmJP0Q3J9q34TtlXYM8vAU.email","person_1TfmJP0Q3J9q34TtlXYM8vAU.relationship.title"],"disabled_reason":null,"errors":[],"eventually_due":["person_1SCzs00Q3J9q34Tttpbwc6w7.address.city","person_1SCzs00Q3J9q34Tttpbwc6w7.address.line1","person_1SCzs00Q3J9q34Tttpbwc6w7.address.postal_code","person_1SCzsm0Q3J9q34TtYOgUejPq.address.city","person_1SCzsm0Q3J9q34TtYOgUejPq.address.line1","person_1SCzsm0Q3J9q34TtYOgUejPq.address.postal_code","person_1TfmJP0Q3J9q34TtOHuQOe5r.address.city","person_1TfmJP0Q3J9q34TtOHuQOe5r.address.line1","person_1TfmJP0Q3J9q34TtOHuQOe5r.address.postal_code","person_1TfmJP0Q3J9q34TtOHuQOe5r.dob.day","person_1TfmJP0Q3J9q34TtOHuQOe5r.dob.month","person_1TfmJP0Q3J9q34TtOHuQOe5r.dob.year","person_1TfmJP0Q3J9q34TtOHuQOe5r.email","person_1TfmJP0Q3J9q34TtOHuQOe5r.relationship.title","person_1TfmJP0Q3J9q34TtlXYM8vAU.address.city","person_1TfmJP0Q3J9q34TtlXYM8vAU.address.line1","person_1TfmJP0Q3J9q34TtlXYM8vAU.address.postal_code","person_1TfmJP0Q3J9q34TtlXYM8vAU.dob.day","person_1TfmJP0Q3J9q34TtlXYM8vAU.dob.month","person_1TfmJP0Q3J9q34TtlXYM8vAU.dob.year","person_1TfmJP0Q3J9q34TtlXYM8vAU.email","person_1TfmJP0Q3J9q34TtlXYM8vAU.relationship.title"],"past_due":[],"pending_verification":[]},"settings":{"bacs_debit_payments":{"display_name":"Stripe","service_user_number":"449900"},"branding":{"icon":null,"logo":null,"primary_color":null,"secondary_color":null},"card_issuing":{"tos_acceptance":{"date":null,"ip":null}},"card_payments":{"statement_descriptor_prefix":null,"statement_descriptor_prefix_kana":null,"statement_descriptor_prefix_kanji":null},"dashboard":{"display_name":"WRBLO","timezone":"Europe/London"},"invoices":{"default_account_tax_ids":null,"hosted_payment_method_save":"offer"},"payments":{"statement_descriptor":"WRBLO","statement_descriptor_kana":null,"statement_descriptor_kanji":null},"payouts":{"debit_negative_balances":true,"schedule":{"delay_days":3,"interval":"weekly","weekly_anchor":"monday","weekly_payout_days":["monday"]},"statement_descriptor":null},"paypay_payments":{},"sepa_debit_payments":{}},"type":"standard"}}
2026-06-12T07:08:53+00:00 DEBUG 
====Stripe Version: 9.9.2====
====Stripe Plugin API Version: 2024-06-20====
====Start Log====
Stripe Express Checkout does not support free products.
====End Log====

2026-06-12T07:08:54+00:00 DEBUG 
====Stripe Version: 9.9.2====
====Stripe Plugin API Version: 2024-06-20====
====Start Log====
Stripe Express Checkout does not support free products.
====End Log====

2026-06-12T07:39:38+00:00 DEBUG Daily asynchronous cache cleanup already scheduled CONTEXT: {"stripe_version":"9.9.2","stripe_api_version":"2024-06-20"}
2026-06-12T07:39:38+00:00 DEBUG 
====Stripe Version: 9.9.2====
====Stripe Plugin API Version: 2024-06-20====
====Start Log====
Your domain has been registered with Apple Pay!
====End Log====

2026-06-12T09:04:42+00:00 DEBUG Stripe API request: GET account CONTEXT: {"stripe_version":"9.9.2","stripe_api_version":"2024-06-20"}
2026-06-12T09:04:42+00:00 DEBUG Stripe API response: GET account CONTEXT: {"stripe_version":"9.9.2","stripe_api_version":"2024-06-20","response":{"id":"acct_1SCzgW0Q3J9q34Tt","object":"account","business_profile":{"annual_revenue":null,"estimated_worker_count":null,"mcc":"8398","minority_owned_business_designation":null,"name":"WRBLO","support_address":null,"support_email":null,"support_phone":"+443333397980","support_url":null,"url":"https://wrblo.org"},"business_type":"non_profit","capabilities":{"afterpay_clearpay_payments":"inactive","amazon_pay_payments":"active","bancontact_payments":"active","card_payments":"active","cartes_bancaires_payments":"pending","eps_payments":"active","kakao_pay_payments":"active","klarna_payments":"inactive","link_payments":"active","naver_pay_payments":"active","payco_payments":"active","revolut_pay_payments":"active","samsung_pay_payments":"active","transfers":"active"},"charges_enabled":true,"company":{"name":"WRBLO Community Interest Company","structure":"incorporated_non_profit"},"controller":{"type":"account"},"country":"GB","default_currency":"gbp","details_submitted":true,"email":"financeteam@wrblo.org","future_requirements":{"alternatives":[],"current_deadline":null,"currently_due":[],"disabled_reason":null,"errors":[],"eventually_due":[],"past_due":[],"pending_verification":[]},"metadata":{},"payouts_enabled":true,"requirements":{"alternatives":[],"current_deadline":1785301910,"currently_due":["person_1SCzs00Q3J9q34Tttpbwc6w7.address.city","person_1SCzs00Q3J9q34Tttpbwc6w7.address.line1","person_1SCzs00Q3J9q34Tttpbwc6w7.address.postal_code","person_1SCzsm0Q3J9q34TtYOgUejPq.address.city","person_1SCzsm0Q3J9q34TtYOgUejPq.address.line1","person_1SCzsm0Q3J9q34TtYOgUejPq.address.postal_code","person_1TfmJP0Q3J9q34TtOHuQOe5r.address.city","person_1TfmJP0Q3J9q34TtOHuQOe5r.address.line1","person_1TfmJP0Q3J9q34TtOHuQOe5r.address.postal_code","person_1TfmJP0Q3J9q34TtOHuQOe5r.dob.day","person_1TfmJP0Q3J9q34TtOHuQOe5r.dob.month","person_1TfmJP0Q3J9q34TtOHuQOe5r.dob.year","person_1TfmJP0Q3J9q34TtOHuQOe5r.email","person_1TfmJP0Q3J9q34TtOHuQOe5r.relationship.title","person_1TfmJP0Q3J9q34TtlXYM8vAU.address.city","person_1TfmJP0Q3J9q34TtlXYM8vAU.address.line1","person_1TfmJP0Q3J9q34TtlXYM8vAU.address.postal_code","person_1TfmJP0Q3J9q34TtlXYM8vAU.dob.day","person_1TfmJP0Q3J9q34TtlXYM8vAU.dob.month","person_1TfmJP0Q3J9q34TtlXYM8vAU.dob.year","person_1TfmJP0Q3J9q34TtlXYM8vAU.email","person_1TfmJP0Q3J9q34TtlXYM8vAU.relationship.title"],"disabled_reason":null,"errors":[],"eventually_due":["person_1SCzs00Q3J9q34Tttpbwc6w7.address.city","person_1SCzs00Q3J9q34Tttpbwc6w7.address.line1","person_1SCzs00Q3J9q34Tttpbwc6w7.address.postal_code","person_1SCzsm0Q3J9q34TtYOgUejPq.address.city","person_1SCzsm0Q3J9q34TtYOgUejPq.address.line1","person_1SCzsm0Q3J9q34TtYOgUejPq.address.postal_code","person_1TfmJP0Q3J9q34TtOHuQOe5r.address.city","person_1TfmJP0Q3J9q34TtOHuQOe5r.address.line1","person_1TfmJP0Q3J9q34TtOHuQOe5r.address.postal_code","person_1TfmJP0Q3J9q34TtOHuQOe5r.dob.day","person_1TfmJP0Q3J9q34TtOHuQOe5r.dob.month","person_1TfmJP0Q3J9q34TtOHuQOe5r.dob.year","person_1TfmJP0Q3J9q34TtOHuQOe5r.email","person_1TfmJP0Q3J9q34TtOHuQOe5r.relationship.title","person_1TfmJP0Q3J9q34TtlXYM8vAU.address.city","person_1TfmJP0Q3J9q34TtlXYM8vAU.address.line1","person_1TfmJP0Q3J9q34TtlXYM8vAU.address.postal_code","person_1TfmJP0Q3J9q34TtlXYM8vAU.dob.day","person_1TfmJP0Q3J9q34TtlXYM8vAU.dob.month","person_1TfmJP0Q3J9q34TtlXYM8vAU.dob.year","person_1TfmJP0Q3J9q34TtlXYM8vAU.email","person_1TfmJP0Q3J9q34TtlXYM8vAU.relationship.title"],"past_due":[],"pending_verification":[]},"settings":{"bacs_debit_payments":{"display_name":"Stripe","service_user_number":"449900"},"branding":{"icon":null,"logo":null,"primary_color":null,"secondary_color":null},"card_issuing":{"tos_acceptance":{"date":null,"ip":null}},"card_payments":{"statement_descriptor_prefix":null,"statement_descriptor_prefix_kana":null,"statement_descriptor_prefix_kanji":null},"dashboard":{"display_name":"WRBLO","timezone":"Europe/London"},"invoices":{"default_account_tax_ids":null,"hosted_payment_method_save":"offer"},"payments":{"statement_descriptor":"WRBLO","statement_descriptor_kana":null,"statement_descriptor_kanji":null},"payouts":{"debit_negative_balances":true,"schedule":{"delay_days":3,"interval":"weekly","weekly_anchor":"monday","weekly_payout_days":["monday"]},"statement_descriptor":null},"paypay_payments":{},"sepa_debit_payments":{}},"type":"standard"}}
2026-06-12T09:04:42+00:00 DEBUG 
====Stripe Version: 9.9.2====
====Stripe Plugin API Version: 2024-06-20====
====Start Log====
Stripe Express Checkout does not support free products.
====End Log====

2026-06-12T09:04:42+00:00 DEBUG 
====Stripe Version: 9.9.2====
====Stripe Plugin API Version: 2024-06-20====
====Start Log====
Stripe Express Checkout does not support free products.
====End Log====

2026-06-12T09:04:44+00:00 DEBUG 
====Stripe Version: 9.9.2====
====Stripe Plugin API Version: 2024-06-20====
====Start Log====
Stripe Express Checkout does not support free products.
====End Log====

2026-06-12T09:04:44+00:00 DEBUG 
====Stripe Version: 9.9.2====
====Stripe Plugin API Version: 2024-06-20====
====Start Log====
Stripe Express Checkout does not support free products.
====End Log====

2026-06-12T10:14:48+00:00 DEBUG 
====Stripe Version: 9.9.2====
====Stripe Plugin API Version: 2024-06-20====
====Start Log====
Stripe Express Checkout does not support free products.
====End Log====

2026-06-12T10:14:48+00:00 DEBUG 
====Stripe Version: 9.9.2====
====Stripe Plugin API Version: 2024-06-20====
====Start Log====
Stripe Express Checkout does not support free products.
====End Log====

2026-06-12T11:07:58+00:00 DEBUG Stripe API request: GET account CONTEXT: {"stripe_version":"9.9.2","stripe_api_version":"2024-06-20"}
2026-06-12T11:07:59+00:00 DEBUG Stripe API response: GET account CONTEXT: {"stripe_version":"9.9.2","stripe_api_version":"2024-06-20","response":{"id":"acct_1SCzgW0Q3J9q34Tt","object":"account","business_profile":{"annual_revenue":null,"estimated_worker_count":null,"mcc":"8398","minority_owned_business_designation":null,"name":"WRBLO","support_address":null,"support_email":null,"support_phone":"+443333397980","support_url":null,"url":"https://wrblo.org"},"business_type":"non_profit","capabilities":{"afterpay_clearpay_payments":"inactive","amazon_pay_payments":"active","bancontact_payments":"active","card_payments":"active","cartes_bancaires_payments":"pending","eps_payments":"active","kakao_pay_payments":"active","klarna_payments":"inactive","link_payments":"active","naver_pay_payments":"active","payco_payments":"active","revolut_pay_payments":"active","samsung_pay_payments":"active","transfers":"active"},"charges_enabled":true,"company":{"name":"WRBLO Community Interest Company","structure":"incorporated_non_profit"},"controller":{"type":"account"},"country":"GB","default_currency":"gbp","details_submitted":true,"email":"financeteam@wrblo.org","future_requirements":{"alternatives":[],"current_deadline":null,"currently_due":[],"disabled_reason":null,"errors":[],"eventually_due":[],"past_due":[],"pending_verification":[]},"metadata":{},"payouts_enabled":true,"requirements":{"alternatives":[],"current_deadline":1785301910,"currently_due":["person_1SCzs00Q3J9q34Tttpbwc6w7.address.city","person_1SCzs00Q3J9q34Tttpbwc6w7.address.line1","person_1SCzs00Q3J9q34Tttpbwc6w7.address.postal_code","person_1SCzsm0Q3J9q34TtYOgUejPq.address.city","person_1SCzsm0Q3J9q34TtYOgUejPq.address.line1","person_1SCzsm0Q3J9q34TtYOgUejPq.address.postal_code","person_1TfmJP0Q3J9q34TtOHuQOe5r.address.city","person_1TfmJP0Q3J9q34TtOHuQOe5r.address.line1","person_1TfmJP0Q3J9q34TtOHuQOe5r.address.postal_code","person_1TfmJP0Q3J9q34TtOHuQOe5r.dob.day","person_1TfmJP0Q3J9q34TtOHuQOe5r.dob.month","person_1TfmJP0Q3J9q34TtOHuQOe5r.dob.year","person_1TfmJP0Q3J9q34TtOHuQOe5r.email","person_1TfmJP0Q3J9q34TtOHuQOe5r.relationship.title","person_1TfmJP0Q3J9q34TtlXYM8vAU.address.city","person_1TfmJP0Q3J9q34TtlXYM8vAU.address.line1","person_1TfmJP0Q3J9q34TtlXYM8vAU.address.postal_code","person_1TfmJP0Q3J9q34TtlXYM8vAU.dob.day","person_1TfmJP0Q3J9q34TtlXYM8vAU.dob.month","person_1TfmJP0Q3J9q34TtlXYM8vAU.dob.year","person_1TfmJP0Q3J9q34TtlXYM8vAU.email","person_1TfmJP0Q3J9q34TtlXYM8vAU.relationship.title"],"disabled_reason":null,"errors":[],"eventually_due":["person_1SCzs00Q3J9q34Tttpbwc6w7.address.city","person_1SCzs00Q3J9q34Tttpbwc6w7.address.line1","person_1SCzs00Q3J9q34Tttpbwc6w7.address.postal_code","person_1SCzsm0Q3J9q34TtYOgUejPq.address.city","person_1SCzsm0Q3J9q34TtYOgUejPq.address.line1","person_1SCzsm0Q3J9q34TtYOgUejPq.address.postal_code","person_1TfmJP0Q3J9q34TtOHuQOe5r.address.city","person_1TfmJP0Q3J9q34TtOHuQOe5r.address.line1","person_1TfmJP0Q3J9q34TtOHuQOe5r.address.postal_code","person_1TfmJP0Q3J9q34TtOHuQOe5r.dob.day","person_1TfmJP0Q3J9q34TtOHuQOe5r.dob.month","person_1TfmJP0Q3J9q34TtOHuQOe5r.dob.year","person_1TfmJP0Q3J9q34TtOHuQOe5r.email","person_1TfmJP0Q3J9q34TtOHuQOe5r.relationship.title","person_1TfmJP0Q3J9q34TtlXYM8vAU.address.city","person_1TfmJP0Q3J9q34TtlXYM8vAU.address.line1","person_1TfmJP0Q3J9q34TtlXYM8vAU.address.postal_code","person_1TfmJP0Q3J9q34TtlXYM8vAU.dob.day","person_1TfmJP0Q3J9q34TtlXYM8vAU.dob.month","person_1TfmJP0Q3J9q34TtlXYM8vAU.dob.year","person_1TfmJP0Q3J9q34TtlXYM8vAU.email","person_1TfmJP0Q3J9q34TtlXYM8vAU.relationship.title"],"past_due":[],"pending_verification":[]},"settings":{"bacs_debit_payments":{"display_name":"Stripe","service_user_number":"449900"},"branding":{"icon":null,"logo":null,"primary_color":null,"secondary_color":null},"card_issuing":{"tos_acceptance":{"date":null,"ip":null}},"card_payments":{"statement_descriptor_prefix":null,"statement_descriptor_prefix_kana":null,"statement_descriptor_prefix_kanji":null},"dashboard":{"display_name":"WRBLO","timezone":"Europe/London"},"invoices":{"default_account_tax_ids":null,"hosted_payment_method_save":"offer"},"payments":{"statement_descriptor":"WRBLO","statement_descriptor_kana":null,"statement_descriptor_kanji":null},"payouts":{"debit_negative_balances":true,"schedule":{"delay_days":3,"interval":"weekly","weekly_anchor":"monday","weekly_payout_days":["monday"]},"statement_descriptor":null},"paypay_payments":{},"sepa_debit_payments":{}},"type":"standard"}}
2026-06-12T11:07:59+00:00 DEBUG 
====Stripe Version: 9.9.2====
====Stripe Plugin API Version: 2024-06-20====
====Start Log====
Stripe Express Checkout does not support free products.
====End Log====

2026-06-12T11:07:59+00:00 DEBUG 
====Stripe Version: 9.9.2====
====Stripe Plugin API Version: 2024-06-20====
====Start Log====
Stripe Express Checkout does not support free products.
====End Log====

2026-06-12T12:45:37+00:00 DEBUG 
====Stripe Version: 9.9.2====
====Stripe Plugin API Version: 2024-06-20====
====Start Log====
Stripe Express Checkout does not support free products.
====End Log====

2026-06-12T12:45:37+00:00 DEBUG 
====Stripe Version: 9.9.2====
====Stripe Plugin API Version: 2024-06-20====
====Start Log====
Stripe Express Checkout does not support free products.
====End Log====

2026-06-12T13:04:26+00:00 DEBUG 
====Stripe Version: 9.9.2====
====Stripe Plugin API Version: 2024-06-20====
====Start Log====
Stripe Express Checkout does not support free products.
====End Log====

2026-06-12T13:04:26+00:00 DEBUG 
====Stripe Version: 9.9.2====
====Stripe Plugin API Version: 2024-06-20====
====Start Log====
Stripe Express Checkout does not support free products.
====End Log====

2026-06-12T13:54:17+00:00 DEBUG Stripe API request: GET account CONTEXT: {"stripe_version":"9.9.2","stripe_api_version":"2024-06-20"}
2026-06-12T13:54:17+00:00 DEBUG Stripe API response: GET account CONTEXT: {"stripe_version":"9.9.2","stripe_api_version":"2024-06-20","response":{"id":"acct_1SCzgW0Q3J9q34Tt","object":"account","business_profile":{"annual_revenue":null,"estimated_worker_count":null,"mcc":"8398","minority_owned_business_designation":null,"name":"WRBLO","support_address":null,"support_email":null,"support_phone":"+443333397980","support_url":null,"url":"https://wrblo.org"},"business_type":"non_profit","capabilities":{"afterpay_clearpay_payments":"inactive","amazon_pay_payments":"active","bancontact_payments":"active","card_payments":"active","cartes_bancaires_payments":"pending","eps_payments":"active","kakao_pay_payments":"active","klarna_payments":"inactive","link_payments":"active","naver_pay_payments":"active","payco_payments":"active","revolut_pay_payments":"active","samsung_pay_payments":"active","transfers":"active"},"charges_enabled":true,"company":{"name":"WRBLO Community Interest Company","structure":"incorporated_non_profit"},"controller":{"type":"account"},"country":"GB","default_currency":"gbp","details_submitted":true,"email":"financeteam@wrblo.org","future_requirements":{"alternatives":[],"current_deadline":null,"currently_due":[],"disabled_reason":null,"errors":[],"eventually_due":[],"past_due":[],"pending_verification":[]},"metadata":{},"payouts_enabled":true,"requirements":{"alternatives":[],"current_deadline":1785301910,"currently_due":["person_1SCzs00Q3J9q34Tttpbwc6w7.address.city","person_1SCzs00Q3J9q34Tttpbwc6w7.address.line1","person_1SCzs00Q3J9q34Tttpbwc6w7.address.postal_code","person_1SCzsm0Q3J9q34TtYOgUejPq.address.city","person_1SCzsm0Q3J9q34TtYOgUejPq.address.line1","person_1SCzsm0Q3J9q34TtYOgUejPq.address.postal_code","person_1TfmJP0Q3J9q34TtOHuQOe5r.address.city","person_1TfmJP0Q3J9q34TtOHuQOe5r.address.line1","person_1TfmJP0Q3J9q34TtOHuQOe5r.address.postal_code","person_1TfmJP0Q3J9q34TtOHuQOe5r.dob.day","person_1TfmJP0Q3J9q34TtOHuQOe5r.dob.month","person_1TfmJP0Q3J9q34TtOHuQOe5r.dob.year","person_1TfmJP0Q3J9q34TtOHuQOe5r.email","person_1TfmJP0Q3J9q34TtOHuQOe5r.relationship.title","person_1TfmJP0Q3J9q34TtlXYM8vAU.address.city","person_1TfmJP0Q3J9q34TtlXYM8vAU.address.line1","person_1TfmJP0Q3J9q34TtlXYM8vAU.address.postal_code","person_1TfmJP0Q3J9q34TtlXYM8vAU.dob.day","person_1TfmJP0Q3J9q34TtlXYM8vAU.dob.month","person_1TfmJP0Q3J9q34TtlXYM8vAU.dob.year","person_1TfmJP0Q3J9q34TtlXYM8vAU.email","person_1TfmJP0Q3J9q34TtlXYM8vAU.relationship.title"],"disabled_reason":null,"errors":[],"eventually_due":["person_1SCzs00Q3J9q34Tttpbwc6w7.address.city","person_1SCzs00Q3J9q34Tttpbwc6w7.address.line1","person_1SCzs00Q3J9q34Tttpbwc6w7.address.postal_code","person_1SCzsm0Q3J9q34TtYOgUejPq.address.city","person_1SCzsm0Q3J9q34TtYOgUejPq.address.line1","person_1SCzsm0Q3J9q34TtYOgUejPq.address.postal_code","person_1TfmJP0Q3J9q34TtOHuQOe5r.address.city","person_1TfmJP0Q3J9q34TtOHuQOe5r.address.line1","person_1TfmJP0Q3J9q34TtOHuQOe5r.address.postal_code","person_1TfmJP0Q3J9q34TtOHuQOe5r.dob.day","person_1TfmJP0Q3J9q34TtOHuQOe5r.dob.month","person_1TfmJP0Q3J9q34TtOHuQOe5r.dob.year","person_1TfmJP0Q3J9q34TtOHuQOe5r.email","person_1TfmJP0Q3J9q34TtOHuQOe5r.relationship.title","person_1TfmJP0Q3J9q34TtlXYM8vAU.address.city","person_1TfmJP0Q3J9q34TtlXYM8vAU.address.line1","person_1TfmJP0Q3J9q34TtlXYM8vAU.address.postal_code","person_1TfmJP0Q3J9q34TtlXYM8vAU.dob.day","person_1TfmJP0Q3J9q34TtlXYM8vAU.dob.month","person_1TfmJP0Q3J9q34TtlXYM8vAU.dob.year","person_1TfmJP0Q3J9q34TtlXYM8vAU.email","person_1TfmJP0Q3J9q34TtlXYM8vAU.relationship.title"],"past_due":[],"pending_verification":[]},"settings":{"bacs_debit_payments":{"display_name":"Stripe","service_user_number":"449900"},"branding":{"icon":null,"logo":null,"primary_color":null,"secondary_color":null},"card_issuing":{"tos_acceptance":{"date":null,"ip":null}},"card_payments":{"statement_descriptor_prefix":null,"statement_descriptor_prefix_kana":null,"statement_descriptor_prefix_kanji":null},"dashboard":{"display_name":"WRBLO","timezone":"Europe/London"},"invoices":{"default_account_tax_ids":null,"hosted_payment_method_save":"offer"},"payments":{"statement_descriptor":"WRBLO","statement_descriptor_kana":null,"statement_descriptor_kanji":null},"payouts":{"debit_negative_balances":true,"schedule":{"delay_days":3,"interval":"weekly","weekly_anchor":"monday","weekly_payout_days":["monday"]},"statement_descriptor":null},"paypay_payments":{},"sepa_debit_payments":{}},"type":"standard"}}
2026-06-12T14:10:12+00:00 DEBUG 
====Stripe Version: 9.9.2====
====Stripe Plugin API Version: 2024-06-20====
====Start Log====
Stripe Express Checkout does not support free products.
====End Log====

2026-06-12T14:10:12+00:00 DEBUG 
====Stripe Version: 9.9.2====
====Stripe Plugin API Version: 2024-06-20====
====Start Log====
Stripe Express Checkout does not support free products.
====End Log====

2026-06-12T16:13:56+00:00 DEBUG Stripe API request: GET account CONTEXT: {"stripe_version":"9.9.2","stripe_api_version":"2024-06-20"}
2026-06-12T16:13:57+00:00 DEBUG Stripe API response: GET account CONTEXT: {"stripe_version":"9.9.2","stripe_api_version":"2024-06-20","response":{"id":"acct_1SCzgW0Q3J9q34Tt","object":"account","business_profile":{"annual_revenue":null,"estimated_worker_count":null,"mcc":"8398","minority_owned_business_designation":null,"name":"WRBLO","support_address":null,"support_email":null,"support_phone":"+443333397980","support_url":null,"url":"https://wrblo.org"},"business_type":"non_profit","capabilities":{"afterpay_clearpay_payments":"inactive","amazon_pay_payments":"active","bancontact_payments":"active","card_payments":"active","cartes_bancaires_payments":"pending","eps_payments":"active","kakao_pay_payments":"active","klarna_payments":"inactive","link_payments":"active","naver_pay_payments":"active","payco_payments":"active","revolut_pay_payments":"active","samsung_pay_payments":"active","transfers":"active"},"charges_enabled":true,"company":{"name":"WRBLO Community Interest Company","structure":"incorporated_non_profit"},"controller":{"type":"account"},"country":"GB","default_currency":"gbp","details_submitted":true,"email":"financeteam@wrblo.org","future_requirements":{"alternatives":[],"current_deadline":null,"currently_due":[],"disabled_reason":null,"errors":[],"eventually_due":[],"past_due":[],"pending_verification":[]},"metadata":{},"payouts_enabled":true,"requirements":{"alternatives":[],"current_deadline":1785301910,"currently_due":["person_1SCzs00Q3J9q34Tttpbwc6w7.address.city","person_1SCzs00Q3J9q34Tttpbwc6w7.address.line1","person_1SCzs00Q3J9q34Tttpbwc6w7.address.postal_code","person_1SCzsm0Q3J9q34TtYOgUejPq.address.city","person_1SCzsm0Q3J9q34TtYOgUejPq.address.line1","person_1SCzsm0Q3J9q34TtYOgUejPq.address.postal_code","person_1TfmJP0Q3J9q34TtOHuQOe5r.address.city","person_1TfmJP0Q3J9q34TtOHuQOe5r.address.line1","person_1TfmJP0Q3J9q34TtOHuQOe5r.address.postal_code","person_1TfmJP0Q3J9q34TtOHuQOe5r.dob.day","person_1TfmJP0Q3J9q34TtOHuQOe5r.dob.month","person_1TfmJP0Q3J9q34TtOHuQOe5r.dob.year","person_1TfmJP0Q3J9q34TtOHuQOe5r.email","person_1TfmJP0Q3J9q34TtOHuQOe5r.relationship.title","person_1TfmJP0Q3J9q34TtlXYM8vAU.address.city","person_1TfmJP0Q3J9q34TtlXYM8vAU.address.line1","person_1TfmJP0Q3J9q34TtlXYM8vAU.address.postal_code","person_1TfmJP0Q3J9q34TtlXYM8vAU.dob.day","person_1TfmJP0Q3J9q34TtlXYM8vAU.dob.month","person_1TfmJP0Q3J9q34TtlXYM8vAU.dob.year","person_1TfmJP0Q3J9q34TtlXYM8vAU.email","person_1TfmJP0Q3J9q34TtlXYM8vAU.relationship.title"],"disabled_reason":null,"errors":[],"eventually_due":["person_1SCzs00Q3J9q34Tttpbwc6w7.address.city","person_1SCzs00Q3J9q34Tttpbwc6w7.address.line1","person_1SCzs00Q3J9q34Tttpbwc6w7.address.postal_code","person_1SCzsm0Q3J9q34TtYOgUejPq.address.city","person_1SCzsm0Q3J9q34TtYOgUejPq.address.line1","person_1SCzsm0Q3J9q34TtYOgUejPq.address.postal_code","person_1TfmJP0Q3J9q34TtOHuQOe5r.address.city","person_1TfmJP0Q3J9q34TtOHuQOe5r.address.line1","person_1TfmJP0Q3J9q34TtOHuQOe5r.address.postal_code","person_1TfmJP0Q3J9q34TtOHuQOe5r.dob.day","person_1TfmJP0Q3J9q34TtOHuQOe5r.dob.month","person_1TfmJP0Q3J9q34TtOHuQOe5r.dob.year","person_1TfmJP0Q3J9q34TtOHuQOe5r.email","person_1TfmJP0Q3J9q34TtOHuQOe5r.relationship.title","person_1TfmJP0Q3J9q34TtlXYM8vAU.address.city","person_1TfmJP0Q3J9q34TtlXYM8vAU.address.line1","person_1TfmJP0Q3J9q34TtlXYM8vAU.address.postal_code","person_1TfmJP0Q3J9q34TtlXYM8vAU.dob.day","person_1TfmJP0Q3J9q34TtlXYM8vAU.dob.month","person_1TfmJP0Q3J9q34TtlXYM8vAU.dob.year","person_1TfmJP0Q3J9q34TtlXYM8vAU.email","person_1TfmJP0Q3J9q34TtlXYM8vAU.relationship.title"],"past_due":[],"pending_verification":[]},"settings":{"bacs_debit_payments":{"display_name":"Stripe","service_user_number":"449900"},"branding":{"icon":null,"logo":null,"primary_color":null,"secondary_color":null},"card_issuing":{"tos_acceptance":{"date":null,"ip":null}},"card_payments":{"statement_descriptor_prefix":null,"statement_descriptor_prefix_kana":null,"statement_descriptor_prefix_kanji":null},"dashboard":{"display_name":"WRBLO","timezone":"Europe/London"},"invoices":{"default_account_tax_ids":null,"hosted_payment_method_save":"offer"},"payments":{"statement_descriptor":"WRBLO","statement_descriptor_kana":null,"statement_descriptor_kanji":null},"payouts":{"debit_negative_balances":true,"schedule":{"delay_days":3,"interval":"weekly","weekly_anchor":"monday","weekly_payout_days":["monday"]},"statement_descriptor":null},"paypay_payments":{},"sepa_debit_payments":{}},"type":"standard"}}
2026-06-12T16:56:31+00:00 DEBUG 
====Stripe Version: 9.9.2====
====Stripe Plugin API Version: 2024-06-20====
====Start Log====
Stripe Express Checkout does not support free products.
====End Log====

2026-06-12T16:56:31+00:00 DEBUG 
====Stripe Version: 9.9.2====
====Stripe Plugin API Version: 2024-06-20====
====Start Log====
Stripe Express Checkout does not support free products.
====End Log====

2026-06-12T16:56:38+00:00 DEBUG 
====Stripe Version: 9.9.2====
====Stripe Plugin API Version: 2024-06-20====
====Start Log====
Stripe Express Checkout does not support free products.
====End Log====

2026-06-12T16:56:38+00:00 DEBUG 
====Stripe Version: 9.9.2====
====Stripe Plugin API Version: 2024-06-20====
====Start Log====
Stripe Express Checkout does not support free products.
====End Log====

2026-06-12T16:56:44+00:00 DEBUG 
====Stripe Version: 9.9.2====
====Stripe Plugin API Version: 2024-06-20====
====Start Log====
Stripe Express Checkout does not support free products.
====End Log====

2026-06-12T16:56:44+00:00 DEBUG 
====Stripe Version: 9.9.2====
====Stripe Plugin API Version: 2024-06-20====
====Start Log====
Stripe Express Checkout does not support free products.
====End Log====

2026-06-12T16:56:44+00:00 DEBUG 
====Stripe Version: 9.9.2====
====Stripe Plugin API Version: 2024-06-20====
====Start Log====
Stripe Express Checkout does not support free products.
====End Log====

2026-06-12T16:56:45+00:00 DEBUG 
====Stripe Version: 9.9.2====
====Stripe Plugin API Version: 2024-06-20====
====Start Log====
Stripe Express Checkout does not support free products.
====End Log====

2026-06-12T16:56:49+00:00 DEBUG 
====Stripe Version: 9.9.2====
====Stripe Plugin API Version: 2024-06-20====
====Start Log====
Stripe Express Checkout does not support free products.
====End Log====

2026-06-12T16:56:49+00:00 DEBUG 
====Stripe Version: 9.9.2====
====Stripe Plugin API Version: 2024-06-20====
====Start Log====
Stripe Express Checkout does not support free products.
====End Log====

2026-06-12T16:56:56+00:00 DEBUG 
====Stripe Version: 9.9.2====
====Stripe Plugin API Version: 2024-06-20====
====Start Log====
Stripe Express Checkout does not support free products.
====End Log====

2026-06-12T16:56:56+00:00 DEBUG 
====Stripe Version: 9.9.2====
====Stripe Plugin API Version: 2024-06-20====
====Start Log====
Stripe Express Checkout does not support free products.
====End Log====

2026-06-12T16:56:57+00:00 DEBUG 
====Stripe Version: 9.9.2====
====Stripe Plugin API Version: 2024-06-20====
====Start Log====
Stripe Express Checkout does not support free products.
====End Log====

2026-06-12T16:56:57+00:00 DEBUG 
====Stripe Version: 9.9.2====
====Stripe Plugin API Version: 2024-06-20====
====Start Log====
Stripe Express Checkout does not support free products.
====End Log====

2026-06-12T16:57:04+00:00 DEBUG 
====Stripe Version: 9.9.2====
====Stripe Plugin API Version: 2024-06-20====
====Start Log====
Stripe Express Checkout does not support free products.
====End Log====

2026-06-12T16:57:04+00:00 DEBUG 
====Stripe Version: 9.9.2====
====Stripe Plugin API Version: 2024-06-20====
====Start Log====
Stripe Express Checkout does not support free products.
====End Log====

2026-06-12T16:57:13+00:00 DEBUG 
====Stripe Version: 9.9.2====
====Stripe Plugin API Version: 2024-06-20====
====Start Log====
Stripe Express Checkout does not support free products.
====End Log====

2026-06-12T16:57:13+00:00 DEBUG 
====Stripe Version: 9.9.2====
====Stripe Plugin API Version: 2024-06-20====
====Start Log====
Stripe Express Checkout does not support free products.
====End Log====

2026-06-12T16:57:23+00:00 DEBUG 
====Stripe Version: 9.9.2====
====Stripe Plugin API Version: 2024-06-20====
====Start Log====
Stripe Express Checkout does not support free products.
====End Log====

2026-06-12T16:57:23+00:00 DEBUG 
====Stripe Version: 9.9.2====
====Stripe Plugin API Version: 2024-06-20====
====Start Log====
Stripe Express Checkout does not support free products.
====End Log====

2026-06-12T16:57:25+00:00 DEBUG 
====Stripe Version: 9.9.2====
====Stripe Plugin API Version: 2024-06-20====
====Start Log====
Stripe Express Checkout does not support free products.
====End Log====

2026-06-12T16:57:25+00:00 DEBUG 
====Stripe Version: 9.9.2====
====Stripe Plugin API Version: 2024-06-20====
====Start Log====
Stripe Express Checkout does not support free products.
====End Log====

2026-06-12T16:57:27+00:00 DEBUG 
====Stripe Version: 9.9.2====
====Stripe Plugin API Version: 2024-06-20====
====Start Log====
Stripe Express Checkout does not support free products.
====End Log====

2026-06-12T16:57:27+00:00 DEBUG 
====Stripe Version: 9.9.2====
====Stripe Plugin API Version: 2024-06-20====
====Start Log====
Stripe Express Checkout does not support free products.
====End Log====

2026-06-12T17:52:01+00:00 DEBUG 
====Stripe Version: 9.9.2====
====Stripe Plugin API Version: 2024-06-20====
====Start Log====
Stripe Express Checkout does not support free products.
====End Log====

2026-06-12T17:52:01+00:00 DEBUG 
====Stripe Version: 9.9.2====
====Stripe Plugin API Version: 2024-06-20====
====Start Log====
Stripe Express Checkout does not support free products.
====End Log====

2026-06-12T18:52:32+00:00 DEBUG Stripe API request: GET account CONTEXT: {"stripe_version":"9.9.2","stripe_api_version":"2024-06-20"}
2026-06-12T18:52:33+00:00 DEBUG Stripe API response: GET account CONTEXT: {"stripe_version":"9.9.2","stripe_api_version":"2024-06-20","response":{"id":"acct_1SCzgW0Q3J9q34Tt","object":"account","business_profile":{"annual_revenue":null,"estimated_worker_count":null,"mcc":"8398","minority_owned_business_designation":null,"name":"WRBLO","support_address":null,"support_email":null,"support_phone":"+443333397980","support_url":null,"url":"https://wrblo.org"},"business_type":"non_profit","capabilities":{"afterpay_clearpay_payments":"inactive","amazon_pay_payments":"active","bancontact_payments":"active","card_payments":"active","cartes_bancaires_payments":"pending","eps_payments":"active","kakao_pay_payments":"active","klarna_payments":"inactive","link_payments":"active","naver_pay_payments":"active","payco_payments":"active","revolut_pay_payments":"active","samsung_pay_payments":"active","transfers":"active"},"charges_enabled":true,"company":{"name":"WRBLO Community Interest Company","structure":"incorporated_non_profit"},"controller":{"type":"account"},"country":"GB","default_currency":"gbp","details_submitted":true,"email":"financeteam@wrblo.org","future_requirements":{"alternatives":[],"current_deadline":null,"currently_due":[],"disabled_reason":null,"errors":[],"eventually_due":[],"past_due":[],"pending_verification":[]},"metadata":{},"payouts_enabled":true,"requirements":{"alternatives":[],"current_deadline":1785301910,"currently_due":["person_1SCzs00Q3J9q34Tttpbwc6w7.address.city","person_1SCzs00Q3J9q34Tttpbwc6w7.address.line1","person_1SCzs00Q3J9q34Tttpbwc6w7.address.postal_code","person_1SCzsm0Q3J9q34TtYOgUejPq.address.city","person_1SCzsm0Q3J9q34TtYOgUejPq.address.line1","person_1SCzsm0Q3J9q34TtYOgUejPq.address.postal_code","person_1TfmJP0Q3J9q34TtOHuQOe5r.address.city","person_1TfmJP0Q3J9q34TtOHuQOe5r.address.line1","person_1TfmJP0Q3J9q34TtOHuQOe5r.address.postal_code","person_1TfmJP0Q3J9q34TtOHuQOe5r.dob.day","person_1TfmJP0Q3J9q34TtOHuQOe5r.dob.month","person_1TfmJP0Q3J9q34TtOHuQOe5r.dob.year","person_1TfmJP0Q3J9q34TtOHuQOe5r.email","person_1TfmJP0Q3J9q34TtOHuQOe5r.relationship.title","person_1TfmJP0Q3J9q34TtlXYM8vAU.address.city","person_1TfmJP0Q3J9q34TtlXYM8vAU.address.line1","person_1TfmJP0Q3J9q34TtlXYM8vAU.address.postal_code","person_1TfmJP0Q3J9q34TtlXYM8vAU.dob.day","person_1TfmJP0Q3J9q34TtlXYM8vAU.dob.month","person_1TfmJP0Q3J9q34TtlXYM8vAU.dob.year","person_1TfmJP0Q3J9q34TtlXYM8vAU.email","person_1TfmJP0Q3J9q34TtlXYM8vAU.relationship.title"],"disabled_reason":null,"errors":[],"eventually_due":["person_1SCzs00Q3J9q34Tttpbwc6w7.address.city","person_1SCzs00Q3J9q34Tttpbwc6w7.address.line1","person_1SCzs00Q3J9q34Tttpbwc6w7.address.postal_code","person_1SCzsm0Q3J9q34TtYOgUejPq.address.city","person_1SCzsm0Q3J9q34TtYOgUejPq.address.line1","person_1SCzsm0Q3J9q34TtYOgUejPq.address.postal_code","person_1TfmJP0Q3J9q34TtOHuQOe5r.address.city","person_1TfmJP0Q3J9q34TtOHuQOe5r.address.line1","person_1TfmJP0Q3J9q34TtOHuQOe5r.address.postal_code","person_1TfmJP0Q3J9q34TtOHuQOe5r.dob.day","person_1TfmJP0Q3J9q34TtOHuQOe5r.dob.month","person_1TfmJP0Q3J9q34TtOHuQOe5r.dob.year","person_1TfmJP0Q3J9q34TtOHuQOe5r.email","person_1TfmJP0Q3J9q34TtOHuQOe5r.relationship.title","person_1TfmJP0Q3J9q34TtlXYM8vAU.address.city","person_1TfmJP0Q3J9q34TtlXYM8vAU.address.line1","person_1TfmJP0Q3J9q34TtlXYM8vAU.address.postal_code","person_1TfmJP0Q3J9q34TtlXYM8vAU.dob.day","person_1TfmJP0Q3J9q34TtlXYM8vAU.dob.month","person_1TfmJP0Q3J9q34TtlXYM8vAU.dob.year","person_1TfmJP0Q3J9q34TtlXYM8vAU.email","person_1TfmJP0Q3J9q34TtlXYM8vAU.relationship.title"],"past_due":[],"pending_verification":[]},"settings":{"bacs_debit_payments":{"display_name":"Stripe","service_user_number":"449900"},"branding":{"icon":null,"logo":null,"primary_color":null,"secondary_color":null},"card_issuing":{"tos_acceptance":{"date":null,"ip":null}},"card_payments":{"statement_descriptor_prefix":null,"statement_descriptor_prefix_kana":null,"statement_descriptor_prefix_kanji":null},"dashboard":{"display_name":"WRBLO","timezone":"Europe/London"},"invoices":{"default_account_tax_ids":null,"hosted_payment_method_save":"offer"},"payments":{"statement_descriptor":"WRBLO","statement_descriptor_kana":null,"statement_descriptor_kanji":null},"payouts":{"debit_negative_balances":true,"schedule":{"delay_days":3,"interval":"weekly","weekly_anchor":"monday","weekly_payout_days":["monday"]},"statement_descriptor":null},"paypay_payments":{},"sepa_debit_payments":{}},"type":"standard"}}
2026-06-12T19:23:11+00:00 DEBUG 
====Stripe Version: 9.9.2====
====Stripe Plugin API Version: 2024-06-20====
====Start Log====
Stripe Express Checkout does not support free products.
====End Log====

2026-06-12T19:23:11+00:00 DEBUG 
====Stripe Version: 9.9.2====
====Stripe Plugin API Version: 2024-06-20====
====Start Log====
Stripe Express Checkout does not support free products.
====End Log====

2026-06-12T21:24:29+00:00 INFO Starting asynchronous cache cleanup [run_id: 286816] CONTEXT: {"stripe_version":"9.9.2","stripe_api_version":"2024-06-20","max_rows":500,"job_data":{"run_id":286816,"processed":0,"deleted":0,"job_runs":1,"last_key":null}}
2026-06-12T21:24:29+00:00 INFO Asynchronous cache cleanup complete: 1 entries processed, 1 stale entries deleted [run_id: 286816] CONTEXT: {"stripe_version":"9.9.2","stripe_api_version":"2024-06-20","max_rows":500,"job_data":{"run_id":286816,"processed":1,"deleted":1,"job_runs":1,"last_key":"wcstripe_cache_live_account_data"}}
2026-06-12T21:38:29+00:00 DEBUG Stripe API request: GET account CONTEXT: {"stripe_version":"9.9.2","stripe_api_version":"2024-06-20"}
2026-06-12T21:38:29+00:00 DEBUG Stripe API response: GET account CONTEXT: {"stripe_version":"9.9.2","stripe_api_version":"2024-06-20","response":{"id":"acct_1SCzgW0Q3J9q34Tt","object":"account","business_profile":{"annual_revenue":null,"estimated_worker_count":null,"mcc":"8398","minority_owned_business_designation":null,"name":"WRBLO","support_address":null,"support_email":null,"support_phone":"+443333397980","support_url":null,"url":"https://wrblo.org"},"business_type":"non_profit","capabilities":{"afterpay_clearpay_payments":"inactive","amazon_pay_payments":"active","bancontact_payments":"active","card_payments":"active","cartes_bancaires_payments":"pending","eps_payments":"active","kakao_pay_payments":"active","klarna_payments":"inactive","link_payments":"active","naver_pay_payments":"active","payco_payments":"active","revolut_pay_payments":"active","samsung_pay_payments":"active","transfers":"active"},"charges_enabled":true,"company":{"name":"WRBLO Community Interest Company","structure":"incorporated_non_profit"},"controller":{"type":"account"},"country":"GB","default_currency":"gbp","details_submitted":true,"email":"financeteam@wrblo.org","future_requirements":{"alternatives":[],"current_deadline":null,"currently_due":[],"disabled_reason":null,"errors":[],"eventually_due":[],"past_due":[],"pending_verification":[]},"metadata":{},"payouts_enabled":true,"requirements":{"alternatives":[],"current_deadline":1785301910,"currently_due":["person_1SCzs00Q3J9q34Tttpbwc6w7.address.city","person_1SCzs00Q3J9q34Tttpbwc6w7.address.line1","person_1SCzs00Q3J9q34Tttpbwc6w7.address.postal_code","person_1SCzsm0Q3J9q34TtYOgUejPq.address.city","person_1SCzsm0Q3J9q34TtYOgUejPq.address.line1","person_1SCzsm0Q3J9q34TtYOgUejPq.address.postal_code","person_1TfmJP0Q3J9q34TtOHuQOe5r.address.city","person_1TfmJP0Q3J9q34TtOHuQOe5r.address.line1","person_1TfmJP0Q3J9q34TtOHuQOe5r.address.postal_code","person_1TfmJP0Q3J9q34TtOHuQOe5r.dob.day","person_1TfmJP0Q3J9q34TtOHuQOe5r.dob.month","person_1TfmJP0Q3J9q34TtOHuQOe5r.dob.year","person_1TfmJP0Q3J9q34TtOHuQOe5r.email","person_1TfmJP0Q3J9q34TtOHuQOe5r.relationship.title","person_1TfmJP0Q3J9q34TtlXYM8vAU.address.city","person_1TfmJP0Q3J9q34TtlXYM8vAU.address.line1","person_1TfmJP0Q3J9q34TtlXYM8vAU.address.postal_code","person_1TfmJP0Q3J9q34TtlXYM8vAU.dob.day","person_1TfmJP0Q3J9q34TtlXYM8vAU.dob.month","person_1TfmJP0Q3J9q34TtlXYM8vAU.dob.year","person_1TfmJP0Q3J9q34TtlXYM8vAU.email","person_1TfmJP0Q3J9q34TtlXYM8vAU.relationship.title"],"disabled_reason":null,"errors":[],"eventually_due":["person_1SCzs00Q3J9q34Tttpbwc6w7.address.city","person_1SCzs00Q3J9q34Tttpbwc6w7.address.line1","person_1SCzs00Q3J9q34Tttpbwc6w7.address.postal_code","person_1SCzsm0Q3J9q34TtYOgUejPq.address.city","person_1SCzsm0Q3J9q34TtYOgUejPq.address.line1","person_1SCzsm0Q3J9q34TtYOgUejPq.address.postal_code","person_1TfmJP0Q3J9q34TtOHuQOe5r.address.city","person_1TfmJP0Q3J9q34TtOHuQOe5r.address.line1","person_1TfmJP0Q3J9q34TtOHuQOe5r.address.postal_code","person_1TfmJP0Q3J9q34TtOHuQOe5r.dob.day","person_1TfmJP0Q3J9q34TtOHuQOe5r.dob.month","person_1TfmJP0Q3J9q34TtOHuQOe5r.dob.year","person_1TfmJP0Q3J9q34TtOHuQOe5r.email","person_1TfmJP0Q3J9q34TtOHuQOe5r.relationship.title","person_1TfmJP0Q3J9q34TtlXYM8vAU.address.city","person_1TfmJP0Q3J9q34TtlXYM8vAU.address.line1","person_1TfmJP0Q3J9q34TtlXYM8vAU.address.postal_code","person_1TfmJP0Q3J9q34TtlXYM8vAU.dob.day","person_1TfmJP0Q3J9q34TtlXYM8vAU.dob.month","person_1TfmJP0Q3J9q34TtlXYM8vAU.dob.year","person_1TfmJP0Q3J9q34TtlXYM8vAU.email","person_1TfmJP0Q3J9q34TtlXYM8vAU.relationship.title"],"past_due":[],"pending_verification":[]},"settings":{"bacs_debit_payments":{"display_name":"Stripe","service_user_number":"449900"},"branding":{"icon":null,"logo":null,"primary_color":null,"secondary_color":null},"card_issuing":{"tos_acceptance":{"date":null,"ip":null}},"card_payments":{"statement_descriptor_prefix":null,"statement_descriptor_prefix_kana":null,"statement_descriptor_prefix_kanji":null},"dashboard":{"display_name":"WRBLO","timezone":"Europe/London"},"invoices":{"default_account_tax_ids":null,"hosted_payment_method_save":"offer"},"payments":{"statement_descriptor":"WRBLO","statement_descriptor_kana":null,"statement_descriptor_kanji":null},"payouts":{"debit_negative_balances":true,"schedule":{"delay_days":3,"interval":"weekly","weekly_anchor":"monday","weekly_payout_days":["monday"]},"statement_descriptor":null},"paypay_payments":{},"sepa_debit_payments":{}},"type":"standard"}}
2026-06-12T21:38:29+00:00 DEBUG 
====Stripe Version: 9.9.2====
====Stripe Plugin API Version: 2024-06-20====
====Start Log====
Stripe Express Checkout does not support free products.
====End Log====

2026-06-12T21:38:29+00:00 DEBUG 
====Stripe Version: 9.9.2====
====Stripe Plugin API Version: 2024-06-20====
====Start Log====
Stripe Express Checkout does not support free products.
====End Log====

2026-06-12T22:22:17+00:00 DEBUG 
====Stripe Version: 9.9.2====
====Stripe Plugin API Version: 2024-06-20====
====Start Log====
Stripe Express Checkout does not support free products.
====End Log====

2026-06-12T22:22:17+00:00 DEBUG 
====Stripe Version: 9.9.2====
====Stripe Plugin API Version: 2024-06-20====
====Start Log====
Stripe Express Checkout does not support free products.
====End Log====

2026-06-12T22:42:59+00:00 DEBUG 
====Stripe Version: 9.9.2====
====Stripe Plugin API Version: 2024-06-20====
====Start Log====
Stripe Express Checkout does not support free products.
====End Log====

2026-06-12T22:42:59+00:00 DEBUG 
====Stripe Version: 9.9.2====
====Stripe Plugin API Version: 2024-06-20====
====Start Log====
Stripe Express Checkout does not support free products.
====End Log====

2026-06-12T22:53:33+00:00 DEBUG 
====Stripe Version: 9.9.2====
====Stripe Plugin API Version: 2024-06-20====
====Start Log====
Stripe Express Checkout does not support free products.
====End Log====

2026-06-12T22:53:33+00:00 DEBUG 
====Stripe Version: 9.9.2====
====Stripe Plugin API Version: 2024-06-20====
====Start Log====
Stripe Express Checkout does not support free products.
====End Log====

2026-06-12T22:55:44+00:00 DEBUG 
====Stripe Version: 9.9.2====
====Stripe Plugin API Version: 2024-06-20====
====Start Log====
Stripe Express Checkout does not support free products.
====End Log====

2026-06-12T22:55:45+00:00 DEBUG 
====Stripe Version: 9.9.2====
====Stripe Plugin API Version: 2024-06-20====
====Start Log====
Stripe Express Checkout does not support free products.
====End Log====

2026-06-12T23:06:18+00:00 DEBUG 
====Stripe Version: 9.9.2====
====Stripe Plugin API Version: 2024-06-20====
====Start Log====
Stripe Express Checkout does not support free products.
====End Log====

2026-06-12T23:06:18+00:00 DEBUG 
====Stripe Version: 9.9.2====
====Stripe Plugin API Version: 2024-06-20====
====Start Log====
Stripe Express Checkout does not support free products.
====End Log====

2026-06-12T23:14:59+00:00 DEBUG 
====Stripe Version: 9.9.2====
====Stripe Plugin API Version: 2024-06-20====
====Start Log====
Stripe Express Checkout does not support free products.
====End Log====

2026-06-12T23:14:59+00:00 DEBUG 
====Stripe Version: 9.9.2====
====Stripe Plugin API Version: 2024-06-20====
====Start Log====
Stripe Express Checkout does not support free products.
====End Log====

2026-06-12T23:22:01+00:00 DEBUG 
====Stripe Version: 9.9.2====
====Stripe Plugin API Version: 2024-06-20====
====Start Log====
Stripe Express Checkout does not support free products.
====End Log====

2026-06-12T23:22:01+00:00 DEBUG 
====Stripe Version: 9.9.2====
====Stripe Plugin API Version: 2024-06-20====
====Start Log====
Stripe Express Checkout does not support free products.
====End Log====

