2026-05-28T01:24:57+00:00 DEBUG Stripe API request: GET account CONTEXT: {"stripe_version":"9.9.2","stripe_api_version":"2024-06-20"}
2026-05-28T01:24:57+00:00 DEBUG Stripe API response: GET account CONTEXT: {"stripe_version":"9.9.2","stripe_api_version":"2024-06-20","response":{"id":"acct_1SCzgW0Q3J9q34Tt","object":"account","business_profile":{"annual_revenue":null,"estimated_worker_count":null,"mcc":"8398","minority_owned_business_designation":null,"name":"WRBLO","support_address":null,"support_email":null,"support_phone":"+443333397980","support_url":null,"url":"https://wrblo.org"},"business_type":"non_profit","capabilities":{"afterpay_clearpay_payments":"inactive","amazon_pay_payments":"active","bancontact_payments":"active","card_payments":"active","cartes_bancaires_payments":"pending","eps_payments":"active","kakao_pay_payments":"active","klarna_payments":"inactive","link_payments":"active","naver_pay_payments":"active","payco_payments":"active","revolut_pay_payments":"active","samsung_pay_payments":"active","transfers":"active"},"charges_enabled":true,"company":{"name":"WRBLO Community Interest Company","structure":"incorporated_non_profit"},"controller":{"type":"account"},"country":"GB","default_currency":"gbp","details_submitted":true,"email":"financeteam@wrblo.org","future_requirements":{"alternatives":[],"current_deadline":null,"currently_due":[],"disabled_reason":null,"errors":[],"eventually_due":[],"past_due":[],"pending_verification":[]},"metadata":{},"payouts_enabled":true,"requirements":{"alternatives":[],"current_deadline":null,"currently_due":[],"disabled_reason":null,"errors":[],"eventually_due":[],"past_due":[],"pending_verification":[]},"settings":{"bacs_debit_payments":{"display_name":"Stripe","service_user_number":"449900"},"branding":{"icon":null,"logo":null,"primary_color":null,"secondary_color":null},"card_issuing":{"tos_acceptance":{"date":null,"ip":null}},"card_payments":{"statement_descriptor_prefix":null,"statement_descriptor_prefix_kana":null,"statement_descriptor_prefix_kanji":null},"dashboard":{"display_name":"WRBLO","timezone":"Europe/London"},"invoices":{"default_account_tax_ids":null,"hosted_payment_method_save":"offer"},"payments":{"statement_descriptor":"WRBLO","statement_descriptor_kana":null,"statement_descriptor_kanji":null},"payouts":{"debit_negative_balances":true,"schedule":{"delay_days":3,"interval":"weekly","weekly_anchor":"monday","weekly_payout_days":["monday"]},"statement_descriptor":null},"paypay_payments":{},"sepa_debit_payments":{}},"type":"standard"}}
2026-05-28T03:20:49+00:00 DEBUG 
====Stripe Version: 9.9.2====
====Stripe Plugin API Version: 2024-06-20====
====Start Log====
Stripe Express Checkout does not support free products.
====End Log====

2026-05-28T03:20:49+00:00 DEBUG 
====Stripe Version: 9.9.2====
====Stripe Plugin API Version: 2024-06-20====
====Start Log====
Stripe Express Checkout does not support free products.
====End Log====

2026-05-28T03:34:23+00:00 DEBUG Stripe API request: GET account CONTEXT: {"stripe_version":"9.9.2","stripe_api_version":"2024-06-20"}
2026-05-28T03:34:24+00:00 DEBUG Stripe API response: GET account CONTEXT: {"stripe_version":"9.9.2","stripe_api_version":"2024-06-20","response":{"id":"acct_1SCzgW0Q3J9q34Tt","object":"account","business_profile":{"annual_revenue":null,"estimated_worker_count":null,"mcc":"8398","minority_owned_business_designation":null,"name":"WRBLO","support_address":null,"support_email":null,"support_phone":"+443333397980","support_url":null,"url":"https://wrblo.org"},"business_type":"non_profit","capabilities":{"afterpay_clearpay_payments":"inactive","amazon_pay_payments":"active","bancontact_payments":"active","card_payments":"active","cartes_bancaires_payments":"pending","eps_payments":"active","kakao_pay_payments":"active","klarna_payments":"inactive","link_payments":"active","naver_pay_payments":"active","payco_payments":"active","revolut_pay_payments":"active","samsung_pay_payments":"active","transfers":"active"},"charges_enabled":true,"company":{"name":"WRBLO Community Interest Company","structure":"incorporated_non_profit"},"controller":{"type":"account"},"country":"GB","default_currency":"gbp","details_submitted":true,"email":"financeteam@wrblo.org","future_requirements":{"alternatives":[],"current_deadline":null,"currently_due":[],"disabled_reason":null,"errors":[],"eventually_due":[],"past_due":[],"pending_verification":[]},"metadata":{},"payouts_enabled":true,"requirements":{"alternatives":[],"current_deadline":null,"currently_due":[],"disabled_reason":null,"errors":[],"eventually_due":[],"past_due":[],"pending_verification":[]},"settings":{"bacs_debit_payments":{"display_name":"Stripe","service_user_number":"449900"},"branding":{"icon":null,"logo":null,"primary_color":null,"secondary_color":null},"card_issuing":{"tos_acceptance":{"date":null,"ip":null}},"card_payments":{"statement_descriptor_prefix":null,"statement_descriptor_prefix_kana":null,"statement_descriptor_prefix_kanji":null},"dashboard":{"display_name":"WRBLO","timezone":"Europe/London"},"invoices":{"default_account_tax_ids":null,"hosted_payment_method_save":"offer"},"payments":{"statement_descriptor":"WRBLO","statement_descriptor_kana":null,"statement_descriptor_kanji":null},"payouts":{"debit_negative_balances":true,"schedule":{"delay_days":3,"interval":"weekly","weekly_anchor":"monday","weekly_payout_days":["monday"]},"statement_descriptor":null},"paypay_payments":{},"sepa_debit_payments":{}},"type":"standard"}}
2026-05-28T07:01:22+00:00 DEBUG Daily asynchronous cache cleanup already scheduled CONTEXT: {"stripe_version":"9.9.2","stripe_api_version":"2024-06-20"}
2026-05-28T07:01:22+00:00 DEBUG Stripe API request: GET account CONTEXT: {"stripe_version":"9.9.2","stripe_api_version":"2024-06-20"}
2026-05-28T07:01:22+00:00 DEBUG Stripe API response: GET account CONTEXT: {"stripe_version":"9.9.2","stripe_api_version":"2024-06-20","response":{"id":"acct_1SCzgW0Q3J9q34Tt","object":"account","business_profile":{"annual_revenue":null,"estimated_worker_count":null,"mcc":"8398","minority_owned_business_designation":null,"name":"WRBLO","support_address":null,"support_email":null,"support_phone":"+443333397980","support_url":null,"url":"https://wrblo.org"},"business_type":"non_profit","capabilities":{"afterpay_clearpay_payments":"inactive","amazon_pay_payments":"active","bancontact_payments":"active","card_payments":"active","cartes_bancaires_payments":"pending","eps_payments":"active","kakao_pay_payments":"active","klarna_payments":"inactive","link_payments":"active","naver_pay_payments":"active","payco_payments":"active","revolut_pay_payments":"active","samsung_pay_payments":"active","transfers":"active"},"charges_enabled":true,"company":{"name":"WRBLO Community Interest Company","structure":"incorporated_non_profit"},"controller":{"type":"account"},"country":"GB","default_currency":"gbp","details_submitted":true,"email":"financeteam@wrblo.org","future_requirements":{"alternatives":[],"current_deadline":null,"currently_due":[],"disabled_reason":null,"errors":[],"eventually_due":[],"past_due":[],"pending_verification":[]},"metadata":{},"payouts_enabled":true,"requirements":{"alternatives":[],"current_deadline":null,"currently_due":[],"disabled_reason":null,"errors":[],"eventually_due":[],"past_due":[],"pending_verification":[]},"settings":{"bacs_debit_payments":{"display_name":"Stripe","service_user_number":"449900"},"branding":{"icon":null,"logo":null,"primary_color":null,"secondary_color":null},"card_issuing":{"tos_acceptance":{"date":null,"ip":null}},"card_payments":{"statement_descriptor_prefix":null,"statement_descriptor_prefix_kana":null,"statement_descriptor_prefix_kanji":null},"dashboard":{"display_name":"WRBLO","timezone":"Europe/London"},"invoices":{"default_account_tax_ids":null,"hosted_payment_method_save":"offer"},"payments":{"statement_descriptor":"WRBLO","statement_descriptor_kana":null,"statement_descriptor_kanji":null},"payouts":{"debit_negative_balances":true,"schedule":{"delay_days":3,"interval":"weekly","weekly_anchor":"monday","weekly_payout_days":["monday"]},"statement_descriptor":null},"paypay_payments":{},"sepa_debit_payments":{}},"type":"standard"}}
2026-05-28T10:16:21+00:00 DEBUG Stripe API request: GET account CONTEXT: {"stripe_version":"9.9.2","stripe_api_version":"2024-06-20"}
2026-05-28T10:16:21+00:00 DEBUG Stripe API response: GET account CONTEXT: {"stripe_version":"9.9.2","stripe_api_version":"2024-06-20","response":{"id":"acct_1SCzgW0Q3J9q34Tt","object":"account","business_profile":{"annual_revenue":null,"estimated_worker_count":null,"mcc":"8398","minority_owned_business_designation":null,"name":"WRBLO","support_address":null,"support_email":null,"support_phone":"+443333397980","support_url":null,"url":"https://wrblo.org"},"business_type":"non_profit","capabilities":{"afterpay_clearpay_payments":"inactive","amazon_pay_payments":"active","bancontact_payments":"active","card_payments":"active","cartes_bancaires_payments":"pending","eps_payments":"active","kakao_pay_payments":"active","klarna_payments":"inactive","link_payments":"active","naver_pay_payments":"active","payco_payments":"active","revolut_pay_payments":"active","samsung_pay_payments":"active","transfers":"active"},"charges_enabled":true,"company":{"name":"WRBLO Community Interest Company","structure":"incorporated_non_profit"},"controller":{"type":"account"},"country":"GB","default_currency":"gbp","details_submitted":true,"email":"financeteam@wrblo.org","future_requirements":{"alternatives":[],"current_deadline":null,"currently_due":[],"disabled_reason":null,"errors":[],"eventually_due":[],"past_due":[],"pending_verification":[]},"metadata":{},"payouts_enabled":true,"requirements":{"alternatives":[],"current_deadline":null,"currently_due":[],"disabled_reason":null,"errors":[],"eventually_due":[],"past_due":[],"pending_verification":[]},"settings":{"bacs_debit_payments":{"display_name":"Stripe","service_user_number":"449900"},"branding":{"icon":null,"logo":null,"primary_color":null,"secondary_color":null},"card_issuing":{"tos_acceptance":{"date":null,"ip":null}},"card_payments":{"statement_descriptor_prefix":null,"statement_descriptor_prefix_kana":null,"statement_descriptor_prefix_kanji":null},"dashboard":{"display_name":"WRBLO","timezone":"Europe/London"},"invoices":{"default_account_tax_ids":null,"hosted_payment_method_save":"offer"},"payments":{"statement_descriptor":"WRBLO","statement_descriptor_kana":null,"statement_descriptor_kanji":null},"payouts":{"debit_negative_balances":true,"schedule":{"delay_days":3,"interval":"weekly","weekly_anchor":"monday","weekly_payout_days":["monday"]},"statement_descriptor":null},"paypay_payments":{},"sepa_debit_payments":{}},"type":"standard"}}
2026-05-28T10:16:21+00:00 DEBUG 
====Stripe Version: 9.9.2====
====Stripe Plugin API Version: 2024-06-20====
====Start Log====
Stripe Express Checkout does not support free products.
====End Log====

2026-05-28T10:16:21+00:00 DEBUG 
====Stripe Version: 9.9.2====
====Stripe Plugin API Version: 2024-06-20====
====Start Log====
Stripe Express Checkout does not support free products.
====End Log====

2026-05-28T12:01:40+00:00 DEBUG 
====Stripe Version: 9.9.2====
====Stripe Plugin API Version: 2024-06-20====
====Start Log====
Stripe Express Checkout does not support free products.
====End Log====

2026-05-28T12:01:40+00:00 DEBUG 
====Stripe Version: 9.9.2====
====Stripe Plugin API Version: 2024-06-20====
====Start Log====
Stripe Express Checkout does not support free products.
====End Log====

2026-05-28T12:32:27+00:00 DEBUG Stripe API request: GET account CONTEXT: {"stripe_version":"9.9.2","stripe_api_version":"2024-06-20"}
2026-05-28T12:32:28+00:00 DEBUG Stripe API response: GET account CONTEXT: {"stripe_version":"9.9.2","stripe_api_version":"2024-06-20","response":{"id":"acct_1SCzgW0Q3J9q34Tt","object":"account","business_profile":{"annual_revenue":null,"estimated_worker_count":null,"mcc":"8398","minority_owned_business_designation":null,"name":"WRBLO","support_address":null,"support_email":null,"support_phone":"+443333397980","support_url":null,"url":"https://wrblo.org"},"business_type":"non_profit","capabilities":{"afterpay_clearpay_payments":"inactive","amazon_pay_payments":"active","bancontact_payments":"active","card_payments":"active","cartes_bancaires_payments":"pending","eps_payments":"active","kakao_pay_payments":"active","klarna_payments":"inactive","link_payments":"active","naver_pay_payments":"active","payco_payments":"active","revolut_pay_payments":"active","samsung_pay_payments":"active","transfers":"active"},"charges_enabled":true,"company":{"name":"WRBLO Community Interest Company","structure":"incorporated_non_profit"},"controller":{"type":"account"},"country":"GB","default_currency":"gbp","details_submitted":true,"email":"financeteam@wrblo.org","future_requirements":{"alternatives":[],"current_deadline":null,"currently_due":[],"disabled_reason":null,"errors":[],"eventually_due":[],"past_due":[],"pending_verification":[]},"metadata":{},"payouts_enabled":true,"requirements":{"alternatives":[],"current_deadline":null,"currently_due":[],"disabled_reason":null,"errors":[],"eventually_due":[],"past_due":[],"pending_verification":[]},"settings":{"bacs_debit_payments":{"display_name":"Stripe","service_user_number":"449900"},"branding":{"icon":null,"logo":null,"primary_color":null,"secondary_color":null},"card_issuing":{"tos_acceptance":{"date":null,"ip":null}},"card_payments":{"statement_descriptor_prefix":null,"statement_descriptor_prefix_kana":null,"statement_descriptor_prefix_kanji":null},"dashboard":{"display_name":"WRBLO","timezone":"Europe/London"},"invoices":{"default_account_tax_ids":null,"hosted_payment_method_save":"offer"},"payments":{"statement_descriptor":"WRBLO","statement_descriptor_kana":null,"statement_descriptor_kanji":null},"payouts":{"debit_negative_balances":true,"schedule":{"delay_days":3,"interval":"weekly","weekly_anchor":"monday","weekly_payout_days":["monday"]},"statement_descriptor":null},"paypay_payments":{},"sepa_debit_payments":{}},"type":"standard"}}
2026-05-28T14:35:24+00:00 DEBUG Stripe API request: GET account CONTEXT: {"stripe_version":"9.9.2","stripe_api_version":"2024-06-20"}
2026-05-28T14:35:24+00:00 DEBUG Stripe API response: GET account CONTEXT: {"stripe_version":"9.9.2","stripe_api_version":"2024-06-20","response":{"id":"acct_1SCzgW0Q3J9q34Tt","object":"account","business_profile":{"annual_revenue":null,"estimated_worker_count":null,"mcc":"8398","minority_owned_business_designation":null,"name":"WRBLO","support_address":null,"support_email":null,"support_phone":"+443333397980","support_url":null,"url":"https://wrblo.org"},"business_type":"non_profit","capabilities":{"afterpay_clearpay_payments":"inactive","amazon_pay_payments":"active","bancontact_payments":"active","card_payments":"active","cartes_bancaires_payments":"pending","eps_payments":"active","kakao_pay_payments":"active","klarna_payments":"inactive","link_payments":"active","naver_pay_payments":"active","payco_payments":"active","revolut_pay_payments":"active","samsung_pay_payments":"active","transfers":"active"},"charges_enabled":true,"company":{"name":"WRBLO Community Interest Company","structure":"incorporated_non_profit"},"controller":{"type":"account"},"country":"GB","default_currency":"gbp","details_submitted":true,"email":"financeteam@wrblo.org","future_requirements":{"alternatives":[],"current_deadline":null,"currently_due":[],"disabled_reason":null,"errors":[],"eventually_due":[],"past_due":[],"pending_verification":[]},"metadata":{},"payouts_enabled":true,"requirements":{"alternatives":[],"current_deadline":null,"currently_due":[],"disabled_reason":null,"errors":[],"eventually_due":[],"past_due":[],"pending_verification":[]},"settings":{"bacs_debit_payments":{"display_name":"Stripe","service_user_number":"449900"},"branding":{"icon":null,"logo":null,"primary_color":null,"secondary_color":null},"card_issuing":{"tos_acceptance":{"date":null,"ip":null}},"card_payments":{"statement_descriptor_prefix":null,"statement_descriptor_prefix_kana":null,"statement_descriptor_prefix_kanji":null},"dashboard":{"display_name":"WRBLO","timezone":"Europe/London"},"invoices":{"default_account_tax_ids":null,"hosted_payment_method_save":"offer"},"payments":{"statement_descriptor":"WRBLO","statement_descriptor_kana":null,"statement_descriptor_kanji":null},"payouts":{"debit_negative_balances":true,"schedule":{"delay_days":3,"interval":"weekly","weekly_anchor":"monday","weekly_payout_days":["monday"]},"statement_descriptor":null},"paypay_payments":{},"sepa_debit_payments":{}},"type":"standard"}}
2026-05-28T14:35:24+00:00 DEBUG 
====Stripe Version: 9.9.2====
====Stripe Plugin API Version: 2024-06-20====
====Start Log====
Stripe Express Checkout does not support free products.
====End Log====

2026-05-28T14:35:24+00:00 DEBUG 
====Stripe Version: 9.9.2====
====Stripe Plugin API Version: 2024-06-20====
====Start Log====
Stripe Express Checkout does not support free products.
====End Log====

2026-05-28T15:08:40+00:00 DEBUG 
====Stripe Version: 9.9.2====
====Stripe Plugin API Version: 2024-06-20====
====Start Log====
Stripe Express Checkout does not support free products.
====End Log====

2026-05-28T15:08:40+00:00 DEBUG 
====Stripe Version: 9.9.2====
====Stripe Plugin API Version: 2024-06-20====
====Start Log====
Stripe Express Checkout does not support free products.
====End Log====

2026-05-28T15:43:50+00:00 DEBUG 
====Stripe Version: 9.9.2====
====Stripe Plugin API Version: 2024-06-20====
====Start Log====
Stripe Express Checkout does not support free products.
====End Log====

2026-05-28T15:43:50+00:00 DEBUG 
====Stripe Version: 9.9.2====
====Stripe Plugin API Version: 2024-06-20====
====Start Log====
Stripe Express Checkout does not support free products.
====End Log====

2026-05-28T15:43:54+00:00 DEBUG 
====Stripe Version: 9.9.2====
====Stripe Plugin API Version: 2024-06-20====
====Start Log====
Stripe Express Checkout does not support free products.
====End Log====

2026-05-28T15:43:54+00:00 DEBUG 
====Stripe Version: 9.9.2====
====Stripe Plugin API Version: 2024-06-20====
====Start Log====
Stripe Express Checkout does not support free products.
====End Log====

2026-05-28T15:44:10+00:00 DEBUG 
====Stripe Version: 9.9.2====
====Stripe Plugin API Version: 2024-06-20====
====Start Log====
Stripe Express Checkout does not support free products.
====End Log====

2026-05-28T15:44:10+00:00 DEBUG 
====Stripe Version: 9.9.2====
====Stripe Plugin API Version: 2024-06-20====
====Start Log====
Stripe Express Checkout does not support free products.
====End Log====

2026-05-28T15:44:13+00:00 DEBUG 
====Stripe Version: 9.9.2====
====Stripe Plugin API Version: 2024-06-20====
====Start Log====
Stripe Express Checkout does not support free products.
====End Log====

2026-05-28T15:44:13+00:00 DEBUG 
====Stripe Version: 9.9.2====
====Stripe Plugin API Version: 2024-06-20====
====Start Log====
Stripe Express Checkout does not support free products.
====End Log====

2026-05-28T15:44:15+00:00 DEBUG 
====Stripe Version: 9.9.2====
====Stripe Plugin API Version: 2024-06-20====
====Start Log====
Stripe Express Checkout does not support free products.
====End Log====

2026-05-28T15:44:15+00:00 DEBUG 
====Stripe Version: 9.9.2====
====Stripe Plugin API Version: 2024-06-20====
====Start Log====
Stripe Express Checkout does not support free products.
====End Log====

2026-05-28T15:44:17+00:00 DEBUG 
====Stripe Version: 9.9.2====
====Stripe Plugin API Version: 2024-06-20====
====Start Log====
Stripe Express Checkout does not support free products.
====End Log====

2026-05-28T15:44:17+00:00 DEBUG 
====Stripe Version: 9.9.2====
====Stripe Plugin API Version: 2024-06-20====
====Start Log====
Stripe Express Checkout does not support free products.
====End Log====

2026-05-28T15:44:18+00:00 DEBUG 
====Stripe Version: 9.9.2====
====Stripe Plugin API Version: 2024-06-20====
====Start Log====
Stripe Express Checkout does not support free products.
====End Log====

2026-05-28T15:44:18+00:00 DEBUG 
====Stripe Version: 9.9.2====
====Stripe Plugin API Version: 2024-06-20====
====Start Log====
Stripe Express Checkout does not support free products.
====End Log====

2026-05-28T15:44:35+00:00 DEBUG 
====Stripe Version: 9.9.2====
====Stripe Plugin API Version: 2024-06-20====
====Start Log====
Stripe Express Checkout does not support free products.
====End Log====

2026-05-28T15:44:35+00:00 DEBUG 
====Stripe Version: 9.9.2====
====Stripe Plugin API Version: 2024-06-20====
====Start Log====
Stripe Express Checkout does not support free products.
====End Log====

2026-05-28T15:44:40+00:00 DEBUG 
====Stripe Version: 9.9.2====
====Stripe Plugin API Version: 2024-06-20====
====Start Log====
Stripe Express Checkout does not support free products.
====End Log====

2026-05-28T15:44:40+00:00 DEBUG 
====Stripe Version: 9.9.2====
====Stripe Plugin API Version: 2024-06-20====
====Start Log====
Stripe Express Checkout does not support free products.
====End Log====

2026-05-28T15:44:41+00:00 DEBUG 
====Stripe Version: 9.9.2====
====Stripe Plugin API Version: 2024-06-20====
====Start Log====
Stripe Express Checkout does not support free products.
====End Log====

2026-05-28T15:44:41+00:00 DEBUG 
====Stripe Version: 9.9.2====
====Stripe Plugin API Version: 2024-06-20====
====Start Log====
Stripe Express Checkout does not support free products.
====End Log====

2026-05-28T15:45:05+00:00 DEBUG 
====Stripe Version: 9.9.2====
====Stripe Plugin API Version: 2024-06-20====
====Start Log====
Stripe Express Checkout does not support free products.
====End Log====

2026-05-28T15:45:05+00:00 DEBUG 
====Stripe Version: 9.9.2====
====Stripe Plugin API Version: 2024-06-20====
====Start Log====
Stripe Express Checkout does not support free products.
====End Log====

2026-05-28T15:45:07+00:00 DEBUG 
====Stripe Version: 9.9.2====
====Stripe Plugin API Version: 2024-06-20====
====Start Log====
Stripe Express Checkout does not support free products.
====End Log====

2026-05-28T15:45:07+00:00 DEBUG 
====Stripe Version: 9.9.2====
====Stripe Plugin API Version: 2024-06-20====
====Start Log====
Stripe Express Checkout does not support free products.
====End Log====

2026-05-28T16:42:37+00:00 DEBUG Stripe API request: GET account CONTEXT: {"stripe_version":"9.9.2","stripe_api_version":"2024-06-20"}
2026-05-28T16:42:38+00:00 DEBUG Stripe API response: GET account CONTEXT: {"stripe_version":"9.9.2","stripe_api_version":"2024-06-20","response":{"id":"acct_1SCzgW0Q3J9q34Tt","object":"account","business_profile":{"annual_revenue":null,"estimated_worker_count":null,"mcc":"8398","minority_owned_business_designation":null,"name":"WRBLO","support_address":null,"support_email":null,"support_phone":"+443333397980","support_url":null,"url":"https://wrblo.org"},"business_type":"non_profit","capabilities":{"afterpay_clearpay_payments":"inactive","amazon_pay_payments":"active","bancontact_payments":"active","card_payments":"active","cartes_bancaires_payments":"pending","eps_payments":"active","kakao_pay_payments":"active","klarna_payments":"inactive","link_payments":"active","naver_pay_payments":"active","payco_payments":"active","revolut_pay_payments":"active","samsung_pay_payments":"active","transfers":"active"},"charges_enabled":true,"company":{"name":"WRBLO Community Interest Company","structure":"incorporated_non_profit"},"controller":{"type":"account"},"country":"GB","default_currency":"gbp","details_submitted":true,"email":"financeteam@wrblo.org","future_requirements":{"alternatives":[],"current_deadline":null,"currently_due":[],"disabled_reason":null,"errors":[],"eventually_due":[],"past_due":[],"pending_verification":[]},"metadata":{},"payouts_enabled":true,"requirements":{"alternatives":[],"current_deadline":null,"currently_due":[],"disabled_reason":null,"errors":[],"eventually_due":[],"past_due":[],"pending_verification":[]},"settings":{"bacs_debit_payments":{"display_name":"Stripe","service_user_number":"449900"},"branding":{"icon":null,"logo":null,"primary_color":null,"secondary_color":null},"card_issuing":{"tos_acceptance":{"date":null,"ip":null}},"card_payments":{"statement_descriptor_prefix":null,"statement_descriptor_prefix_kana":null,"statement_descriptor_prefix_kanji":null},"dashboard":{"display_name":"WRBLO","timezone":"Europe/London"},"invoices":{"default_account_tax_ids":null,"hosted_payment_method_save":"offer"},"payments":{"statement_descriptor":"WRBLO","statement_descriptor_kana":null,"statement_descriptor_kanji":null},"payouts":{"debit_negative_balances":true,"schedule":{"delay_days":3,"interval":"weekly","weekly_anchor":"monday","weekly_payout_days":["monday"]},"statement_descriptor":null},"paypay_payments":{},"sepa_debit_payments":{}},"type":"standard"}}
2026-05-28T16:42:38+00:00 DEBUG 
====Stripe Version: 9.9.2====
====Stripe Plugin API Version: 2024-06-20====
====Start Log====
Stripe Express Checkout does not support free products.
====End Log====

2026-05-28T16:42:38+00:00 DEBUG 
====Stripe Version: 9.9.2====
====Stripe Plugin API Version: 2024-06-20====
====Start Log====
Stripe Express Checkout does not support free products.
====End Log====

2026-05-28T18:10:16+00:00 DEBUG 
====Stripe Version: 9.9.2====
====Stripe Plugin API Version: 2024-06-20====
====Start Log====
Stripe Express Checkout does not support free products.
====End Log====

2026-05-28T18:10:16+00:00 DEBUG 
====Stripe Version: 9.9.2====
====Stripe Plugin API Version: 2024-06-20====
====Start Log====
Stripe Express Checkout does not support free products.
====End Log====

2026-05-28T18:14:04+00:00 DEBUG 
====Stripe Version: 9.9.2====
====Stripe Plugin API Version: 2024-06-20====
====Start Log====
Stripe Express Checkout does not support free products.
====End Log====

2026-05-28T18:14:04+00:00 DEBUG 
====Stripe Version: 9.9.2====
====Stripe Plugin API Version: 2024-06-20====
====Start Log====
Stripe Express Checkout does not support free products.
====End Log====

2026-05-28T18:14:24+00:00 DEBUG 
====Stripe Version: 9.9.2====
====Stripe Plugin API Version: 2024-06-20====
====Start Log====
Stripe Express Checkout does not support free products.
====End Log====

2026-05-28T18:14:24+00:00 DEBUG 
====Stripe Version: 9.9.2====
====Stripe Plugin API Version: 2024-06-20====
====Start Log====
Stripe Express Checkout does not support free products.
====End Log====

2026-05-28T18:18:33+00:00 DEBUG 
====Stripe Version: 9.9.2====
====Stripe Plugin API Version: 2024-06-20====
====Start Log====
Stripe Express Checkout does not support free products.
====End Log====

2026-05-28T18:18:33+00:00 DEBUG 
====Stripe Version: 9.9.2====
====Stripe Plugin API Version: 2024-06-20====
====Start Log====
Stripe Express Checkout does not support free products.
====End Log====

2026-05-28T18:20:41+00:00 DEBUG 
====Stripe Version: 9.9.2====
====Stripe Plugin API Version: 2024-06-20====
====Start Log====
Stripe Express Checkout does not support free products.
====End Log====

2026-05-28T18:20:41+00:00 DEBUG 
====Stripe Version: 9.9.2====
====Stripe Plugin API Version: 2024-06-20====
====Start Log====
Stripe Express Checkout does not support free products.
====End Log====

2026-05-28T18:22:20+00:00 DEBUG 
====Stripe Version: 9.9.2====
====Stripe Plugin API Version: 2024-06-20====
====Start Log====
Stripe Express Checkout does not support free products.
====End Log====

2026-05-28T18:22:20+00:00 DEBUG 
====Stripe Version: 9.9.2====
====Stripe Plugin API Version: 2024-06-20====
====Start Log====
Stripe Express Checkout does not support free products.
====End Log====

2026-05-28T18:27:38+00:00 DEBUG 
====Stripe Version: 9.9.2====
====Stripe Plugin API Version: 2024-06-20====
====Start Log====
Stripe Express Checkout does not support free products.
====End Log====

2026-05-28T18:27:38+00:00 DEBUG 
====Stripe Version: 9.9.2====
====Stripe Plugin API Version: 2024-06-20====
====Start Log====
Stripe Express Checkout does not support free products.
====End Log====

2026-05-28T18:31:26+00:00 DEBUG 
====Stripe Version: 9.9.2====
====Stripe Plugin API Version: 2024-06-20====
====Start Log====
Stripe Express Checkout does not support free products.
====End Log====

2026-05-28T18:31:26+00:00 DEBUG 
====Stripe Version: 9.9.2====
====Stripe Plugin API Version: 2024-06-20====
====Start Log====
Stripe Express Checkout does not support free products.
====End Log====

2026-05-28T18:31:46+00:00 DEBUG 
====Stripe Version: 9.9.2====
====Stripe Plugin API Version: 2024-06-20====
====Start Log====
Stripe Express Checkout does not support free products.
====End Log====

2026-05-28T18:31:46+00:00 DEBUG 
====Stripe Version: 9.9.2====
====Stripe Plugin API Version: 2024-06-20====
====Start Log====
Stripe Express Checkout does not support free products.
====End Log====

2026-05-28T18:38:45+00:00 DEBUG 
====Stripe Version: 9.9.2====
====Stripe Plugin API Version: 2024-06-20====
====Start Log====
Stripe Express Checkout does not support free products.
====End Log====

2026-05-28T18:38:45+00:00 DEBUG 
====Stripe Version: 9.9.2====
====Stripe Plugin API Version: 2024-06-20====
====Start Log====
Stripe Express Checkout does not support free products.
====End Log====

2026-05-28T18:43:17+00:00 DEBUG Stripe API request: GET account CONTEXT: {"stripe_version":"9.9.2","stripe_api_version":"2024-06-20"}
2026-05-28T18:43:18+00:00 DEBUG Stripe API response: GET account CONTEXT: {"stripe_version":"9.9.2","stripe_api_version":"2024-06-20","response":{"id":"acct_1SCzgW0Q3J9q34Tt","object":"account","business_profile":{"annual_revenue":null,"estimated_worker_count":null,"mcc":"8398","minority_owned_business_designation":null,"name":"WRBLO","support_address":null,"support_email":null,"support_phone":"+443333397980","support_url":null,"url":"https://wrblo.org"},"business_type":"non_profit","capabilities":{"afterpay_clearpay_payments":"inactive","amazon_pay_payments":"active","bancontact_payments":"active","card_payments":"active","cartes_bancaires_payments":"pending","eps_payments":"active","kakao_pay_payments":"active","klarna_payments":"inactive","link_payments":"active","naver_pay_payments":"active","payco_payments":"active","revolut_pay_payments":"active","samsung_pay_payments":"active","transfers":"active"},"charges_enabled":true,"company":{"name":"WRBLO Community Interest Company","structure":"incorporated_non_profit"},"controller":{"type":"account"},"country":"GB","default_currency":"gbp","details_submitted":true,"email":"financeteam@wrblo.org","future_requirements":{"alternatives":[],"current_deadline":null,"currently_due":[],"disabled_reason":null,"errors":[],"eventually_due":[],"past_due":[],"pending_verification":[]},"metadata":{},"payouts_enabled":true,"requirements":{"alternatives":[],"current_deadline":null,"currently_due":[],"disabled_reason":null,"errors":[],"eventually_due":[],"past_due":[],"pending_verification":[]},"settings":{"bacs_debit_payments":{"display_name":"Stripe","service_user_number":"449900"},"branding":{"icon":null,"logo":null,"primary_color":null,"secondary_color":null},"card_issuing":{"tos_acceptance":{"date":null,"ip":null}},"card_payments":{"statement_descriptor_prefix":null,"statement_descriptor_prefix_kana":null,"statement_descriptor_prefix_kanji":null},"dashboard":{"display_name":"WRBLO","timezone":"Europe/London"},"invoices":{"default_account_tax_ids":null,"hosted_payment_method_save":"offer"},"payments":{"statement_descriptor":"WRBLO","statement_descriptor_kana":null,"statement_descriptor_kanji":null},"payouts":{"debit_negative_balances":true,"schedule":{"delay_days":3,"interval":"weekly","weekly_anchor":"monday","weekly_payout_days":["monday"]},"statement_descriptor":null},"paypay_payments":{},"sepa_debit_payments":{}},"type":"standard"}}
2026-05-28T18:43:18+00:00 DEBUG 
====Stripe Version: 9.9.2====
====Stripe Plugin API Version: 2024-06-20====
====Start Log====
Stripe Express Checkout does not support free products.
====End Log====

2026-05-28T18:43:18+00:00 DEBUG 
====Stripe Version: 9.9.2====
====Stripe Plugin API Version: 2024-06-20====
====Start Log====
Stripe Express Checkout does not support free products.
====End Log====

2026-05-28T18:45:13+00:00 DEBUG 
====Stripe Version: 9.9.2====
====Stripe Plugin API Version: 2024-06-20====
====Start Log====
Stripe Express Checkout does not support free products.
====End Log====

2026-05-28T18:45:13+00:00 DEBUG 
====Stripe Version: 9.9.2====
====Stripe Plugin API Version: 2024-06-20====
====Start Log====
Stripe Express Checkout does not support free products.
====End Log====

2026-05-28T18:48:17+00:00 DEBUG 
====Stripe Version: 9.9.2====
====Stripe Plugin API Version: 2024-06-20====
====Start Log====
Stripe Express Checkout does not support free products.
====End Log====

2026-05-28T18:48:17+00:00 DEBUG 
====Stripe Version: 9.9.2====
====Stripe Plugin API Version: 2024-06-20====
====Start Log====
Stripe Express Checkout does not support free products.
====End Log====

2026-05-28T18:49:17+00:00 DEBUG 
====Stripe Version: 9.9.2====
====Stripe Plugin API Version: 2024-06-20====
====Start Log====
Stripe Express Checkout does not support free products.
====End Log====

2026-05-28T18:49:17+00:00 DEBUG 
====Stripe Version: 9.9.2====
====Stripe Plugin API Version: 2024-06-20====
====Start Log====
Stripe Express Checkout does not support free products.
====End Log====

2026-05-28T18:55:43+00:00 DEBUG 
====Stripe Version: 9.9.2====
====Stripe Plugin API Version: 2024-06-20====
====Start Log====
Stripe Express Checkout does not support free products.
====End Log====

2026-05-28T18:55:43+00:00 DEBUG 
====Stripe Version: 9.9.2====
====Stripe Plugin API Version: 2024-06-20====
====Start Log====
Stripe Express Checkout does not support free products.
====End Log====

2026-05-28T18:56:23+00:00 DEBUG 
====Stripe Version: 9.9.2====
====Stripe Plugin API Version: 2024-06-20====
====Start Log====
Stripe Express Checkout does not support free products.
====End Log====

2026-05-28T18:56:23+00:00 DEBUG 
====Stripe Version: 9.9.2====
====Stripe Plugin API Version: 2024-06-20====
====Start Log====
Stripe Express Checkout does not support free products.
====End Log====

2026-05-28T19:00:07+00:00 DEBUG 
====Stripe Version: 9.9.2====
====Stripe Plugin API Version: 2024-06-20====
====Start Log====
Stripe Express Checkout does not support free products.
====End Log====

2026-05-28T19:00:07+00:00 DEBUG 
====Stripe Version: 9.9.2====
====Stripe Plugin API Version: 2024-06-20====
====Start Log====
Stripe Express Checkout does not support free products.
====End Log====

2026-05-28T19:09:10+00:00 DEBUG 
====Stripe Version: 9.9.2====
====Stripe Plugin API Version: 2024-06-20====
====Start Log====
Stripe Express Checkout does not support free products.
====End Log====

2026-05-28T19:09:11+00:00 DEBUG 
====Stripe Version: 9.9.2====
====Stripe Plugin API Version: 2024-06-20====
====Start Log====
Stripe Express Checkout does not support free products.
====End Log====

2026-05-28T19:16:55+00:00 DEBUG 
====Stripe Version: 9.9.2====
====Stripe Plugin API Version: 2024-06-20====
====Start Log====
Stripe Express Checkout does not support free products.
====End Log====

2026-05-28T19:16:56+00:00 DEBUG 
====Stripe Version: 9.9.2====
====Stripe Plugin API Version: 2024-06-20====
====Start Log====
Stripe Express Checkout does not support free products.
====End Log====

2026-05-28T19:17:15+00:00 DEBUG 
====Stripe Version: 9.9.2====
====Stripe Plugin API Version: 2024-06-20====
====Start Log====
Stripe Express Checkout does not support free products.
====End Log====

2026-05-28T19:17:15+00:00 DEBUG 
====Stripe Version: 9.9.2====
====Stripe Plugin API Version: 2024-06-20====
====Start Log====
Stripe Express Checkout does not support free products.
====End Log====

2026-05-28T19:23:14+00:00 DEBUG 
====Stripe Version: 9.9.2====
====Stripe Plugin API Version: 2024-06-20====
====Start Log====
Stripe Express Checkout does not support free products.
====End Log====

2026-05-28T19:23:14+00:00 DEBUG 
====Stripe Version: 9.9.2====
====Stripe Plugin API Version: 2024-06-20====
====Start Log====
Stripe Express Checkout does not support free products.
====End Log====

2026-05-28T20:30:27+00:00 INFO Starting asynchronous cache cleanup [run_id: 406467] CONTEXT: {"stripe_version":"9.9.2","stripe_api_version":"2024-06-20","max_rows":500,"job_data":{"run_id":406467,"processed":0,"deleted":0,"job_runs":1,"last_key":null}}
2026-05-28T20:30:27+00:00 INFO Asynchronous cache cleanup complete: 1 entries processed, 0 stale entries deleted [run_id: 406467] CONTEXT: {"stripe_version":"9.9.2","stripe_api_version":"2024-06-20","max_rows":500,"job_data":{"run_id":406467,"processed":1,"deleted":0,"job_runs":1,"last_key":"wcstripe_cache_live_account_data"}}
2026-05-28T21:21:18+00:00 DEBUG Stripe API request: GET account CONTEXT: {"stripe_version":"9.9.2","stripe_api_version":"2024-06-20"}
2026-05-28T21:21:19+00:00 DEBUG Stripe API response: GET account CONTEXT: {"stripe_version":"9.9.2","stripe_api_version":"2024-06-20","response":{"id":"acct_1SCzgW0Q3J9q34Tt","object":"account","business_profile":{"annual_revenue":null,"estimated_worker_count":null,"mcc":"8398","minority_owned_business_designation":null,"name":"WRBLO","support_address":null,"support_email":null,"support_phone":"+443333397980","support_url":null,"url":"https://wrblo.org"},"business_type":"non_profit","capabilities":{"afterpay_clearpay_payments":"inactive","amazon_pay_payments":"active","bancontact_payments":"active","card_payments":"active","cartes_bancaires_payments":"pending","eps_payments":"active","kakao_pay_payments":"active","klarna_payments":"inactive","link_payments":"active","naver_pay_payments":"active","payco_payments":"active","revolut_pay_payments":"active","samsung_pay_payments":"active","transfers":"active"},"charges_enabled":true,"company":{"name":"WRBLO Community Interest Company","structure":"incorporated_non_profit"},"controller":{"type":"account"},"country":"GB","default_currency":"gbp","details_submitted":true,"email":"financeteam@wrblo.org","future_requirements":{"alternatives":[],"current_deadline":null,"currently_due":[],"disabled_reason":null,"errors":[],"eventually_due":[],"past_due":[],"pending_verification":[]},"metadata":{},"payouts_enabled":true,"requirements":{"alternatives":[],"current_deadline":null,"currently_due":[],"disabled_reason":null,"errors":[],"eventually_due":[],"past_due":[],"pending_verification":[]},"settings":{"bacs_debit_payments":{"display_name":"Stripe","service_user_number":"449900"},"branding":{"icon":null,"logo":null,"primary_color":null,"secondary_color":null},"card_issuing":{"tos_acceptance":{"date":null,"ip":null}},"card_payments":{"statement_descriptor_prefix":null,"statement_descriptor_prefix_kana":null,"statement_descriptor_prefix_kanji":null},"dashboard":{"display_name":"WRBLO","timezone":"Europe/London"},"invoices":{"default_account_tax_ids":null,"hosted_payment_method_save":"offer"},"payments":{"statement_descriptor":"WRBLO","statement_descriptor_kana":null,"statement_descriptor_kanji":null},"payouts":{"debit_negative_balances":true,"schedule":{"delay_days":3,"interval":"weekly","weekly_anchor":"monday","weekly_payout_days":["monday"]},"statement_descriptor":null},"paypay_payments":{},"sepa_debit_payments":{}},"type":"standard"}}
2026-05-28T21:21:19+00:00 DEBUG 
====Stripe Version: 9.9.2====
====Stripe Plugin API Version: 2024-06-20====
====Start Log====
Stripe Express Checkout does not support free products.
====End Log====

2026-05-28T21:21:19+00:00 DEBUG 
====Stripe Version: 9.9.2====
====Stripe Plugin API Version: 2024-06-20====
====Start Log====
Stripe Express Checkout does not support free products.
====End Log====

2026-05-28T21:21:50+00:00 DEBUG 
====Stripe Version: 9.9.2====
====Stripe Plugin API Version: 2024-06-20====
====Start Log====
Stripe Express Checkout does not support free products.
====End Log====

2026-05-28T21:21:50+00:00 DEBUG 
====Stripe Version: 9.9.2====
====Stripe Plugin API Version: 2024-06-20====
====Start Log====
Stripe Express Checkout does not support free products.
====End Log====

2026-05-28T21:23:09+00:00 DEBUG 
====Stripe Version: 9.9.2====
====Stripe Plugin API Version: 2024-06-20====
====Start Log====
Stripe Express Checkout does not support free products.
====End Log====

2026-05-28T21:23:09+00:00 DEBUG 
====Stripe Version: 9.9.2====
====Stripe Plugin API Version: 2024-06-20====
====Start Log====
Stripe Express Checkout does not support free products.
====End Log====

2026-05-28T21:23:25+00:00 DEBUG 
====Stripe Version: 9.9.2====
====Stripe Plugin API Version: 2024-06-20====
====Start Log====
Stripe Express Checkout does not support free products.
====End Log====

2026-05-28T21:23:25+00:00 DEBUG 
====Stripe Version: 9.9.2====
====Stripe Plugin API Version: 2024-06-20====
====Start Log====
Stripe Express Checkout does not support free products.
====End Log====

2026-05-28T23:34:56+00:00 DEBUG Stripe API request: GET account CONTEXT: {"stripe_version":"9.9.2","stripe_api_version":"2024-06-20"}
2026-05-28T23:34:57+00:00 DEBUG Stripe API response: GET account CONTEXT: {"stripe_version":"9.9.2","stripe_api_version":"2024-06-20","response":{"id":"acct_1SCzgW0Q3J9q34Tt","object":"account","business_profile":{"annual_revenue":null,"estimated_worker_count":null,"mcc":"8398","minority_owned_business_designation":null,"name":"WRBLO","support_address":null,"support_email":null,"support_phone":"+443333397980","support_url":null,"url":"https://wrblo.org"},"business_type":"non_profit","capabilities":{"afterpay_clearpay_payments":"inactive","amazon_pay_payments":"active","bancontact_payments":"active","card_payments":"active","cartes_bancaires_payments":"pending","eps_payments":"active","kakao_pay_payments":"active","klarna_payments":"inactive","link_payments":"active","naver_pay_payments":"active","payco_payments":"active","revolut_pay_payments":"active","samsung_pay_payments":"active","transfers":"active"},"charges_enabled":true,"company":{"name":"WRBLO Community Interest Company","structure":"incorporated_non_profit"},"controller":{"type":"account"},"country":"GB","default_currency":"gbp","details_submitted":true,"email":"financeteam@wrblo.org","future_requirements":{"alternatives":[],"current_deadline":null,"currently_due":[],"disabled_reason":null,"errors":[],"eventually_due":[],"past_due":[],"pending_verification":[]},"metadata":{},"payouts_enabled":true,"requirements":{"alternatives":[],"current_deadline":null,"currently_due":[],"disabled_reason":null,"errors":[],"eventually_due":[],"past_due":[],"pending_verification":[]},"settings":{"bacs_debit_payments":{"display_name":"Stripe","service_user_number":"449900"},"branding":{"icon":null,"logo":null,"primary_color":null,"secondary_color":null},"card_issuing":{"tos_acceptance":{"date":null,"ip":null}},"card_payments":{"statement_descriptor_prefix":null,"statement_descriptor_prefix_kana":null,"statement_descriptor_prefix_kanji":null},"dashboard":{"display_name":"WRBLO","timezone":"Europe/London"},"invoices":{"default_account_tax_ids":null,"hosted_payment_method_save":"offer"},"payments":{"statement_descriptor":"WRBLO","statement_descriptor_kana":null,"statement_descriptor_kanji":null},"payouts":{"debit_negative_balances":true,"schedule":{"delay_days":3,"interval":"weekly","weekly_anchor":"monday","weekly_payout_days":["monday"]},"statement_descriptor":null},"paypay_payments":{},"sepa_debit_payments":{}},"type":"standard"}}
2026-05-28T23:34:57+00:00 DEBUG 
====Stripe Version: 9.9.2====
====Stripe Plugin API Version: 2024-06-20====
====Start Log====
Stripe Express Checkout does not support free products.
====End Log====

2026-05-28T23:34:57+00:00 DEBUG 
====Stripe Version: 9.9.2====
====Stripe Plugin API Version: 2024-06-20====
====Start Log====
Stripe Express Checkout does not support free products.
====End Log====

