2026-06-13T00:13:01+00:00 DEBUG Stripe API request: GET account CONTEXT: {"stripe_version":"9.9.2","stripe_api_version":"2024-06-20"}
2026-06-13T00:13:01+00:00 DEBUG Stripe API response: GET account CONTEXT: {"stripe_version":"9.9.2","stripe_api_version":"2024-06-20","response":{"id":"acct_1SCzgW0Q3J9q34Tt","object":"account","business_profile":{"annual_revenue":null,"estimated_worker_count":null,"mcc":"8398","minority_owned_business_designation":null,"name":"WRBLO","support_address":null,"support_email":null,"support_phone":"+443333397980","support_url":null,"url":"https://wrblo.org"},"business_type":"non_profit","capabilities":{"afterpay_clearpay_payments":"inactive","amazon_pay_payments":"active","bancontact_payments":"active","card_payments":"active","cartes_bancaires_payments":"pending","eps_payments":"active","kakao_pay_payments":"active","klarna_payments":"inactive","link_payments":"active","naver_pay_payments":"active","payco_payments":"active","revolut_pay_payments":"active","samsung_pay_payments":"active","transfers":"active"},"charges_enabled":true,"company":{"name":"WRBLO Community Interest Company","structure":"incorporated_non_profit"},"controller":{"type":"account"},"country":"GB","default_currency":"gbp","details_submitted":true,"email":"financeteam@wrblo.org","future_requirements":{"alternatives":[],"current_deadline":null,"currently_due":[],"disabled_reason":null,"errors":[],"eventually_due":[],"past_due":[],"pending_verification":[]},"metadata":{},"payouts_enabled":true,"requirements":{"alternatives":[],"current_deadline":1785301910,"currently_due":["person_1SCzs00Q3J9q34Tttpbwc6w7.address.city","person_1SCzs00Q3J9q34Tttpbwc6w7.address.line1","person_1SCzs00Q3J9q34Tttpbwc6w7.address.postal_code","person_1SCzsm0Q3J9q34TtYOgUejPq.address.city","person_1SCzsm0Q3J9q34TtYOgUejPq.address.line1","person_1SCzsm0Q3J9q34TtYOgUejPq.address.postal_code","person_1TfmJP0Q3J9q34TtOHuQOe5r.address.city","person_1TfmJP0Q3J9q34TtOHuQOe5r.address.line1","person_1TfmJP0Q3J9q34TtOHuQOe5r.address.postal_code","person_1TfmJP0Q3J9q34TtOHuQOe5r.dob.day","person_1TfmJP0Q3J9q34TtOHuQOe5r.dob.month","person_1TfmJP0Q3J9q34TtOHuQOe5r.dob.year","person_1TfmJP0Q3J9q34TtOHuQOe5r.email","person_1TfmJP0Q3J9q34TtOHuQOe5r.relationship.title","person_1TfmJP0Q3J9q34TtlXYM8vAU.address.city","person_1TfmJP0Q3J9q34TtlXYM8vAU.address.line1","person_1TfmJP0Q3J9q34TtlXYM8vAU.address.postal_code","person_1TfmJP0Q3J9q34TtlXYM8vAU.dob.day","person_1TfmJP0Q3J9q34TtlXYM8vAU.dob.month","person_1TfmJP0Q3J9q34TtlXYM8vAU.dob.year","person_1TfmJP0Q3J9q34TtlXYM8vAU.email","person_1TfmJP0Q3J9q34TtlXYM8vAU.relationship.title"],"disabled_reason":null,"errors":[],"eventually_due":["person_1SCzs00Q3J9q34Tttpbwc6w7.address.city","person_1SCzs00Q3J9q34Tttpbwc6w7.address.line1","person_1SCzs00Q3J9q34Tttpbwc6w7.address.postal_code","person_1SCzsm0Q3J9q34TtYOgUejPq.address.city","person_1SCzsm0Q3J9q34TtYOgUejPq.address.line1","person_1SCzsm0Q3J9q34TtYOgUejPq.address.postal_code","person_1TfmJP0Q3J9q34TtOHuQOe5r.address.city","person_1TfmJP0Q3J9q34TtOHuQOe5r.address.line1","person_1TfmJP0Q3J9q34TtOHuQOe5r.address.postal_code","person_1TfmJP0Q3J9q34TtOHuQOe5r.dob.day","person_1TfmJP0Q3J9q34TtOHuQOe5r.dob.month","person_1TfmJP0Q3J9q34TtOHuQOe5r.dob.year","person_1TfmJP0Q3J9q34TtOHuQOe5r.email","person_1TfmJP0Q3J9q34TtOHuQOe5r.relationship.title","person_1TfmJP0Q3J9q34TtlXYM8vAU.address.city","person_1TfmJP0Q3J9q34TtlXYM8vAU.address.line1","person_1TfmJP0Q3J9q34TtlXYM8vAU.address.postal_code","person_1TfmJP0Q3J9q34TtlXYM8vAU.dob.day","person_1TfmJP0Q3J9q34TtlXYM8vAU.dob.month","person_1TfmJP0Q3J9q34TtlXYM8vAU.dob.year","person_1TfmJP0Q3J9q34TtlXYM8vAU.email","person_1TfmJP0Q3J9q34TtlXYM8vAU.relationship.title"],"past_due":[],"pending_verification":[]},"settings":{"bacs_debit_payments":{"display_name":"Stripe","service_user_number":"449900"},"branding":{"icon":null,"logo":null,"primary_color":null,"secondary_color":null},"card_issuing":{"tos_acceptance":{"date":null,"ip":null}},"card_payments":{"statement_descriptor_prefix":null,"statement_descriptor_prefix_kana":null,"statement_descriptor_prefix_kanji":null},"dashboard":{"display_name":"WRBLO","timezone":"Europe/London"},"invoices":{"default_account_tax_ids":null,"hosted_payment_method_save":"offer"},"payments":{"statement_descriptor":"WRBLO","statement_descriptor_kana":null,"statement_descriptor_kanji":null},"payouts":{"debit_negative_balances":true,"schedule":{"delay_days":3,"interval":"weekly","weekly_anchor":"monday","weekly_payout_days":["monday"]},"statement_descriptor":null},"paypay_payments":{},"sepa_debit_payments":{}},"type":"standard"}}
2026-06-13T00:21:04+00:00 DEBUG 
====Stripe Version: 9.9.2====
====Stripe Plugin API Version: 2024-06-20====
====Start Log====
Stripe Express Checkout does not support free products.
====End Log====

2026-06-13T00:21:04+00:00 DEBUG 
====Stripe Version: 9.9.2====
====Stripe Plugin API Version: 2024-06-20====
====Start Log====
Stripe Express Checkout does not support free products.
====End Log====

2026-06-13T02:23:49+00:00 DEBUG Stripe API request: GET account CONTEXT: {"stripe_version":"9.9.2","stripe_api_version":"2024-06-20"}
2026-06-13T02:23:50+00:00 DEBUG Stripe API response: GET account CONTEXT: {"stripe_version":"9.9.2","stripe_api_version":"2024-06-20","response":{"id":"acct_1SCzgW0Q3J9q34Tt","object":"account","business_profile":{"annual_revenue":null,"estimated_worker_count":null,"mcc":"8398","minority_owned_business_designation":null,"name":"WRBLO","support_address":null,"support_email":null,"support_phone":"+443333397980","support_url":null,"url":"https://wrblo.org"},"business_type":"non_profit","capabilities":{"afterpay_clearpay_payments":"inactive","amazon_pay_payments":"active","bancontact_payments":"active","card_payments":"active","cartes_bancaires_payments":"pending","eps_payments":"active","kakao_pay_payments":"active","klarna_payments":"inactive","link_payments":"active","naver_pay_payments":"active","payco_payments":"active","revolut_pay_payments":"active","samsung_pay_payments":"active","transfers":"active"},"charges_enabled":true,"company":{"name":"WRBLO Community Interest Company","structure":"incorporated_non_profit"},"controller":{"type":"account"},"country":"GB","default_currency":"gbp","details_submitted":true,"email":"financeteam@wrblo.org","future_requirements":{"alternatives":[],"current_deadline":null,"currently_due":[],"disabled_reason":null,"errors":[],"eventually_due":[],"past_due":[],"pending_verification":[]},"metadata":{},"payouts_enabled":true,"requirements":{"alternatives":[],"current_deadline":1785301910,"currently_due":["person_1SCzs00Q3J9q34Tttpbwc6w7.address.city","person_1SCzs00Q3J9q34Tttpbwc6w7.address.line1","person_1SCzs00Q3J9q34Tttpbwc6w7.address.postal_code","person_1SCzsm0Q3J9q34TtYOgUejPq.address.city","person_1SCzsm0Q3J9q34TtYOgUejPq.address.line1","person_1SCzsm0Q3J9q34TtYOgUejPq.address.postal_code","person_1TfmJP0Q3J9q34TtOHuQOe5r.address.city","person_1TfmJP0Q3J9q34TtOHuQOe5r.address.line1","person_1TfmJP0Q3J9q34TtOHuQOe5r.address.postal_code","person_1TfmJP0Q3J9q34TtOHuQOe5r.dob.day","person_1TfmJP0Q3J9q34TtOHuQOe5r.dob.month","person_1TfmJP0Q3J9q34TtOHuQOe5r.dob.year","person_1TfmJP0Q3J9q34TtOHuQOe5r.email","person_1TfmJP0Q3J9q34TtOHuQOe5r.relationship.title","person_1TfmJP0Q3J9q34TtlXYM8vAU.address.city","person_1TfmJP0Q3J9q34TtlXYM8vAU.address.line1","person_1TfmJP0Q3J9q34TtlXYM8vAU.address.postal_code","person_1TfmJP0Q3J9q34TtlXYM8vAU.dob.day","person_1TfmJP0Q3J9q34TtlXYM8vAU.dob.month","person_1TfmJP0Q3J9q34TtlXYM8vAU.dob.year","person_1TfmJP0Q3J9q34TtlXYM8vAU.email","person_1TfmJP0Q3J9q34TtlXYM8vAU.relationship.title"],"disabled_reason":null,"errors":[],"eventually_due":["person_1SCzs00Q3J9q34Tttpbwc6w7.address.city","person_1SCzs00Q3J9q34Tttpbwc6w7.address.line1","person_1SCzs00Q3J9q34Tttpbwc6w7.address.postal_code","person_1SCzsm0Q3J9q34TtYOgUejPq.address.city","person_1SCzsm0Q3J9q34TtYOgUejPq.address.line1","person_1SCzsm0Q3J9q34TtYOgUejPq.address.postal_code","person_1TfmJP0Q3J9q34TtOHuQOe5r.address.city","person_1TfmJP0Q3J9q34TtOHuQOe5r.address.line1","person_1TfmJP0Q3J9q34TtOHuQOe5r.address.postal_code","person_1TfmJP0Q3J9q34TtOHuQOe5r.dob.day","person_1TfmJP0Q3J9q34TtOHuQOe5r.dob.month","person_1TfmJP0Q3J9q34TtOHuQOe5r.dob.year","person_1TfmJP0Q3J9q34TtOHuQOe5r.email","person_1TfmJP0Q3J9q34TtOHuQOe5r.relationship.title","person_1TfmJP0Q3J9q34TtlXYM8vAU.address.city","person_1TfmJP0Q3J9q34TtlXYM8vAU.address.line1","person_1TfmJP0Q3J9q34TtlXYM8vAU.address.postal_code","person_1TfmJP0Q3J9q34TtlXYM8vAU.dob.day","person_1TfmJP0Q3J9q34TtlXYM8vAU.dob.month","person_1TfmJP0Q3J9q34TtlXYM8vAU.dob.year","person_1TfmJP0Q3J9q34TtlXYM8vAU.email","person_1TfmJP0Q3J9q34TtlXYM8vAU.relationship.title"],"past_due":[],"pending_verification":[]},"settings":{"bacs_debit_payments":{"display_name":"Stripe","service_user_number":"449900"},"branding":{"icon":null,"logo":null,"primary_color":null,"secondary_color":null},"card_issuing":{"tos_acceptance":{"date":null,"ip":null}},"card_payments":{"statement_descriptor_prefix":null,"statement_descriptor_prefix_kana":null,"statement_descriptor_prefix_kanji":null},"dashboard":{"display_name":"WRBLO","timezone":"Europe/London"},"invoices":{"default_account_tax_ids":null,"hosted_payment_method_save":"offer"},"payments":{"statement_descriptor":"WRBLO","statement_descriptor_kana":null,"statement_descriptor_kanji":null},"payouts":{"debit_negative_balances":true,"schedule":{"delay_days":3,"interval":"weekly","weekly_anchor":"monday","weekly_payout_days":["monday"]},"statement_descriptor":null},"paypay_payments":{},"sepa_debit_payments":{}},"type":"standard"}}
2026-06-13T02:31:53+00:00 DEBUG 
====Stripe Version: 9.9.2====
====Stripe Plugin API Version: 2024-06-20====
====Start Log====
Stripe Express Checkout does not support free products.
====End Log====

2026-06-13T02:31:53+00:00 DEBUG 
====Stripe Version: 9.9.2====
====Stripe Plugin API Version: 2024-06-20====
====Start Log====
Stripe Express Checkout does not support free products.
====End Log====

2026-06-13T04:30:32+00:00 DEBUG Stripe API request: GET account CONTEXT: {"stripe_version":"9.9.2","stripe_api_version":"2024-06-20"}
2026-06-13T04:30:32+00:00 DEBUG Stripe API response: GET account CONTEXT: {"stripe_version":"9.9.2","stripe_api_version":"2024-06-20","response":{"id":"acct_1SCzgW0Q3J9q34Tt","object":"account","business_profile":{"annual_revenue":null,"estimated_worker_count":null,"mcc":"8398","minority_owned_business_designation":null,"name":"WRBLO","support_address":null,"support_email":null,"support_phone":"+443333397980","support_url":null,"url":"https://wrblo.org"},"business_type":"non_profit","capabilities":{"afterpay_clearpay_payments":"inactive","amazon_pay_payments":"active","bancontact_payments":"active","card_payments":"active","cartes_bancaires_payments":"pending","eps_payments":"active","kakao_pay_payments":"active","klarna_payments":"inactive","link_payments":"active","naver_pay_payments":"active","payco_payments":"active","revolut_pay_payments":"active","samsung_pay_payments":"active","transfers":"active"},"charges_enabled":true,"company":{"name":"WRBLO Community Interest Company","structure":"incorporated_non_profit"},"controller":{"type":"account"},"country":"GB","default_currency":"gbp","details_submitted":true,"email":"financeteam@wrblo.org","future_requirements":{"alternatives":[],"current_deadline":null,"currently_due":[],"disabled_reason":null,"errors":[],"eventually_due":[],"past_due":[],"pending_verification":[]},"metadata":{},"payouts_enabled":true,"requirements":{"alternatives":[],"current_deadline":1785301910,"currently_due":["person_1SCzs00Q3J9q34Tttpbwc6w7.address.city","person_1SCzs00Q3J9q34Tttpbwc6w7.address.line1","person_1SCzs00Q3J9q34Tttpbwc6w7.address.postal_code","person_1SCzsm0Q3J9q34TtYOgUejPq.address.city","person_1SCzsm0Q3J9q34TtYOgUejPq.address.line1","person_1SCzsm0Q3J9q34TtYOgUejPq.address.postal_code","person_1TfmJP0Q3J9q34TtOHuQOe5r.address.city","person_1TfmJP0Q3J9q34TtOHuQOe5r.address.line1","person_1TfmJP0Q3J9q34TtOHuQOe5r.address.postal_code","person_1TfmJP0Q3J9q34TtOHuQOe5r.dob.day","person_1TfmJP0Q3J9q34TtOHuQOe5r.dob.month","person_1TfmJP0Q3J9q34TtOHuQOe5r.dob.year","person_1TfmJP0Q3J9q34TtOHuQOe5r.email","person_1TfmJP0Q3J9q34TtOHuQOe5r.relationship.title","person_1TfmJP0Q3J9q34TtlXYM8vAU.address.city","person_1TfmJP0Q3J9q34TtlXYM8vAU.address.line1","person_1TfmJP0Q3J9q34TtlXYM8vAU.address.postal_code","person_1TfmJP0Q3J9q34TtlXYM8vAU.dob.day","person_1TfmJP0Q3J9q34TtlXYM8vAU.dob.month","person_1TfmJP0Q3J9q34TtlXYM8vAU.dob.year","person_1TfmJP0Q3J9q34TtlXYM8vAU.email","person_1TfmJP0Q3J9q34TtlXYM8vAU.relationship.title"],"disabled_reason":null,"errors":[],"eventually_due":["person_1SCzs00Q3J9q34Tttpbwc6w7.address.city","person_1SCzs00Q3J9q34Tttpbwc6w7.address.line1","person_1SCzs00Q3J9q34Tttpbwc6w7.address.postal_code","person_1SCzsm0Q3J9q34TtYOgUejPq.address.city","person_1SCzsm0Q3J9q34TtYOgUejPq.address.line1","person_1SCzsm0Q3J9q34TtYOgUejPq.address.postal_code","person_1TfmJP0Q3J9q34TtOHuQOe5r.address.city","person_1TfmJP0Q3J9q34TtOHuQOe5r.address.line1","person_1TfmJP0Q3J9q34TtOHuQOe5r.address.postal_code","person_1TfmJP0Q3J9q34TtOHuQOe5r.dob.day","person_1TfmJP0Q3J9q34TtOHuQOe5r.dob.month","person_1TfmJP0Q3J9q34TtOHuQOe5r.dob.year","person_1TfmJP0Q3J9q34TtOHuQOe5r.email","person_1TfmJP0Q3J9q34TtOHuQOe5r.relationship.title","person_1TfmJP0Q3J9q34TtlXYM8vAU.address.city","person_1TfmJP0Q3J9q34TtlXYM8vAU.address.line1","person_1TfmJP0Q3J9q34TtlXYM8vAU.address.postal_code","person_1TfmJP0Q3J9q34TtlXYM8vAU.dob.day","person_1TfmJP0Q3J9q34TtlXYM8vAU.dob.month","person_1TfmJP0Q3J9q34TtlXYM8vAU.dob.year","person_1TfmJP0Q3J9q34TtlXYM8vAU.email","person_1TfmJP0Q3J9q34TtlXYM8vAU.relationship.title"],"past_due":[],"pending_verification":[]},"settings":{"bacs_debit_payments":{"display_name":"Stripe","service_user_number":"449900"},"branding":{"icon":null,"logo":null,"primary_color":null,"secondary_color":null},"card_issuing":{"tos_acceptance":{"date":null,"ip":null}},"card_payments":{"statement_descriptor_prefix":null,"statement_descriptor_prefix_kana":null,"statement_descriptor_prefix_kanji":null},"dashboard":{"display_name":"WRBLO","timezone":"Europe/London"},"invoices":{"default_account_tax_ids":null,"hosted_payment_method_save":"offer"},"payments":{"statement_descriptor":"WRBLO","statement_descriptor_kana":null,"statement_descriptor_kanji":null},"payouts":{"debit_negative_balances":true,"schedule":{"delay_days":3,"interval":"weekly","weekly_anchor":"monday","weekly_payout_days":["monday"]},"statement_descriptor":null},"paypay_payments":{},"sepa_debit_payments":{}},"type":"standard"}}
2026-06-13T05:03:53+00:00 DEBUG 
====Stripe Version: 9.9.2====
====Stripe Plugin API Version: 2024-06-20====
====Start Log====
Stripe Express Checkout does not support free products.
====End Log====

2026-06-13T05:03:53+00:00 DEBUG 
====Stripe Version: 9.9.2====
====Stripe Plugin API Version: 2024-06-20====
====Start Log====
Stripe Express Checkout does not support free products.
====End Log====

2026-06-13T06:13:49+00:00 DEBUG 
====Stripe Version: 9.9.2====
====Stripe Plugin API Version: 2024-06-20====
====Start Log====
Stripe Express Checkout does not support free products.
====End Log====

2026-06-13T06:13:49+00:00 DEBUG 
====Stripe Version: 9.9.2====
====Stripe Plugin API Version: 2024-06-20====
====Start Log====
Stripe Express Checkout does not support free products.
====End Log====

2026-06-13T06:13:52+00:00 DEBUG 
====Stripe Version: 9.9.2====
====Stripe Plugin API Version: 2024-06-20====
====Start Log====
Stripe Express Checkout does not support free products.
====End Log====

2026-06-13T06:13:52+00:00 DEBUG 
====Stripe Version: 9.9.2====
====Stripe Plugin API Version: 2024-06-20====
====Start Log====
Stripe Express Checkout does not support free products.
====End Log====

2026-06-13T06:14:25+00:00 DEBUG 
====Stripe Version: 9.9.2====
====Stripe Plugin API Version: 2024-06-20====
====Start Log====
Stripe Express Checkout does not support free products.
====End Log====

2026-06-13T06:14:25+00:00 DEBUG 
====Stripe Version: 9.9.2====
====Stripe Plugin API Version: 2024-06-20====
====Start Log====
Stripe Express Checkout does not support free products.
====End Log====

2026-06-13T06:15:11+00:00 DEBUG 
====Stripe Version: 9.9.2====
====Stripe Plugin API Version: 2024-06-20====
====Start Log====
Stripe Express Checkout does not support free products.
====End Log====

2026-06-13T06:15:11+00:00 DEBUG 
====Stripe Version: 9.9.2====
====Stripe Plugin API Version: 2024-06-20====
====Start Log====
Stripe Express Checkout does not support free products.
====End Log====

2026-06-13T06:15:17+00:00 DEBUG 
====Stripe Version: 9.9.2====
====Stripe Plugin API Version: 2024-06-20====
====Start Log====
Stripe Express Checkout does not support free products.
====End Log====

2026-06-13T06:15:17+00:00 DEBUG 
====Stripe Version: 9.9.2====
====Stripe Plugin API Version: 2024-06-20====
====Start Log====
Stripe Express Checkout does not support free products.
====End Log====

2026-06-13T06:15:19+00:00 DEBUG 
====Stripe Version: 9.9.2====
====Stripe Plugin API Version: 2024-06-20====
====Start Log====
Stripe Express Checkout does not support free products.
====End Log====

2026-06-13T06:15:19+00:00 DEBUG 
====Stripe Version: 9.9.2====
====Stripe Plugin API Version: 2024-06-20====
====Start Log====
Stripe Express Checkout does not support free products.
====End Log====

2026-06-13T06:17:10+00:00 DEBUG 
====Stripe Version: 9.9.2====
====Stripe Plugin API Version: 2024-06-20====
====Start Log====
Stripe Express Checkout does not support free products.
====End Log====

2026-06-13T06:17:10+00:00 DEBUG 
====Stripe Version: 9.9.2====
====Stripe Plugin API Version: 2024-06-20====
====Start Log====
Stripe Express Checkout does not support free products.
====End Log====

2026-06-13T07:16:24+00:00 DEBUG Stripe API request: GET account CONTEXT: {"stripe_version":"9.9.2","stripe_api_version":"2024-06-20"}
2026-06-13T07:16:25+00:00 DEBUG Stripe API response: GET account CONTEXT: {"stripe_version":"9.9.2","stripe_api_version":"2024-06-20","response":{"id":"acct_1SCzgW0Q3J9q34Tt","object":"account","business_profile":{"annual_revenue":null,"estimated_worker_count":null,"mcc":"8398","minority_owned_business_designation":null,"name":"WRBLO","support_address":null,"support_email":null,"support_phone":"+443333397980","support_url":null,"url":"https://wrblo.org"},"business_type":"non_profit","capabilities":{"afterpay_clearpay_payments":"inactive","amazon_pay_payments":"active","bancontact_payments":"active","card_payments":"active","cartes_bancaires_payments":"pending","eps_payments":"active","kakao_pay_payments":"active","klarna_payments":"inactive","link_payments":"active","naver_pay_payments":"active","payco_payments":"active","revolut_pay_payments":"active","samsung_pay_payments":"active","transfers":"active"},"charges_enabled":true,"company":{"name":"WRBLO Community Interest Company","structure":"incorporated_non_profit"},"controller":{"type":"account"},"country":"GB","default_currency":"gbp","details_submitted":true,"email":"financeteam@wrblo.org","future_requirements":{"alternatives":[],"current_deadline":null,"currently_due":[],"disabled_reason":null,"errors":[],"eventually_due":[],"past_due":[],"pending_verification":[]},"metadata":{},"payouts_enabled":true,"requirements":{"alternatives":[],"current_deadline":1785301910,"currently_due":["person_1SCzs00Q3J9q34Tttpbwc6w7.address.city","person_1SCzs00Q3J9q34Tttpbwc6w7.address.line1","person_1SCzs00Q3J9q34Tttpbwc6w7.address.postal_code","person_1SCzsm0Q3J9q34TtYOgUejPq.address.city","person_1SCzsm0Q3J9q34TtYOgUejPq.address.line1","person_1SCzsm0Q3J9q34TtYOgUejPq.address.postal_code","person_1TfmJP0Q3J9q34TtOHuQOe5r.address.city","person_1TfmJP0Q3J9q34TtOHuQOe5r.address.line1","person_1TfmJP0Q3J9q34TtOHuQOe5r.address.postal_code","person_1TfmJP0Q3J9q34TtOHuQOe5r.dob.day","person_1TfmJP0Q3J9q34TtOHuQOe5r.dob.month","person_1TfmJP0Q3J9q34TtOHuQOe5r.dob.year","person_1TfmJP0Q3J9q34TtOHuQOe5r.email","person_1TfmJP0Q3J9q34TtOHuQOe5r.relationship.title","person_1TfmJP0Q3J9q34TtlXYM8vAU.address.city","person_1TfmJP0Q3J9q34TtlXYM8vAU.address.line1","person_1TfmJP0Q3J9q34TtlXYM8vAU.address.postal_code","person_1TfmJP0Q3J9q34TtlXYM8vAU.dob.day","person_1TfmJP0Q3J9q34TtlXYM8vAU.dob.month","person_1TfmJP0Q3J9q34TtlXYM8vAU.dob.year","person_1TfmJP0Q3J9q34TtlXYM8vAU.email","person_1TfmJP0Q3J9q34TtlXYM8vAU.relationship.title"],"disabled_reason":null,"errors":[],"eventually_due":["person_1SCzs00Q3J9q34Tttpbwc6w7.address.city","person_1SCzs00Q3J9q34Tttpbwc6w7.address.line1","person_1SCzs00Q3J9q34Tttpbwc6w7.address.postal_code","person_1SCzsm0Q3J9q34TtYOgUejPq.address.city","person_1SCzsm0Q3J9q34TtYOgUejPq.address.line1","person_1SCzsm0Q3J9q34TtYOgUejPq.address.postal_code","person_1TfmJP0Q3J9q34TtOHuQOe5r.address.city","person_1TfmJP0Q3J9q34TtOHuQOe5r.address.line1","person_1TfmJP0Q3J9q34TtOHuQOe5r.address.postal_code","person_1TfmJP0Q3J9q34TtOHuQOe5r.dob.day","person_1TfmJP0Q3J9q34TtOHuQOe5r.dob.month","person_1TfmJP0Q3J9q34TtOHuQOe5r.dob.year","person_1TfmJP0Q3J9q34TtOHuQOe5r.email","person_1TfmJP0Q3J9q34TtOHuQOe5r.relationship.title","person_1TfmJP0Q3J9q34TtlXYM8vAU.address.city","person_1TfmJP0Q3J9q34TtlXYM8vAU.address.line1","person_1TfmJP0Q3J9q34TtlXYM8vAU.address.postal_code","person_1TfmJP0Q3J9q34TtlXYM8vAU.dob.day","person_1TfmJP0Q3J9q34TtlXYM8vAU.dob.month","person_1TfmJP0Q3J9q34TtlXYM8vAU.dob.year","person_1TfmJP0Q3J9q34TtlXYM8vAU.email","person_1TfmJP0Q3J9q34TtlXYM8vAU.relationship.title"],"past_due":[],"pending_verification":[]},"settings":{"bacs_debit_payments":{"display_name":"Stripe","service_user_number":"449900"},"branding":{"icon":null,"logo":null,"primary_color":null,"secondary_color":null},"card_issuing":{"tos_acceptance":{"date":null,"ip":null}},"card_payments":{"statement_descriptor_prefix":null,"statement_descriptor_prefix_kana":null,"statement_descriptor_prefix_kanji":null},"dashboard":{"display_name":"WRBLO","timezone":"Europe/London"},"invoices":{"default_account_tax_ids":null,"hosted_payment_method_save":"offer"},"payments":{"statement_descriptor":"WRBLO","statement_descriptor_kana":null,"statement_descriptor_kanji":null},"payouts":{"debit_negative_balances":true,"schedule":{"delay_days":3,"interval":"weekly","weekly_anchor":"monday","weekly_payout_days":["monday"]},"statement_descriptor":null},"paypay_payments":{},"sepa_debit_payments":{}},"type":"standard"}}
2026-06-13T07:16:25+00:00 DEBUG 
====Stripe Version: 9.9.2====
====Stripe Plugin API Version: 2024-06-20====
====Start Log====
Stripe Express Checkout does not support free products.
====End Log====

2026-06-13T07:16:25+00:00 DEBUG 
====Stripe Version: 9.9.2====
====Stripe Plugin API Version: 2024-06-20====
====Start Log====
Stripe Express Checkout does not support free products.
====End Log====

2026-06-13T07:33:47+00:00 DEBUG 
====Stripe Version: 9.9.2====
====Stripe Plugin API Version: 2024-06-20====
====Start Log====
Stripe Express Checkout does not support free products.
====End Log====

2026-06-13T07:33:47+00:00 DEBUG 
====Stripe Version: 9.9.2====
====Stripe Plugin API Version: 2024-06-20====
====Start Log====
Stripe Express Checkout does not support free products.
====End Log====

2026-06-13T07:44:31+00:00 DEBUG Daily asynchronous cache cleanup already scheduled CONTEXT: {"stripe_version":"9.9.2","stripe_api_version":"2024-06-20"}
2026-06-13T08:08:10+00:00 DEBUG 
====Stripe Version: 9.9.2====
====Stripe Plugin API Version: 2024-06-20====
====Start Log====
Stripe Express Checkout does not support free products.
====End Log====

2026-06-13T08:08:10+00:00 DEBUG 
====Stripe Version: 9.9.2====
====Stripe Plugin API Version: 2024-06-20====
====Start Log====
Stripe Express Checkout does not support free products.
====End Log====

2026-06-13T08:08:15+00:00 DEBUG 
====Stripe Version: 9.9.2====
====Stripe Plugin API Version: 2024-06-20====
====Start Log====
Stripe Express Checkout does not support free products.
====End Log====

2026-06-13T08:08:15+00:00 DEBUG 
====Stripe Version: 9.9.2====
====Stripe Plugin API Version: 2024-06-20====
====Start Log====
Stripe Express Checkout does not support free products.
====End Log====

2026-06-13T08:08:18+00:00 DEBUG 
====Stripe Version: 9.9.2====
====Stripe Plugin API Version: 2024-06-20====
====Start Log====
Stripe Express Checkout does not support free products.
====End Log====

2026-06-13T08:08:19+00:00 DEBUG 
====Stripe Version: 9.9.2====
====Stripe Plugin API Version: 2024-06-20====
====Start Log====
Stripe Express Checkout does not support free products.
====End Log====

2026-06-13T08:08:27+00:00 DEBUG 
====Stripe Version: 9.9.2====
====Stripe Plugin API Version: 2024-06-20====
====Start Log====
Stripe Express Checkout does not support free products.
====End Log====

2026-06-13T08:08:27+00:00 DEBUG 
====Stripe Version: 9.9.2====
====Stripe Plugin API Version: 2024-06-20====
====Start Log====
Stripe Express Checkout does not support free products.
====End Log====

2026-06-13T08:32:29+00:00 DEBUG 
====Stripe Version: 9.9.2====
====Stripe Plugin API Version: 2024-06-20====
====Start Log====
Stripe Express Checkout does not support free products.
====End Log====

2026-06-13T08:32:29+00:00 DEBUG 
====Stripe Version: 9.9.2====
====Stripe Plugin API Version: 2024-06-20====
====Start Log====
Stripe Express Checkout does not support free products.
====End Log====

2026-06-13T10:27:39+00:00 DEBUG Stripe API request: GET account CONTEXT: {"stripe_version":"9.9.2","stripe_api_version":"2024-06-20"}
2026-06-13T10:27:40+00:00 DEBUG Stripe API response: GET account CONTEXT: {"stripe_version":"9.9.2","stripe_api_version":"2024-06-20","response":{"id":"acct_1SCzgW0Q3J9q34Tt","object":"account","business_profile":{"annual_revenue":null,"estimated_worker_count":null,"mcc":"8398","minority_owned_business_designation":null,"name":"WRBLO","support_address":null,"support_email":null,"support_phone":"+443333397980","support_url":null,"url":"https://wrblo.org"},"business_type":"non_profit","capabilities":{"afterpay_clearpay_payments":"inactive","amazon_pay_payments":"active","bancontact_payments":"active","card_payments":"active","cartes_bancaires_payments":"pending","eps_payments":"active","kakao_pay_payments":"active","klarna_payments":"inactive","link_payments":"active","naver_pay_payments":"active","payco_payments":"active","revolut_pay_payments":"active","samsung_pay_payments":"active","transfers":"active"},"charges_enabled":true,"company":{"name":"WRBLO Community Interest Company","structure":"incorporated_non_profit"},"controller":{"type":"account"},"country":"GB","default_currency":"gbp","details_submitted":true,"email":"financeteam@wrblo.org","future_requirements":{"alternatives":[],"current_deadline":null,"currently_due":[],"disabled_reason":null,"errors":[],"eventually_due":[],"past_due":[],"pending_verification":[]},"metadata":{},"payouts_enabled":true,"requirements":{"alternatives":[],"current_deadline":1785301910,"currently_due":["person_1SCzs00Q3J9q34Tttpbwc6w7.address.city","person_1SCzs00Q3J9q34Tttpbwc6w7.address.line1","person_1SCzs00Q3J9q34Tttpbwc6w7.address.postal_code","person_1SCzsm0Q3J9q34TtYOgUejPq.address.city","person_1SCzsm0Q3J9q34TtYOgUejPq.address.line1","person_1SCzsm0Q3J9q34TtYOgUejPq.address.postal_code","person_1TfmJP0Q3J9q34TtOHuQOe5r.address.city","person_1TfmJP0Q3J9q34TtOHuQOe5r.address.line1","person_1TfmJP0Q3J9q34TtOHuQOe5r.address.postal_code","person_1TfmJP0Q3J9q34TtOHuQOe5r.dob.day","person_1TfmJP0Q3J9q34TtOHuQOe5r.dob.month","person_1TfmJP0Q3J9q34TtOHuQOe5r.dob.year","person_1TfmJP0Q3J9q34TtOHuQOe5r.email","person_1TfmJP0Q3J9q34TtOHuQOe5r.relationship.title","person_1TfmJP0Q3J9q34TtlXYM8vAU.address.city","person_1TfmJP0Q3J9q34TtlXYM8vAU.address.line1","person_1TfmJP0Q3J9q34TtlXYM8vAU.address.postal_code","person_1TfmJP0Q3J9q34TtlXYM8vAU.dob.day","person_1TfmJP0Q3J9q34TtlXYM8vAU.dob.month","person_1TfmJP0Q3J9q34TtlXYM8vAU.dob.year","person_1TfmJP0Q3J9q34TtlXYM8vAU.email","person_1TfmJP0Q3J9q34TtlXYM8vAU.relationship.title"],"disabled_reason":null,"errors":[],"eventually_due":["person_1SCzs00Q3J9q34Tttpbwc6w7.address.city","person_1SCzs00Q3J9q34Tttpbwc6w7.address.line1","person_1SCzs00Q3J9q34Tttpbwc6w7.address.postal_code","person_1SCzsm0Q3J9q34TtYOgUejPq.address.city","person_1SCzsm0Q3J9q34TtYOgUejPq.address.line1","person_1SCzsm0Q3J9q34TtYOgUejPq.address.postal_code","person_1TfmJP0Q3J9q34TtOHuQOe5r.address.city","person_1TfmJP0Q3J9q34TtOHuQOe5r.address.line1","person_1TfmJP0Q3J9q34TtOHuQOe5r.address.postal_code","person_1TfmJP0Q3J9q34TtOHuQOe5r.dob.day","person_1TfmJP0Q3J9q34TtOHuQOe5r.dob.month","person_1TfmJP0Q3J9q34TtOHuQOe5r.dob.year","person_1TfmJP0Q3J9q34TtOHuQOe5r.email","person_1TfmJP0Q3J9q34TtOHuQOe5r.relationship.title","person_1TfmJP0Q3J9q34TtlXYM8vAU.address.city","person_1TfmJP0Q3J9q34TtlXYM8vAU.address.line1","person_1TfmJP0Q3J9q34TtlXYM8vAU.address.postal_code","person_1TfmJP0Q3J9q34TtlXYM8vAU.dob.day","person_1TfmJP0Q3J9q34TtlXYM8vAU.dob.month","person_1TfmJP0Q3J9q34TtlXYM8vAU.dob.year","person_1TfmJP0Q3J9q34TtlXYM8vAU.email","person_1TfmJP0Q3J9q34TtlXYM8vAU.relationship.title"],"past_due":[],"pending_verification":[]},"settings":{"bacs_debit_payments":{"display_name":"Stripe","service_user_number":"449900"},"branding":{"icon":null,"logo":null,"primary_color":null,"secondary_color":null},"card_issuing":{"tos_acceptance":{"date":null,"ip":null}},"card_payments":{"statement_descriptor_prefix":null,"statement_descriptor_prefix_kana":null,"statement_descriptor_prefix_kanji":null},"dashboard":{"display_name":"WRBLO","timezone":"Europe/London"},"invoices":{"default_account_tax_ids":null,"hosted_payment_method_save":"offer"},"payments":{"statement_descriptor":"WRBLO","statement_descriptor_kana":null,"statement_descriptor_kanji":null},"payouts":{"debit_negative_balances":true,"schedule":{"delay_days":3,"interval":"weekly","weekly_anchor":"monday","weekly_payout_days":["monday"]},"statement_descriptor":null},"paypay_payments":{},"sepa_debit_payments":{}},"type":"standard"}}
2026-06-13T11:20:18+00:00 DEBUG 
====Stripe Version: 9.9.2====
====Stripe Plugin API Version: 2024-06-20====
====Start Log====
Your domain has been registered with Apple Pay!
====End Log====

2026-06-13T12:35:33+00:00 DEBUG Stripe API request: GET account CONTEXT: {"stripe_version":"9.9.2","stripe_api_version":"2024-06-20"}
2026-06-13T12:35:33+00:00 DEBUG Stripe API response: GET account CONTEXT: {"stripe_version":"9.9.2","stripe_api_version":"2024-06-20","response":{"id":"acct_1SCzgW0Q3J9q34Tt","object":"account","business_profile":{"annual_revenue":null,"estimated_worker_count":null,"mcc":"8398","minority_owned_business_designation":null,"name":"WRBLO","support_address":null,"support_email":null,"support_phone":"+443333397980","support_url":null,"url":"https://wrblo.org"},"business_type":"non_profit","capabilities":{"afterpay_clearpay_payments":"inactive","amazon_pay_payments":"active","bancontact_payments":"active","card_payments":"active","cartes_bancaires_payments":"pending","eps_payments":"active","kakao_pay_payments":"active","klarna_payments":"inactive","link_payments":"active","naver_pay_payments":"active","payco_payments":"active","revolut_pay_payments":"active","samsung_pay_payments":"active","transfers":"active"},"charges_enabled":true,"company":{"name":"WRBLO Community Interest Company","structure":"incorporated_non_profit"},"controller":{"type":"account"},"country":"GB","default_currency":"gbp","details_submitted":true,"email":"financeteam@wrblo.org","future_requirements":{"alternatives":[],"current_deadline":null,"currently_due":[],"disabled_reason":null,"errors":[],"eventually_due":[],"past_due":[],"pending_verification":[]},"metadata":{},"payouts_enabled":true,"requirements":{"alternatives":[],"current_deadline":1785301910,"currently_due":["person_1SCzs00Q3J9q34Tttpbwc6w7.address.city","person_1SCzs00Q3J9q34Tttpbwc6w7.address.line1","person_1SCzs00Q3J9q34Tttpbwc6w7.address.postal_code","person_1SCzsm0Q3J9q34TtYOgUejPq.address.city","person_1SCzsm0Q3J9q34TtYOgUejPq.address.line1","person_1SCzsm0Q3J9q34TtYOgUejPq.address.postal_code","person_1TfmJP0Q3J9q34TtOHuQOe5r.address.city","person_1TfmJP0Q3J9q34TtOHuQOe5r.address.line1","person_1TfmJP0Q3J9q34TtOHuQOe5r.address.postal_code","person_1TfmJP0Q3J9q34TtOHuQOe5r.dob.day","person_1TfmJP0Q3J9q34TtOHuQOe5r.dob.month","person_1TfmJP0Q3J9q34TtOHuQOe5r.dob.year","person_1TfmJP0Q3J9q34TtOHuQOe5r.email","person_1TfmJP0Q3J9q34TtOHuQOe5r.relationship.title","person_1TfmJP0Q3J9q34TtlXYM8vAU.address.city","person_1TfmJP0Q3J9q34TtlXYM8vAU.address.line1","person_1TfmJP0Q3J9q34TtlXYM8vAU.address.postal_code","person_1TfmJP0Q3J9q34TtlXYM8vAU.dob.day","person_1TfmJP0Q3J9q34TtlXYM8vAU.dob.month","person_1TfmJP0Q3J9q34TtlXYM8vAU.dob.year","person_1TfmJP0Q3J9q34TtlXYM8vAU.email","person_1TfmJP0Q3J9q34TtlXYM8vAU.relationship.title"],"disabled_reason":null,"errors":[],"eventually_due":["person_1SCzs00Q3J9q34Tttpbwc6w7.address.city","person_1SCzs00Q3J9q34Tttpbwc6w7.address.line1","person_1SCzs00Q3J9q34Tttpbwc6w7.address.postal_code","person_1SCzsm0Q3J9q34TtYOgUejPq.address.city","person_1SCzsm0Q3J9q34TtYOgUejPq.address.line1","person_1SCzsm0Q3J9q34TtYOgUejPq.address.postal_code","person_1TfmJP0Q3J9q34TtOHuQOe5r.address.city","person_1TfmJP0Q3J9q34TtOHuQOe5r.address.line1","person_1TfmJP0Q3J9q34TtOHuQOe5r.address.postal_code","person_1TfmJP0Q3J9q34TtOHuQOe5r.dob.day","person_1TfmJP0Q3J9q34TtOHuQOe5r.dob.month","person_1TfmJP0Q3J9q34TtOHuQOe5r.dob.year","person_1TfmJP0Q3J9q34TtOHuQOe5r.email","person_1TfmJP0Q3J9q34TtOHuQOe5r.relationship.title","person_1TfmJP0Q3J9q34TtlXYM8vAU.address.city","person_1TfmJP0Q3J9q34TtlXYM8vAU.address.line1","person_1TfmJP0Q3J9q34TtlXYM8vAU.address.postal_code","person_1TfmJP0Q3J9q34TtlXYM8vAU.dob.day","person_1TfmJP0Q3J9q34TtlXYM8vAU.dob.month","person_1TfmJP0Q3J9q34TtlXYM8vAU.dob.year","person_1TfmJP0Q3J9q34TtlXYM8vAU.email","person_1TfmJP0Q3J9q34TtlXYM8vAU.relationship.title"],"past_due":[],"pending_verification":[]},"settings":{"bacs_debit_payments":{"display_name":"Stripe","service_user_number":"449900"},"branding":{"icon":null,"logo":null,"primary_color":null,"secondary_color":null},"card_issuing":{"tos_acceptance":{"date":null,"ip":null}},"card_payments":{"statement_descriptor_prefix":null,"statement_descriptor_prefix_kana":null,"statement_descriptor_prefix_kanji":null},"dashboard":{"display_name":"WRBLO","timezone":"Europe/London"},"invoices":{"default_account_tax_ids":null,"hosted_payment_method_save":"offer"},"payments":{"statement_descriptor":"WRBLO","statement_descriptor_kana":null,"statement_descriptor_kanji":null},"payouts":{"debit_negative_balances":true,"schedule":{"delay_days":3,"interval":"weekly","weekly_anchor":"monday","weekly_payout_days":["monday"]},"statement_descriptor":null},"paypay_payments":{},"sepa_debit_payments":{}},"type":"standard"}}
2026-06-13T12:35:33+00:00 DEBUG 
====Stripe Version: 9.9.2====
====Stripe Plugin API Version: 2024-06-20====
====Start Log====
Stripe Express Checkout does not support free products.
====End Log====

2026-06-13T12:35:33+00:00 DEBUG 
====Stripe Version: 9.9.2====
====Stripe Plugin API Version: 2024-06-20====
====Start Log====
Stripe Express Checkout does not support free products.
====End Log====

2026-06-13T12:41:33+00:00 DEBUG 
====Stripe Version: 9.9.2====
====Stripe Plugin API Version: 2024-06-20====
====Start Log====
Your domain has been registered with Apple Pay!
====End Log====

2026-06-13T13:14:20+00:00 DEBUG 
====Stripe Version: 9.9.2====
====Stripe Plugin API Version: 2024-06-20====
====Start Log====
Stripe Express Checkout does not support free products.
====End Log====

2026-06-13T13:14:20+00:00 DEBUG 
====Stripe Version: 9.9.2====
====Stripe Plugin API Version: 2024-06-20====
====Start Log====
Stripe Express Checkout does not support free products.
====End Log====

2026-06-13T13:23:34+00:00 DEBUG 
====Stripe Version: 9.9.2====
====Stripe Plugin API Version: 2024-06-20====
====Start Log====
Stripe Express Checkout does not support free products.
====End Log====

2026-06-13T13:23:34+00:00 DEBUG 
====Stripe Version: 9.9.2====
====Stripe Plugin API Version: 2024-06-20====
====Start Log====
Stripe Express Checkout does not support free products.
====End Log====

2026-06-13T15:00:13+00:00 DEBUG Stripe API request: GET account CONTEXT: {"stripe_version":"9.9.2","stripe_api_version":"2024-06-20"}
2026-06-13T15:00:14+00:00 DEBUG Stripe API response: GET account CONTEXT: {"stripe_version":"9.9.2","stripe_api_version":"2024-06-20","response":{"id":"acct_1SCzgW0Q3J9q34Tt","object":"account","business_profile":{"annual_revenue":null,"estimated_worker_count":null,"mcc":"8398","minority_owned_business_designation":null,"name":"WRBLO","support_address":null,"support_email":null,"support_phone":"+443333397980","support_url":null,"url":"https://wrblo.org"},"business_type":"non_profit","capabilities":{"afterpay_clearpay_payments":"inactive","amazon_pay_payments":"active","bancontact_payments":"active","card_payments":"active","cartes_bancaires_payments":"pending","eps_payments":"active","kakao_pay_payments":"active","klarna_payments":"inactive","link_payments":"active","naver_pay_payments":"active","payco_payments":"active","revolut_pay_payments":"active","samsung_pay_payments":"active","transfers":"active"},"charges_enabled":true,"company":{"name":"WRBLO Community Interest Company","structure":"incorporated_non_profit"},"controller":{"type":"account"},"country":"GB","default_currency":"gbp","details_submitted":true,"email":"financeteam@wrblo.org","future_requirements":{"alternatives":[],"current_deadline":null,"currently_due":[],"disabled_reason":null,"errors":[],"eventually_due":[],"past_due":[],"pending_verification":[]},"metadata":{},"payouts_enabled":true,"requirements":{"alternatives":[],"current_deadline":1785301910,"currently_due":["person_1SCzs00Q3J9q34Tttpbwc6w7.address.city","person_1SCzs00Q3J9q34Tttpbwc6w7.address.line1","person_1SCzs00Q3J9q34Tttpbwc6w7.address.postal_code","person_1SCzsm0Q3J9q34TtYOgUejPq.address.city","person_1SCzsm0Q3J9q34TtYOgUejPq.address.line1","person_1SCzsm0Q3J9q34TtYOgUejPq.address.postal_code","person_1TfmJP0Q3J9q34TtOHuQOe5r.address.city","person_1TfmJP0Q3J9q34TtOHuQOe5r.address.line1","person_1TfmJP0Q3J9q34TtOHuQOe5r.address.postal_code","person_1TfmJP0Q3J9q34TtOHuQOe5r.dob.day","person_1TfmJP0Q3J9q34TtOHuQOe5r.dob.month","person_1TfmJP0Q3J9q34TtOHuQOe5r.dob.year","person_1TfmJP0Q3J9q34TtOHuQOe5r.email","person_1TfmJP0Q3J9q34TtOHuQOe5r.relationship.title","person_1TfmJP0Q3J9q34TtlXYM8vAU.address.city","person_1TfmJP0Q3J9q34TtlXYM8vAU.address.line1","person_1TfmJP0Q3J9q34TtlXYM8vAU.address.postal_code","person_1TfmJP0Q3J9q34TtlXYM8vAU.dob.day","person_1TfmJP0Q3J9q34TtlXYM8vAU.dob.month","person_1TfmJP0Q3J9q34TtlXYM8vAU.dob.year","person_1TfmJP0Q3J9q34TtlXYM8vAU.email","person_1TfmJP0Q3J9q34TtlXYM8vAU.relationship.title"],"disabled_reason":null,"errors":[],"eventually_due":["person_1SCzs00Q3J9q34Tttpbwc6w7.address.city","person_1SCzs00Q3J9q34Tttpbwc6w7.address.line1","person_1SCzs00Q3J9q34Tttpbwc6w7.address.postal_code","person_1SCzsm0Q3J9q34TtYOgUejPq.address.city","person_1SCzsm0Q3J9q34TtYOgUejPq.address.line1","person_1SCzsm0Q3J9q34TtYOgUejPq.address.postal_code","person_1TfmJP0Q3J9q34TtOHuQOe5r.address.city","person_1TfmJP0Q3J9q34TtOHuQOe5r.address.line1","person_1TfmJP0Q3J9q34TtOHuQOe5r.address.postal_code","person_1TfmJP0Q3J9q34TtOHuQOe5r.dob.day","person_1TfmJP0Q3J9q34TtOHuQOe5r.dob.month","person_1TfmJP0Q3J9q34TtOHuQOe5r.dob.year","person_1TfmJP0Q3J9q34TtOHuQOe5r.email","person_1TfmJP0Q3J9q34TtOHuQOe5r.relationship.title","person_1TfmJP0Q3J9q34TtlXYM8vAU.address.city","person_1TfmJP0Q3J9q34TtlXYM8vAU.address.line1","person_1TfmJP0Q3J9q34TtlXYM8vAU.address.postal_code","person_1TfmJP0Q3J9q34TtlXYM8vAU.dob.day","person_1TfmJP0Q3J9q34TtlXYM8vAU.dob.month","person_1TfmJP0Q3J9q34TtlXYM8vAU.dob.year","person_1TfmJP0Q3J9q34TtlXYM8vAU.email","person_1TfmJP0Q3J9q34TtlXYM8vAU.relationship.title"],"past_due":[],"pending_verification":[]},"settings":{"bacs_debit_payments":{"display_name":"Stripe","service_user_number":"449900"},"branding":{"icon":null,"logo":null,"primary_color":null,"secondary_color":null},"card_issuing":{"tos_acceptance":{"date":null,"ip":null}},"card_payments":{"statement_descriptor_prefix":null,"statement_descriptor_prefix_kana":null,"statement_descriptor_prefix_kanji":null},"dashboard":{"display_name":"WRBLO","timezone":"Europe/London"},"invoices":{"default_account_tax_ids":null,"hosted_payment_method_save":"offer"},"payments":{"statement_descriptor":"WRBLO","statement_descriptor_kana":null,"statement_descriptor_kanji":null},"payouts":{"debit_negative_balances":true,"schedule":{"delay_days":3,"interval":"weekly","weekly_anchor":"monday","weekly_payout_days":["monday"]},"statement_descriptor":null},"paypay_payments":{},"sepa_debit_payments":{}},"type":"standard"}}
2026-06-13T15:31:56+00:00 DEBUG 
====Stripe Version: 9.9.2====
====Stripe Plugin API Version: 2024-06-20====
====Start Log====
Stripe Express Checkout does not support free products.
====End Log====

2026-06-13T15:31:56+00:00 DEBUG 
====Stripe Version: 9.9.2====
====Stripe Plugin API Version: 2024-06-20====
====Start Log====
Stripe Express Checkout does not support free products.
====End Log====

2026-06-13T15:31:57+00:00 DEBUG 
====Stripe Version: 9.9.2====
====Stripe Plugin API Version: 2024-06-20====
====Start Log====
Stripe Express Checkout does not support free products.
====End Log====

2026-06-13T15:31:57+00:00 DEBUG 
====Stripe Version: 9.9.2====
====Stripe Plugin API Version: 2024-06-20====
====Start Log====
Stripe Express Checkout does not support free products.
====End Log====

2026-06-13T15:31:59+00:00 DEBUG 
====Stripe Version: 9.9.2====
====Stripe Plugin API Version: 2024-06-20====
====Start Log====
Stripe Express Checkout does not support free products.
====End Log====

2026-06-13T15:31:59+00:00 DEBUG 
====Stripe Version: 9.9.2====
====Stripe Plugin API Version: 2024-06-20====
====Start Log====
Stripe Express Checkout does not support free products.
====End Log====

2026-06-13T15:32:00+00:00 DEBUG 
====Stripe Version: 9.9.2====
====Stripe Plugin API Version: 2024-06-20====
====Start Log====
Stripe Express Checkout does not support free products.
====End Log====

2026-06-13T15:32:00+00:00 DEBUG 
====Stripe Version: 9.9.2====
====Stripe Plugin API Version: 2024-06-20====
====Start Log====
Stripe Express Checkout does not support free products.
====End Log====

2026-06-13T15:32:02+00:00 DEBUG 
====Stripe Version: 9.9.2====
====Stripe Plugin API Version: 2024-06-20====
====Start Log====
Stripe Express Checkout does not support free products.
====End Log====

2026-06-13T15:32:02+00:00 DEBUG 
====Stripe Version: 9.9.2====
====Stripe Plugin API Version: 2024-06-20====
====Start Log====
Stripe Express Checkout does not support free products.
====End Log====

2026-06-13T15:32:03+00:00 DEBUG 
====Stripe Version: 9.9.2====
====Stripe Plugin API Version: 2024-06-20====
====Start Log====
Stripe Express Checkout does not support free products.
====End Log====

2026-06-13T15:32:03+00:00 DEBUG 
====Stripe Version: 9.9.2====
====Stripe Plugin API Version: 2024-06-20====
====Start Log====
Stripe Express Checkout does not support free products.
====End Log====

2026-06-13T15:32:05+00:00 DEBUG 
====Stripe Version: 9.9.2====
====Stripe Plugin API Version: 2024-06-20====
====Start Log====
Stripe Express Checkout does not support free products.
====End Log====

2026-06-13T15:32:05+00:00 DEBUG 
====Stripe Version: 9.9.2====
====Stripe Plugin API Version: 2024-06-20====
====Start Log====
Stripe Express Checkout does not support free products.
====End Log====

2026-06-13T17:32:51+00:00 DEBUG Stripe API request: GET account CONTEXT: {"stripe_version":"9.9.2","stripe_api_version":"2024-06-20"}
2026-06-13T17:32:52+00:00 DEBUG Stripe API response: GET account CONTEXT: {"stripe_version":"9.9.2","stripe_api_version":"2024-06-20","response":{"id":"acct_1SCzgW0Q3J9q34Tt","object":"account","business_profile":{"annual_revenue":null,"estimated_worker_count":null,"mcc":"8398","minority_owned_business_designation":null,"name":"WRBLO","support_address":null,"support_email":null,"support_phone":"+443333397980","support_url":null,"url":"https://wrblo.org"},"business_type":"non_profit","capabilities":{"afterpay_clearpay_payments":"inactive","amazon_pay_payments":"active","bancontact_payments":"active","card_payments":"active","cartes_bancaires_payments":"pending","eps_payments":"active","kakao_pay_payments":"active","klarna_payments":"inactive","link_payments":"active","naver_pay_payments":"active","payco_payments":"active","revolut_pay_payments":"active","samsung_pay_payments":"active","transfers":"active"},"charges_enabled":true,"company":{"name":"WRBLO Community Interest Company","structure":"incorporated_non_profit"},"controller":{"type":"account"},"country":"GB","default_currency":"gbp","details_submitted":true,"email":"financeteam@wrblo.org","future_requirements":{"alternatives":[],"current_deadline":null,"currently_due":[],"disabled_reason":null,"errors":[],"eventually_due":[],"past_due":[],"pending_verification":[]},"metadata":{},"payouts_enabled":true,"requirements":{"alternatives":[],"current_deadline":1785301910,"currently_due":["person_1SCzs00Q3J9q34Tttpbwc6w7.address.city","person_1SCzs00Q3J9q34Tttpbwc6w7.address.line1","person_1SCzs00Q3J9q34Tttpbwc6w7.address.postal_code","person_1SCzsm0Q3J9q34TtYOgUejPq.address.city","person_1SCzsm0Q3J9q34TtYOgUejPq.address.line1","person_1SCzsm0Q3J9q34TtYOgUejPq.address.postal_code","person_1TfmJP0Q3J9q34TtOHuQOe5r.address.city","person_1TfmJP0Q3J9q34TtOHuQOe5r.address.line1","person_1TfmJP0Q3J9q34TtOHuQOe5r.address.postal_code","person_1TfmJP0Q3J9q34TtOHuQOe5r.dob.day","person_1TfmJP0Q3J9q34TtOHuQOe5r.dob.month","person_1TfmJP0Q3J9q34TtOHuQOe5r.dob.year","person_1TfmJP0Q3J9q34TtOHuQOe5r.email","person_1TfmJP0Q3J9q34TtOHuQOe5r.relationship.title","person_1TfmJP0Q3J9q34TtlXYM8vAU.address.city","person_1TfmJP0Q3J9q34TtlXYM8vAU.address.line1","person_1TfmJP0Q3J9q34TtlXYM8vAU.address.postal_code","person_1TfmJP0Q3J9q34TtlXYM8vAU.dob.day","person_1TfmJP0Q3J9q34TtlXYM8vAU.dob.month","person_1TfmJP0Q3J9q34TtlXYM8vAU.dob.year","person_1TfmJP0Q3J9q34TtlXYM8vAU.email","person_1TfmJP0Q3J9q34TtlXYM8vAU.relationship.title"],"disabled_reason":null,"errors":[],"eventually_due":["person_1SCzs00Q3J9q34Tttpbwc6w7.address.city","person_1SCzs00Q3J9q34Tttpbwc6w7.address.line1","person_1SCzs00Q3J9q34Tttpbwc6w7.address.postal_code","person_1SCzsm0Q3J9q34TtYOgUejPq.address.city","person_1SCzsm0Q3J9q34TtYOgUejPq.address.line1","person_1SCzsm0Q3J9q34TtYOgUejPq.address.postal_code","person_1TfmJP0Q3J9q34TtOHuQOe5r.address.city","person_1TfmJP0Q3J9q34TtOHuQOe5r.address.line1","person_1TfmJP0Q3J9q34TtOHuQOe5r.address.postal_code","person_1TfmJP0Q3J9q34TtOHuQOe5r.dob.day","person_1TfmJP0Q3J9q34TtOHuQOe5r.dob.month","person_1TfmJP0Q3J9q34TtOHuQOe5r.dob.year","person_1TfmJP0Q3J9q34TtOHuQOe5r.email","person_1TfmJP0Q3J9q34TtOHuQOe5r.relationship.title","person_1TfmJP0Q3J9q34TtlXYM8vAU.address.city","person_1TfmJP0Q3J9q34TtlXYM8vAU.address.line1","person_1TfmJP0Q3J9q34TtlXYM8vAU.address.postal_code","person_1TfmJP0Q3J9q34TtlXYM8vAU.dob.day","person_1TfmJP0Q3J9q34TtlXYM8vAU.dob.month","person_1TfmJP0Q3J9q34TtlXYM8vAU.dob.year","person_1TfmJP0Q3J9q34TtlXYM8vAU.email","person_1TfmJP0Q3J9q34TtlXYM8vAU.relationship.title"],"past_due":[],"pending_verification":[]},"settings":{"bacs_debit_payments":{"display_name":"Stripe","service_user_number":"449900"},"branding":{"icon":null,"logo":null,"primary_color":null,"secondary_color":null},"card_issuing":{"tos_acceptance":{"date":null,"ip":null}},"card_payments":{"statement_descriptor_prefix":null,"statement_descriptor_prefix_kana":null,"statement_descriptor_prefix_kanji":null},"dashboard":{"display_name":"WRBLO","timezone":"Europe/London"},"invoices":{"default_account_tax_ids":null,"hosted_payment_method_save":"offer"},"payments":{"statement_descriptor":"WRBLO","statement_descriptor_kana":null,"statement_descriptor_kanji":null},"payouts":{"debit_negative_balances":true,"schedule":{"delay_days":3,"interval":"weekly","weekly_anchor":"monday","weekly_payout_days":["monday"]},"statement_descriptor":null},"paypay_payments":{},"sepa_debit_payments":{}},"type":"standard"}}
2026-06-13T19:44:53+00:00 DEBUG Stripe API request: GET account CONTEXT: {"stripe_version":"9.9.2","stripe_api_version":"2024-06-20"}
2026-06-13T19:44:54+00:00 DEBUG Stripe API response: GET account CONTEXT: {"stripe_version":"9.9.2","stripe_api_version":"2024-06-20","response":{"id":"acct_1SCzgW0Q3J9q34Tt","object":"account","business_profile":{"annual_revenue":null,"estimated_worker_count":null,"mcc":"8398","minority_owned_business_designation":null,"name":"WRBLO","support_address":null,"support_email":null,"support_phone":"+443333397980","support_url":null,"url":"https://wrblo.org"},"business_type":"non_profit","capabilities":{"afterpay_clearpay_payments":"inactive","amazon_pay_payments":"active","bancontact_payments":"active","card_payments":"active","cartes_bancaires_payments":"pending","eps_payments":"active","kakao_pay_payments":"active","klarna_payments":"inactive","link_payments":"active","naver_pay_payments":"active","payco_payments":"active","revolut_pay_payments":"active","samsung_pay_payments":"active","transfers":"active"},"charges_enabled":true,"company":{"name":"WRBLO Community Interest Company","structure":"incorporated_non_profit"},"controller":{"type":"account"},"country":"GB","default_currency":"gbp","details_submitted":true,"email":"financeteam@wrblo.org","future_requirements":{"alternatives":[],"current_deadline":null,"currently_due":[],"disabled_reason":null,"errors":[],"eventually_due":[],"past_due":[],"pending_verification":[]},"metadata":{},"payouts_enabled":true,"requirements":{"alternatives":[],"current_deadline":1785301910,"currently_due":["person_1SCzs00Q3J9q34Tttpbwc6w7.address.city","person_1SCzs00Q3J9q34Tttpbwc6w7.address.line1","person_1SCzs00Q3J9q34Tttpbwc6w7.address.postal_code","person_1SCzsm0Q3J9q34TtYOgUejPq.address.city","person_1SCzsm0Q3J9q34TtYOgUejPq.address.line1","person_1SCzsm0Q3J9q34TtYOgUejPq.address.postal_code","person_1TfmJP0Q3J9q34TtOHuQOe5r.address.city","person_1TfmJP0Q3J9q34TtOHuQOe5r.address.line1","person_1TfmJP0Q3J9q34TtOHuQOe5r.address.postal_code","person_1TfmJP0Q3J9q34TtOHuQOe5r.dob.day","person_1TfmJP0Q3J9q34TtOHuQOe5r.dob.month","person_1TfmJP0Q3J9q34TtOHuQOe5r.dob.year","person_1TfmJP0Q3J9q34TtOHuQOe5r.email","person_1TfmJP0Q3J9q34TtOHuQOe5r.relationship.title","person_1TfmJP0Q3J9q34TtlXYM8vAU.address.city","person_1TfmJP0Q3J9q34TtlXYM8vAU.address.line1","person_1TfmJP0Q3J9q34TtlXYM8vAU.address.postal_code","person_1TfmJP0Q3J9q34TtlXYM8vAU.dob.day","person_1TfmJP0Q3J9q34TtlXYM8vAU.dob.month","person_1TfmJP0Q3J9q34TtlXYM8vAU.dob.year","person_1TfmJP0Q3J9q34TtlXYM8vAU.email","person_1TfmJP0Q3J9q34TtlXYM8vAU.relationship.title"],"disabled_reason":null,"errors":[],"eventually_due":["person_1SCzs00Q3J9q34Tttpbwc6w7.address.city","person_1SCzs00Q3J9q34Tttpbwc6w7.address.line1","person_1SCzs00Q3J9q34Tttpbwc6w7.address.postal_code","person_1SCzsm0Q3J9q34TtYOgUejPq.address.city","person_1SCzsm0Q3J9q34TtYOgUejPq.address.line1","person_1SCzsm0Q3J9q34TtYOgUejPq.address.postal_code","person_1TfmJP0Q3J9q34TtOHuQOe5r.address.city","person_1TfmJP0Q3J9q34TtOHuQOe5r.address.line1","person_1TfmJP0Q3J9q34TtOHuQOe5r.address.postal_code","person_1TfmJP0Q3J9q34TtOHuQOe5r.dob.day","person_1TfmJP0Q3J9q34TtOHuQOe5r.dob.month","person_1TfmJP0Q3J9q34TtOHuQOe5r.dob.year","person_1TfmJP0Q3J9q34TtOHuQOe5r.email","person_1TfmJP0Q3J9q34TtOHuQOe5r.relationship.title","person_1TfmJP0Q3J9q34TtlXYM8vAU.address.city","person_1TfmJP0Q3J9q34TtlXYM8vAU.address.line1","person_1TfmJP0Q3J9q34TtlXYM8vAU.address.postal_code","person_1TfmJP0Q3J9q34TtlXYM8vAU.dob.day","person_1TfmJP0Q3J9q34TtlXYM8vAU.dob.month","person_1TfmJP0Q3J9q34TtlXYM8vAU.dob.year","person_1TfmJP0Q3J9q34TtlXYM8vAU.email","person_1TfmJP0Q3J9q34TtlXYM8vAU.relationship.title"],"past_due":[],"pending_verification":[]},"settings":{"bacs_debit_payments":{"display_name":"Stripe","service_user_number":"449900"},"branding":{"icon":null,"logo":null,"primary_color":null,"secondary_color":null},"card_issuing":{"tos_acceptance":{"date":null,"ip":null}},"card_payments":{"statement_descriptor_prefix":null,"statement_descriptor_prefix_kana":null,"statement_descriptor_prefix_kanji":null},"dashboard":{"display_name":"WRBLO","timezone":"Europe/London"},"invoices":{"default_account_tax_ids":null,"hosted_payment_method_save":"offer"},"payments":{"statement_descriptor":"WRBLO","statement_descriptor_kana":null,"statement_descriptor_kanji":null},"payouts":{"debit_negative_balances":true,"schedule":{"delay_days":3,"interval":"weekly","weekly_anchor":"monday","weekly_payout_days":["monday"]},"statement_descriptor":null},"paypay_payments":{},"sepa_debit_payments":{}},"type":"standard"}}
2026-06-13T19:44:54+00:00 DEBUG 
====Stripe Version: 9.9.2====
====Stripe Plugin API Version: 2024-06-20====
====Start Log====
Stripe Express Checkout does not support free products.
====End Log====

2026-06-13T19:44:54+00:00 DEBUG 
====Stripe Version: 9.9.2====
====Stripe Plugin API Version: 2024-06-20====
====Start Log====
Stripe Express Checkout does not support free products.
====End Log====

2026-06-13T21:25:52+00:00 INFO Starting asynchronous cache cleanup [run_id: 726917] CONTEXT: {"stripe_version":"9.9.2","stripe_api_version":"2024-06-20","max_rows":500,"job_data":{"run_id":726917,"processed":0,"deleted":0,"job_runs":1,"last_key":null}}
2026-06-13T21:25:52+00:00 INFO Asynchronous cache cleanup complete: 1 entries processed, 0 stale entries deleted [run_id: 726917] CONTEXT: {"stripe_version":"9.9.2","stripe_api_version":"2024-06-20","max_rows":500,"job_data":{"run_id":726917,"processed":1,"deleted":0,"job_runs":1,"last_key":"wcstripe_cache_live_account_data"}}
2026-06-13T21:48:19+00:00 DEBUG Stripe API request: GET account CONTEXT: {"stripe_version":"9.9.2","stripe_api_version":"2024-06-20"}
2026-06-13T21:48:19+00:00 DEBUG Stripe API response: GET account CONTEXT: {"stripe_version":"9.9.2","stripe_api_version":"2024-06-20","response":{"id":"acct_1SCzgW0Q3J9q34Tt","object":"account","business_profile":{"annual_revenue":null,"estimated_worker_count":null,"mcc":"8398","minority_owned_business_designation":null,"name":"WRBLO","support_address":null,"support_email":null,"support_phone":"+443333397980","support_url":null,"url":"https://wrblo.org"},"business_type":"non_profit","capabilities":{"afterpay_clearpay_payments":"inactive","amazon_pay_payments":"active","bancontact_payments":"active","card_payments":"active","cartes_bancaires_payments":"pending","eps_payments":"active","kakao_pay_payments":"active","klarna_payments":"inactive","link_payments":"active","naver_pay_payments":"active","payco_payments":"active","revolut_pay_payments":"active","samsung_pay_payments":"active","transfers":"active"},"charges_enabled":true,"company":{"name":"WRBLO Community Interest Company","structure":"incorporated_non_profit"},"controller":{"type":"account"},"country":"GB","default_currency":"gbp","details_submitted":true,"email":"financeteam@wrblo.org","future_requirements":{"alternatives":[],"current_deadline":null,"currently_due":[],"disabled_reason":null,"errors":[],"eventually_due":[],"past_due":[],"pending_verification":[]},"metadata":{},"payouts_enabled":true,"requirements":{"alternatives":[],"current_deadline":1785301910,"currently_due":["person_1SCzs00Q3J9q34Tttpbwc6w7.address.city","person_1SCzs00Q3J9q34Tttpbwc6w7.address.line1","person_1SCzs00Q3J9q34Tttpbwc6w7.address.postal_code","person_1SCzsm0Q3J9q34TtYOgUejPq.address.city","person_1SCzsm0Q3J9q34TtYOgUejPq.address.line1","person_1SCzsm0Q3J9q34TtYOgUejPq.address.postal_code","person_1TfmJP0Q3J9q34TtOHuQOe5r.address.city","person_1TfmJP0Q3J9q34TtOHuQOe5r.address.line1","person_1TfmJP0Q3J9q34TtOHuQOe5r.address.postal_code","person_1TfmJP0Q3J9q34TtOHuQOe5r.dob.day","person_1TfmJP0Q3J9q34TtOHuQOe5r.dob.month","person_1TfmJP0Q3J9q34TtOHuQOe5r.dob.year","person_1TfmJP0Q3J9q34TtOHuQOe5r.email","person_1TfmJP0Q3J9q34TtOHuQOe5r.relationship.title","person_1TfmJP0Q3J9q34TtlXYM8vAU.address.city","person_1TfmJP0Q3J9q34TtlXYM8vAU.address.line1","person_1TfmJP0Q3J9q34TtlXYM8vAU.address.postal_code","person_1TfmJP0Q3J9q34TtlXYM8vAU.dob.day","person_1TfmJP0Q3J9q34TtlXYM8vAU.dob.month","person_1TfmJP0Q3J9q34TtlXYM8vAU.dob.year","person_1TfmJP0Q3J9q34TtlXYM8vAU.email","person_1TfmJP0Q3J9q34TtlXYM8vAU.relationship.title"],"disabled_reason":null,"errors":[],"eventually_due":["person_1SCzs00Q3J9q34Tttpbwc6w7.address.city","person_1SCzs00Q3J9q34Tttpbwc6w7.address.line1","person_1SCzs00Q3J9q34Tttpbwc6w7.address.postal_code","person_1SCzsm0Q3J9q34TtYOgUejPq.address.city","person_1SCzsm0Q3J9q34TtYOgUejPq.address.line1","person_1SCzsm0Q3J9q34TtYOgUejPq.address.postal_code","person_1TfmJP0Q3J9q34TtOHuQOe5r.address.city","person_1TfmJP0Q3J9q34TtOHuQOe5r.address.line1","person_1TfmJP0Q3J9q34TtOHuQOe5r.address.postal_code","person_1TfmJP0Q3J9q34TtOHuQOe5r.dob.day","person_1TfmJP0Q3J9q34TtOHuQOe5r.dob.month","person_1TfmJP0Q3J9q34TtOHuQOe5r.dob.year","person_1TfmJP0Q3J9q34TtOHuQOe5r.email","person_1TfmJP0Q3J9q34TtOHuQOe5r.relationship.title","person_1TfmJP0Q3J9q34TtlXYM8vAU.address.city","person_1TfmJP0Q3J9q34TtlXYM8vAU.address.line1","person_1TfmJP0Q3J9q34TtlXYM8vAU.address.postal_code","person_1TfmJP0Q3J9q34TtlXYM8vAU.dob.day","person_1TfmJP0Q3J9q34TtlXYM8vAU.dob.month","person_1TfmJP0Q3J9q34TtlXYM8vAU.dob.year","person_1TfmJP0Q3J9q34TtlXYM8vAU.email","person_1TfmJP0Q3J9q34TtlXYM8vAU.relationship.title"],"past_due":[],"pending_verification":[]},"settings":{"bacs_debit_payments":{"display_name":"Stripe","service_user_number":"449900"},"branding":{"icon":null,"logo":null,"primary_color":null,"secondary_color":null},"card_issuing":{"tos_acceptance":{"date":null,"ip":null}},"card_payments":{"statement_descriptor_prefix":null,"statement_descriptor_prefix_kana":null,"statement_descriptor_prefix_kanji":null},"dashboard":{"display_name":"WRBLO","timezone":"Europe/London"},"invoices":{"default_account_tax_ids":null,"hosted_payment_method_save":"offer"},"payments":{"statement_descriptor":"WRBLO","statement_descriptor_kana":null,"statement_descriptor_kanji":null},"payouts":{"debit_negative_balances":true,"schedule":{"delay_days":3,"interval":"weekly","weekly_anchor":"monday","weekly_payout_days":["monday"]},"statement_descriptor":null},"paypay_payments":{},"sepa_debit_payments":{}},"type":"standard"}}
2026-06-13T21:48:19+00:00 DEBUG 
====Stripe Version: 9.9.2====
====Stripe Plugin API Version: 2024-06-20====
====Start Log====
Stripe Express Checkout does not support free products.
====End Log====

2026-06-13T21:48:19+00:00 DEBUG 
====Stripe Version: 9.9.2====
====Stripe Plugin API Version: 2024-06-20====
====Start Log====
Stripe Express Checkout does not support free products.
====End Log====

2026-06-13T21:48:51+00:00 DEBUG 
====Stripe Version: 9.9.2====
====Stripe Plugin API Version: 2024-06-20====
====Start Log====
Stripe Express Checkout does not support free products.
====End Log====

2026-06-13T21:48:51+00:00 DEBUG 
====Stripe Version: 9.9.2====
====Stripe Plugin API Version: 2024-06-20====
====Start Log====
Stripe Express Checkout does not support free products.
====End Log====

2026-06-13T21:49:39+00:00 DEBUG 
====Stripe Version: 9.9.2====
====Stripe Plugin API Version: 2024-06-20====
====Start Log====
Stripe Express Checkout does not support free products.
====End Log====

2026-06-13T21:49:39+00:00 DEBUG 
====Stripe Version: 9.9.2====
====Stripe Plugin API Version: 2024-06-20====
====Start Log====
Stripe Express Checkout does not support free products.
====End Log====

