2026-06-09T02:11:53+00:00 DEBUG Stripe API request: GET account CONTEXT: {"stripe_version":"9.9.2","stripe_api_version":"2024-06-20"}
2026-06-09T02:11:54+00:00 DEBUG Stripe API response: GET account CONTEXT: {"stripe_version":"9.9.2","stripe_api_version":"2024-06-20","response":{"id":"acct_1SCzgW0Q3J9q34Tt","object":"account","business_profile":{"annual_revenue":null,"estimated_worker_count":null,"mcc":"8398","minority_owned_business_designation":null,"name":"WRBLO","support_address":null,"support_email":null,"support_phone":"+443333397980","support_url":null,"url":"https://wrblo.org"},"business_type":"non_profit","capabilities":{"afterpay_clearpay_payments":"inactive","amazon_pay_payments":"active","bancontact_payments":"active","card_payments":"active","cartes_bancaires_payments":"pending","eps_payments":"active","kakao_pay_payments":"active","klarna_payments":"inactive","link_payments":"active","naver_pay_payments":"active","payco_payments":"active","revolut_pay_payments":"active","samsung_pay_payments":"active","transfers":"active"},"charges_enabled":true,"company":{"name":"WRBLO Community Interest Company","structure":"incorporated_non_profit"},"controller":{"type":"account"},"country":"GB","default_currency":"gbp","details_submitted":true,"email":"financeteam@wrblo.org","future_requirements":{"alternatives":[],"current_deadline":null,"currently_due":[],"disabled_reason":null,"errors":[],"eventually_due":[],"past_due":[],"pending_verification":[]},"metadata":{},"payouts_enabled":true,"requirements":{"alternatives":[],"current_deadline":1785301910,"currently_due":["person_1SCzs00Q3J9q34Tttpbwc6w7.address.city","person_1SCzs00Q3J9q34Tttpbwc6w7.address.line1","person_1SCzs00Q3J9q34Tttpbwc6w7.address.postal_code","person_1SCzsm0Q3J9q34TtYOgUejPq.address.city","person_1SCzsm0Q3J9q34TtYOgUejPq.address.line1","person_1SCzsm0Q3J9q34TtYOgUejPq.address.postal_code","person_1TfmJP0Q3J9q34TtOHuQOe5r.address.city","person_1TfmJP0Q3J9q34TtOHuQOe5r.address.line1","person_1TfmJP0Q3J9q34TtOHuQOe5r.address.postal_code","person_1TfmJP0Q3J9q34TtOHuQOe5r.dob.day","person_1TfmJP0Q3J9q34TtOHuQOe5r.dob.month","person_1TfmJP0Q3J9q34TtOHuQOe5r.dob.year","person_1TfmJP0Q3J9q34TtOHuQOe5r.email","person_1TfmJP0Q3J9q34TtOHuQOe5r.relationship.title","person_1TfmJP0Q3J9q34TtlXYM8vAU.address.city","person_1TfmJP0Q3J9q34TtlXYM8vAU.address.line1","person_1TfmJP0Q3J9q34TtlXYM8vAU.address.postal_code","person_1TfmJP0Q3J9q34TtlXYM8vAU.dob.day","person_1TfmJP0Q3J9q34TtlXYM8vAU.dob.month","person_1TfmJP0Q3J9q34TtlXYM8vAU.dob.year","person_1TfmJP0Q3J9q34TtlXYM8vAU.email","person_1TfmJP0Q3J9q34TtlXYM8vAU.relationship.title"],"disabled_reason":null,"errors":[],"eventually_due":["person_1SCzs00Q3J9q34Tttpbwc6w7.address.city","person_1SCzs00Q3J9q34Tttpbwc6w7.address.line1","person_1SCzs00Q3J9q34Tttpbwc6w7.address.postal_code","person_1SCzsm0Q3J9q34TtYOgUejPq.address.city","person_1SCzsm0Q3J9q34TtYOgUejPq.address.line1","person_1SCzsm0Q3J9q34TtYOgUejPq.address.postal_code","person_1TfmJP0Q3J9q34TtOHuQOe5r.address.city","person_1TfmJP0Q3J9q34TtOHuQOe5r.address.line1","person_1TfmJP0Q3J9q34TtOHuQOe5r.address.postal_code","person_1TfmJP0Q3J9q34TtOHuQOe5r.dob.day","person_1TfmJP0Q3J9q34TtOHuQOe5r.dob.month","person_1TfmJP0Q3J9q34TtOHuQOe5r.dob.year","person_1TfmJP0Q3J9q34TtOHuQOe5r.email","person_1TfmJP0Q3J9q34TtOHuQOe5r.relationship.title","person_1TfmJP0Q3J9q34TtlXYM8vAU.address.city","person_1TfmJP0Q3J9q34TtlXYM8vAU.address.line1","person_1TfmJP0Q3J9q34TtlXYM8vAU.address.postal_code","person_1TfmJP0Q3J9q34TtlXYM8vAU.dob.day","person_1TfmJP0Q3J9q34TtlXYM8vAU.dob.month","person_1TfmJP0Q3J9q34TtlXYM8vAU.dob.year","person_1TfmJP0Q3J9q34TtlXYM8vAU.email","person_1TfmJP0Q3J9q34TtlXYM8vAU.relationship.title"],"past_due":[],"pending_verification":[]},"settings":{"bacs_debit_payments":{"display_name":"Stripe","service_user_number":"449900"},"branding":{"icon":null,"logo":null,"primary_color":null,"secondary_color":null},"card_issuing":{"tos_acceptance":{"date":null,"ip":null}},"card_payments":{"statement_descriptor_prefix":null,"statement_descriptor_prefix_kana":null,"statement_descriptor_prefix_kanji":null},"dashboard":{"display_name":"WRBLO","timezone":"Europe/London"},"invoices":{"default_account_tax_ids":null,"hosted_payment_method_save":"offer"},"payments":{"statement_descriptor":"WRBLO","statement_descriptor_kana":null,"statement_descriptor_kanji":null},"payouts":{"debit_negative_balances":true,"schedule":{"delay_days":3,"interval":"weekly","weekly_anchor":"monday","weekly_payout_days":["monday"]},"statement_descriptor":null},"paypay_payments":{},"sepa_debit_payments":{}},"type":"standard"}}
2026-06-09T02:11:54+00:00 DEBUG 
====Stripe Version: 9.9.2====
====Stripe Plugin API Version: 2024-06-20====
====Start Log====
Stripe Express Checkout does not support free products.
====End Log====

2026-06-09T02:11:54+00:00 DEBUG 
====Stripe Version: 9.9.2====
====Stripe Plugin API Version: 2024-06-20====
====Start Log====
Stripe Express Checkout does not support free products.
====End Log====

2026-06-09T02:11:54+00:00 DEBUG 
====Stripe Version: 9.9.2====
====Stripe Plugin API Version: 2024-06-20====
====Start Log====
Stripe Express Checkout does not support free products.
====End Log====

2026-06-09T02:11:55+00:00 DEBUG 
====Stripe Version: 9.9.2====
====Stripe Plugin API Version: 2024-06-20====
====Start Log====
Stripe Express Checkout does not support free products.
====End Log====

2026-06-09T02:11:57+00:00 DEBUG 
====Stripe Version: 9.9.2====
====Stripe Plugin API Version: 2024-06-20====
====Start Log====
Stripe Express Checkout does not support free products.
====End Log====

2026-06-09T02:11:57+00:00 DEBUG 
====Stripe Version: 9.9.2====
====Stripe Plugin API Version: 2024-06-20====
====Start Log====
Stripe Express Checkout does not support free products.
====End Log====

2026-06-09T02:11:57+00:00 DEBUG 
====Stripe Version: 9.9.2====
====Stripe Plugin API Version: 2024-06-20====
====Start Log====
Stripe Express Checkout does not support free products.
====End Log====

2026-06-09T02:11:58+00:00 DEBUG 
====Stripe Version: 9.9.2====
====Stripe Plugin API Version: 2024-06-20====
====Start Log====
Stripe Express Checkout does not support free products.
====End Log====

2026-06-09T02:12:00+00:00 DEBUG 
====Stripe Version: 9.9.2====
====Stripe Plugin API Version: 2024-06-20====
====Start Log====
Stripe Express Checkout does not support free products.
====End Log====

2026-06-09T02:12:01+00:00 DEBUG 
====Stripe Version: 9.9.2====
====Stripe Plugin API Version: 2024-06-20====
====Start Log====
Stripe Express Checkout does not support free products.
====End Log====

2026-06-09T02:12:03+00:00 DEBUG 
====Stripe Version: 9.9.2====
====Stripe Plugin API Version: 2024-06-20====
====Start Log====
Stripe Express Checkout does not support free products.
====End Log====

2026-06-09T02:12:03+00:00 DEBUG 
====Stripe Version: 9.9.2====
====Stripe Plugin API Version: 2024-06-20====
====Start Log====
Stripe Express Checkout does not support free products.
====End Log====

2026-06-09T02:12:03+00:00 DEBUG 
====Stripe Version: 9.9.2====
====Stripe Plugin API Version: 2024-06-20====
====Start Log====
Stripe Express Checkout does not support free products.
====End Log====

2026-06-09T02:12:03+00:00 DEBUG 
====Stripe Version: 9.9.2====
====Stripe Plugin API Version: 2024-06-20====
====Start Log====
Stripe Express Checkout does not support free products.
====End Log====

2026-06-09T03:53:59+00:00 DEBUG 
====Stripe Version: 9.9.2====
====Stripe Plugin API Version: 2024-06-20====
====Start Log====
Stripe Express Checkout does not support free products.
====End Log====

2026-06-09T03:53:59+00:00 DEBUG 
====Stripe Version: 9.9.2====
====Stripe Plugin API Version: 2024-06-20====
====Start Log====
Stripe Express Checkout does not support free products.
====End Log====

2026-06-09T03:54:01+00:00 DEBUG 
====Stripe Version: 9.9.2====
====Stripe Plugin API Version: 2024-06-20====
====Start Log====
Stripe Express Checkout does not support free products.
====End Log====

2026-06-09T03:54:01+00:00 DEBUG 
====Stripe Version: 9.9.2====
====Stripe Plugin API Version: 2024-06-20====
====Start Log====
Stripe Express Checkout does not support free products.
====End Log====

2026-06-09T03:54:03+00:00 DEBUG 
====Stripe Version: 9.9.2====
====Stripe Plugin API Version: 2024-06-20====
====Start Log====
Stripe Express Checkout does not support free products.
====End Log====

2026-06-09T03:54:03+00:00 DEBUG 
====Stripe Version: 9.9.2====
====Stripe Plugin API Version: 2024-06-20====
====Start Log====
Stripe Express Checkout does not support free products.
====End Log====

2026-06-09T03:54:05+00:00 DEBUG 
====Stripe Version: 9.9.2====
====Stripe Plugin API Version: 2024-06-20====
====Start Log====
Stripe Express Checkout does not support free products.
====End Log====

2026-06-09T03:54:05+00:00 DEBUG 
====Stripe Version: 9.9.2====
====Stripe Plugin API Version: 2024-06-20====
====Start Log====
Stripe Express Checkout does not support free products.
====End Log====

2026-06-09T03:54:07+00:00 DEBUG 
====Stripe Version: 9.9.2====
====Stripe Plugin API Version: 2024-06-20====
====Start Log====
Stripe Express Checkout does not support free products.
====End Log====

2026-06-09T03:54:07+00:00 DEBUG 
====Stripe Version: 9.9.2====
====Stripe Plugin API Version: 2024-06-20====
====Start Log====
Stripe Express Checkout does not support free products.
====End Log====

2026-06-09T03:54:09+00:00 DEBUG 
====Stripe Version: 9.9.2====
====Stripe Plugin API Version: 2024-06-20====
====Start Log====
Stripe Express Checkout does not support free products.
====End Log====

2026-06-09T03:54:09+00:00 DEBUG 
====Stripe Version: 9.9.2====
====Stripe Plugin API Version: 2024-06-20====
====Start Log====
Stripe Express Checkout does not support free products.
====End Log====

2026-06-09T03:54:10+00:00 DEBUG 
====Stripe Version: 9.9.2====
====Stripe Plugin API Version: 2024-06-20====
====Start Log====
Stripe Express Checkout does not support free products.
====End Log====

2026-06-09T03:54:10+00:00 DEBUG 
====Stripe Version: 9.9.2====
====Stripe Plugin API Version: 2024-06-20====
====Start Log====
Stripe Express Checkout does not support free products.
====End Log====

2026-06-09T03:54:12+00:00 DEBUG 
====Stripe Version: 9.9.2====
====Stripe Plugin API Version: 2024-06-20====
====Start Log====
Stripe Express Checkout does not support free products.
====End Log====

2026-06-09T03:54:12+00:00 DEBUG 
====Stripe Version: 9.9.2====
====Stripe Plugin API Version: 2024-06-20====
====Start Log====
Stripe Express Checkout does not support free products.
====End Log====

2026-06-09T03:54:15+00:00 DEBUG 
====Stripe Version: 9.9.2====
====Stripe Plugin API Version: 2024-06-20====
====Start Log====
Stripe Express Checkout does not support free products.
====End Log====

2026-06-09T03:54:15+00:00 DEBUG 
====Stripe Version: 9.9.2====
====Stripe Plugin API Version: 2024-06-20====
====Start Log====
Stripe Express Checkout does not support free products.
====End Log====

2026-06-09T03:54:16+00:00 DEBUG 
====Stripe Version: 9.9.2====
====Stripe Plugin API Version: 2024-06-20====
====Start Log====
Stripe Express Checkout does not support free products.
====End Log====

2026-06-09T03:54:16+00:00 DEBUG 
====Stripe Version: 9.9.2====
====Stripe Plugin API Version: 2024-06-20====
====Start Log====
Stripe Express Checkout does not support free products.
====End Log====

2026-06-09T03:54:17+00:00 DEBUG 
====Stripe Version: 9.9.2====
====Stripe Plugin API Version: 2024-06-20====
====Start Log====
Stripe Express Checkout does not support free products.
====End Log====

2026-06-09T03:54:17+00:00 DEBUG 
====Stripe Version: 9.9.2====
====Stripe Plugin API Version: 2024-06-20====
====Start Log====
Stripe Express Checkout does not support free products.
====End Log====

2026-06-09T04:22:01+00:00 DEBUG Stripe API request: GET account CONTEXT: {"stripe_version":"9.9.2","stripe_api_version":"2024-06-20"}
2026-06-09T04:22:02+00:00 DEBUG Stripe API response: GET account CONTEXT: {"stripe_version":"9.9.2","stripe_api_version":"2024-06-20","response":{"id":"acct_1SCzgW0Q3J9q34Tt","object":"account","business_profile":{"annual_revenue":null,"estimated_worker_count":null,"mcc":"8398","minority_owned_business_designation":null,"name":"WRBLO","support_address":null,"support_email":null,"support_phone":"+443333397980","support_url":null,"url":"https://wrblo.org"},"business_type":"non_profit","capabilities":{"afterpay_clearpay_payments":"inactive","amazon_pay_payments":"active","bancontact_payments":"active","card_payments":"active","cartes_bancaires_payments":"pending","eps_payments":"active","kakao_pay_payments":"active","klarna_payments":"inactive","link_payments":"active","naver_pay_payments":"active","payco_payments":"active","revolut_pay_payments":"active","samsung_pay_payments":"active","transfers":"active"},"charges_enabled":true,"company":{"name":"WRBLO Community Interest Company","structure":"incorporated_non_profit"},"controller":{"type":"account"},"country":"GB","default_currency":"gbp","details_submitted":true,"email":"financeteam@wrblo.org","future_requirements":{"alternatives":[],"current_deadline":null,"currently_due":[],"disabled_reason":null,"errors":[],"eventually_due":[],"past_due":[],"pending_verification":[]},"metadata":{},"payouts_enabled":true,"requirements":{"alternatives":[],"current_deadline":1785301910,"currently_due":["person_1SCzs00Q3J9q34Tttpbwc6w7.address.city","person_1SCzs00Q3J9q34Tttpbwc6w7.address.line1","person_1SCzs00Q3J9q34Tttpbwc6w7.address.postal_code","person_1SCzsm0Q3J9q34TtYOgUejPq.address.city","person_1SCzsm0Q3J9q34TtYOgUejPq.address.line1","person_1SCzsm0Q3J9q34TtYOgUejPq.address.postal_code","person_1TfmJP0Q3J9q34TtOHuQOe5r.address.city","person_1TfmJP0Q3J9q34TtOHuQOe5r.address.line1","person_1TfmJP0Q3J9q34TtOHuQOe5r.address.postal_code","person_1TfmJP0Q3J9q34TtOHuQOe5r.dob.day","person_1TfmJP0Q3J9q34TtOHuQOe5r.dob.month","person_1TfmJP0Q3J9q34TtOHuQOe5r.dob.year","person_1TfmJP0Q3J9q34TtOHuQOe5r.email","person_1TfmJP0Q3J9q34TtOHuQOe5r.relationship.title","person_1TfmJP0Q3J9q34TtlXYM8vAU.address.city","person_1TfmJP0Q3J9q34TtlXYM8vAU.address.line1","person_1TfmJP0Q3J9q34TtlXYM8vAU.address.postal_code","person_1TfmJP0Q3J9q34TtlXYM8vAU.dob.day","person_1TfmJP0Q3J9q34TtlXYM8vAU.dob.month","person_1TfmJP0Q3J9q34TtlXYM8vAU.dob.year","person_1TfmJP0Q3J9q34TtlXYM8vAU.email","person_1TfmJP0Q3J9q34TtlXYM8vAU.relationship.title"],"disabled_reason":null,"errors":[],"eventually_due":["person_1SCzs00Q3J9q34Tttpbwc6w7.address.city","person_1SCzs00Q3J9q34Tttpbwc6w7.address.line1","person_1SCzs00Q3J9q34Tttpbwc6w7.address.postal_code","person_1SCzsm0Q3J9q34TtYOgUejPq.address.city","person_1SCzsm0Q3J9q34TtYOgUejPq.address.line1","person_1SCzsm0Q3J9q34TtYOgUejPq.address.postal_code","person_1TfmJP0Q3J9q34TtOHuQOe5r.address.city","person_1TfmJP0Q3J9q34TtOHuQOe5r.address.line1","person_1TfmJP0Q3J9q34TtOHuQOe5r.address.postal_code","person_1TfmJP0Q3J9q34TtOHuQOe5r.dob.day","person_1TfmJP0Q3J9q34TtOHuQOe5r.dob.month","person_1TfmJP0Q3J9q34TtOHuQOe5r.dob.year","person_1TfmJP0Q3J9q34TtOHuQOe5r.email","person_1TfmJP0Q3J9q34TtOHuQOe5r.relationship.title","person_1TfmJP0Q3J9q34TtlXYM8vAU.address.city","person_1TfmJP0Q3J9q34TtlXYM8vAU.address.line1","person_1TfmJP0Q3J9q34TtlXYM8vAU.address.postal_code","person_1TfmJP0Q3J9q34TtlXYM8vAU.dob.day","person_1TfmJP0Q3J9q34TtlXYM8vAU.dob.month","person_1TfmJP0Q3J9q34TtlXYM8vAU.dob.year","person_1TfmJP0Q3J9q34TtlXYM8vAU.email","person_1TfmJP0Q3J9q34TtlXYM8vAU.relationship.title"],"past_due":[],"pending_verification":[]},"settings":{"bacs_debit_payments":{"display_name":"Stripe","service_user_number":"449900"},"branding":{"icon":null,"logo":null,"primary_color":null,"secondary_color":null},"card_issuing":{"tos_acceptance":{"date":null,"ip":null}},"card_payments":{"statement_descriptor_prefix":null,"statement_descriptor_prefix_kana":null,"statement_descriptor_prefix_kanji":null},"dashboard":{"display_name":"WRBLO","timezone":"Europe/London"},"invoices":{"default_account_tax_ids":null,"hosted_payment_method_save":"offer"},"payments":{"statement_descriptor":"WRBLO","statement_descriptor_kana":null,"statement_descriptor_kanji":null},"payouts":{"debit_negative_balances":true,"schedule":{"delay_days":3,"interval":"weekly","weekly_anchor":"monday","weekly_payout_days":["monday"]},"statement_descriptor":null},"paypay_payments":{},"sepa_debit_payments":{}},"type":"standard"}}
2026-06-09T04:22:02+00:00 DEBUG 
====Stripe Version: 9.9.2====
====Stripe Plugin API Version: 2024-06-20====
====Start Log====
Stripe Express Checkout does not support free products.
====End Log====

2026-06-09T04:22:02+00:00 DEBUG 
====Stripe Version: 9.9.2====
====Stripe Plugin API Version: 2024-06-20====
====Start Log====
Stripe Express Checkout does not support free products.
====End Log====

2026-06-09T04:22:03+00:00 DEBUG 
====Stripe Version: 9.9.2====
====Stripe Plugin API Version: 2024-06-20====
====Start Log====
Stripe Express Checkout does not support free products.
====End Log====

2026-06-09T04:22:03+00:00 DEBUG 
====Stripe Version: 9.9.2====
====Stripe Plugin API Version: 2024-06-20====
====Start Log====
Stripe Express Checkout does not support free products.
====End Log====

2026-06-09T04:22:05+00:00 DEBUG 
====Stripe Version: 9.9.2====
====Stripe Plugin API Version: 2024-06-20====
====Start Log====
Stripe Express Checkout does not support free products.
====End Log====

2026-06-09T04:22:05+00:00 DEBUG 
====Stripe Version: 9.9.2====
====Stripe Plugin API Version: 2024-06-20====
====Start Log====
Stripe Express Checkout does not support free products.
====End Log====

2026-06-09T04:22:07+00:00 DEBUG 
====Stripe Version: 9.9.2====
====Stripe Plugin API Version: 2024-06-20====
====Start Log====
Stripe Express Checkout does not support free products.
====End Log====

2026-06-09T04:22:07+00:00 DEBUG 
====Stripe Version: 9.9.2====
====Stripe Plugin API Version: 2024-06-20====
====Start Log====
Stripe Express Checkout does not support free products.
====End Log====

2026-06-09T04:22:09+00:00 DEBUG 
====Stripe Version: 9.9.2====
====Stripe Plugin API Version: 2024-06-20====
====Start Log====
Stripe Express Checkout does not support free products.
====End Log====

2026-06-09T04:22:09+00:00 DEBUG 
====Stripe Version: 9.9.2====
====Stripe Plugin API Version: 2024-06-20====
====Start Log====
Stripe Express Checkout does not support free products.
====End Log====

2026-06-09T04:22:11+00:00 DEBUG 
====Stripe Version: 9.9.2====
====Stripe Plugin API Version: 2024-06-20====
====Start Log====
Stripe Express Checkout does not support free products.
====End Log====

2026-06-09T04:22:11+00:00 DEBUG 
====Stripe Version: 9.9.2====
====Stripe Plugin API Version: 2024-06-20====
====Start Log====
Stripe Express Checkout does not support free products.
====End Log====

2026-06-09T04:22:13+00:00 DEBUG 
====Stripe Version: 9.9.2====
====Stripe Plugin API Version: 2024-06-20====
====Start Log====
Stripe Express Checkout does not support free products.
====End Log====

2026-06-09T04:22:13+00:00 DEBUG 
====Stripe Version: 9.9.2====
====Stripe Plugin API Version: 2024-06-20====
====Start Log====
Stripe Express Checkout does not support free products.
====End Log====

2026-06-09T04:22:14+00:00 DEBUG 
====Stripe Version: 9.9.2====
====Stripe Plugin API Version: 2024-06-20====
====Start Log====
Stripe Express Checkout does not support free products.
====End Log====

2026-06-09T04:22:15+00:00 DEBUG 
====Stripe Version: 9.9.2====
====Stripe Plugin API Version: 2024-06-20====
====Start Log====
Stripe Express Checkout does not support free products.
====End Log====

2026-06-09T04:22:18+00:00 DEBUG 
====Stripe Version: 9.9.2====
====Stripe Plugin API Version: 2024-06-20====
====Start Log====
Stripe Express Checkout does not support free products.
====End Log====

2026-06-09T04:22:18+00:00 DEBUG 
====Stripe Version: 9.9.2====
====Stripe Plugin API Version: 2024-06-20====
====Start Log====
Stripe Express Checkout does not support free products.
====End Log====

2026-06-09T04:22:19+00:00 DEBUG 
====Stripe Version: 9.9.2====
====Stripe Plugin API Version: 2024-06-20====
====Start Log====
Stripe Express Checkout does not support free products.
====End Log====

2026-06-09T04:22:19+00:00 DEBUG 
====Stripe Version: 9.9.2====
====Stripe Plugin API Version: 2024-06-20====
====Start Log====
Stripe Express Checkout does not support free products.
====End Log====

2026-06-09T04:22:21+00:00 DEBUG 
====Stripe Version: 9.9.2====
====Stripe Plugin API Version: 2024-06-20====
====Start Log====
Stripe Express Checkout does not support free products.
====End Log====

2026-06-09T04:22:21+00:00 DEBUG 
====Stripe Version: 9.9.2====
====Stripe Plugin API Version: 2024-06-20====
====Start Log====
Stripe Express Checkout does not support free products.
====End Log====

2026-06-09T04:25:57+00:00 DEBUG 
====Stripe Version: 9.9.2====
====Stripe Plugin API Version: 2024-06-20====
====Start Log====
Stripe Express Checkout does not support free products.
====End Log====

2026-06-09T04:25:57+00:00 DEBUG 
====Stripe Version: 9.9.2====
====Stripe Plugin API Version: 2024-06-20====
====Start Log====
Stripe Express Checkout does not support free products.
====End Log====

2026-06-09T04:26:00+00:00 DEBUG 
====Stripe Version: 9.9.2====
====Stripe Plugin API Version: 2024-06-20====
====Start Log====
Stripe Express Checkout does not support free products.
====End Log====

2026-06-09T04:26:00+00:00 DEBUG 
====Stripe Version: 9.9.2====
====Stripe Plugin API Version: 2024-06-20====
====Start Log====
Stripe Express Checkout does not support free products.
====End Log====

2026-06-09T04:26:03+00:00 DEBUG 
====Stripe Version: 9.9.2====
====Stripe Plugin API Version: 2024-06-20====
====Start Log====
Stripe Express Checkout does not support free products.
====End Log====

2026-06-09T04:26:03+00:00 DEBUG 
====Stripe Version: 9.9.2====
====Stripe Plugin API Version: 2024-06-20====
====Start Log====
Stripe Express Checkout does not support free products.
====End Log====

2026-06-09T04:26:07+00:00 DEBUG 
====Stripe Version: 9.9.2====
====Stripe Plugin API Version: 2024-06-20====
====Start Log====
Stripe Express Checkout does not support free products.
====End Log====

2026-06-09T04:26:07+00:00 DEBUG 
====Stripe Version: 9.9.2====
====Stripe Plugin API Version: 2024-06-20====
====Start Log====
Stripe Express Checkout does not support free products.
====End Log====

2026-06-09T04:26:10+00:00 DEBUG 
====Stripe Version: 9.9.2====
====Stripe Plugin API Version: 2024-06-20====
====Start Log====
Stripe Express Checkout does not support free products.
====End Log====

2026-06-09T04:26:10+00:00 DEBUG 
====Stripe Version: 9.9.2====
====Stripe Plugin API Version: 2024-06-20====
====Start Log====
Stripe Express Checkout does not support free products.
====End Log====

2026-06-09T04:26:13+00:00 DEBUG 
====Stripe Version: 9.9.2====
====Stripe Plugin API Version: 2024-06-20====
====Start Log====
Stripe Express Checkout does not support free products.
====End Log====

2026-06-09T04:26:13+00:00 DEBUG 
====Stripe Version: 9.9.2====
====Stripe Plugin API Version: 2024-06-20====
====Start Log====
Stripe Express Checkout does not support free products.
====End Log====

2026-06-09T04:26:16+00:00 DEBUG 
====Stripe Version: 9.9.2====
====Stripe Plugin API Version: 2024-06-20====
====Start Log====
Stripe Express Checkout does not support free products.
====End Log====

2026-06-09T04:26:16+00:00 DEBUG 
====Stripe Version: 9.9.2====
====Stripe Plugin API Version: 2024-06-20====
====Start Log====
Stripe Express Checkout does not support free products.
====End Log====

2026-06-09T04:26:18+00:00 DEBUG 
====Stripe Version: 9.9.2====
====Stripe Plugin API Version: 2024-06-20====
====Start Log====
Stripe Express Checkout does not support free products.
====End Log====

2026-06-09T04:26:18+00:00 DEBUG 
====Stripe Version: 9.9.2====
====Stripe Plugin API Version: 2024-06-20====
====Start Log====
Stripe Express Checkout does not support free products.
====End Log====

2026-06-09T04:26:20+00:00 DEBUG 
====Stripe Version: 9.9.2====
====Stripe Plugin API Version: 2024-06-20====
====Start Log====
Stripe Express Checkout does not support free products.
====End Log====

2026-06-09T04:26:20+00:00 DEBUG 
====Stripe Version: 9.9.2====
====Stripe Plugin API Version: 2024-06-20====
====Start Log====
Stripe Express Checkout does not support free products.
====End Log====

2026-06-09T04:26:20+00:00 DEBUG 
====Stripe Version: 9.9.2====
====Stripe Plugin API Version: 2024-06-20====
====Start Log====
Stripe Express Checkout does not support free products.
====End Log====

2026-06-09T04:26:20+00:00 DEBUG 
====Stripe Version: 9.9.2====
====Stripe Plugin API Version: 2024-06-20====
====Start Log====
Stripe Express Checkout does not support free products.
====End Log====

2026-06-09T04:26:24+00:00 DEBUG 
====Stripe Version: 9.9.2====
====Stripe Plugin API Version: 2024-06-20====
====Start Log====
Stripe Express Checkout does not support free products.
====End Log====

2026-06-09T04:26:24+00:00 DEBUG 
====Stripe Version: 9.9.2====
====Stripe Plugin API Version: 2024-06-20====
====Start Log====
Stripe Express Checkout does not support free products.
====End Log====

2026-06-09T04:26:26+00:00 DEBUG 
====Stripe Version: 9.9.2====
====Stripe Plugin API Version: 2024-06-20====
====Start Log====
Stripe Express Checkout does not support free products.
====End Log====

2026-06-09T04:26:26+00:00 DEBUG 
====Stripe Version: 9.9.2====
====Stripe Plugin API Version: 2024-06-20====
====Start Log====
Stripe Express Checkout does not support free products.
====End Log====

2026-06-09T04:26:29+00:00 DEBUG 
====Stripe Version: 9.9.2====
====Stripe Plugin API Version: 2024-06-20====
====Start Log====
Stripe Express Checkout does not support free products.
====End Log====

2026-06-09T04:26:29+00:00 DEBUG 
====Stripe Version: 9.9.2====
====Stripe Plugin API Version: 2024-06-20====
====Start Log====
Stripe Express Checkout does not support free products.
====End Log====

2026-06-09T04:26:29+00:00 DEBUG 
====Stripe Version: 9.9.2====
====Stripe Plugin API Version: 2024-06-20====
====Start Log====
Stripe Express Checkout does not support free products.
====End Log====

2026-06-09T04:26:30+00:00 DEBUG 
====Stripe Version: 9.9.2====
====Stripe Plugin API Version: 2024-06-20====
====Start Log====
Stripe Express Checkout does not support free products.
====End Log====

2026-06-09T04:26:31+00:00 DEBUG 
====Stripe Version: 9.9.2====
====Stripe Plugin API Version: 2024-06-20====
====Start Log====
Stripe Express Checkout does not support free products.
====End Log====

2026-06-09T04:26:31+00:00 DEBUG 
====Stripe Version: 9.9.2====
====Stripe Plugin API Version: 2024-06-20====
====Start Log====
Stripe Express Checkout does not support free products.
====End Log====

2026-06-09T04:26:32+00:00 DEBUG 
====Stripe Version: 9.9.2====
====Stripe Plugin API Version: 2024-06-20====
====Start Log====
Stripe Express Checkout does not support free products.
====End Log====

2026-06-09T04:26:32+00:00 DEBUG 
====Stripe Version: 9.9.2====
====Stripe Plugin API Version: 2024-06-20====
====Start Log====
Stripe Express Checkout does not support free products.
====End Log====

2026-06-09T04:26:35+00:00 DEBUG 
====Stripe Version: 9.9.2====
====Stripe Plugin API Version: 2024-06-20====
====Start Log====
Stripe Express Checkout does not support free products.
====End Log====

2026-06-09T04:26:35+00:00 DEBUG 
====Stripe Version: 9.9.2====
====Stripe Plugin API Version: 2024-06-20====
====Start Log====
Stripe Express Checkout does not support free products.
====End Log====

2026-06-09T04:26:39+00:00 DEBUG 
====Stripe Version: 9.9.2====
====Stripe Plugin API Version: 2024-06-20====
====Start Log====
Stripe Express Checkout does not support free products.
====End Log====

2026-06-09T04:26:39+00:00 DEBUG 
====Stripe Version: 9.9.2====
====Stripe Plugin API Version: 2024-06-20====
====Start Log====
Stripe Express Checkout does not support free products.
====End Log====

2026-06-09T04:26:42+00:00 DEBUG 
====Stripe Version: 9.9.2====
====Stripe Plugin API Version: 2024-06-20====
====Start Log====
Stripe Express Checkout does not support free products.
====End Log====

2026-06-09T04:26:42+00:00 DEBUG 
====Stripe Version: 9.9.2====
====Stripe Plugin API Version: 2024-06-20====
====Start Log====
Stripe Express Checkout does not support free products.
====End Log====

2026-06-09T04:26:47+00:00 DEBUG 
====Stripe Version: 9.9.2====
====Stripe Plugin API Version: 2024-06-20====
====Start Log====
Stripe Express Checkout does not support free products.
====End Log====

2026-06-09T04:26:47+00:00 DEBUG 
====Stripe Version: 9.9.2====
====Stripe Plugin API Version: 2024-06-20====
====Start Log====
Stripe Express Checkout does not support free products.
====End Log====

2026-06-09T04:26:50+00:00 DEBUG 
====Stripe Version: 9.9.2====
====Stripe Plugin API Version: 2024-06-20====
====Start Log====
Stripe Express Checkout does not support free products.
====End Log====

2026-06-09T04:26:50+00:00 DEBUG 
====Stripe Version: 9.9.2====
====Stripe Plugin API Version: 2024-06-20====
====Start Log====
Stripe Express Checkout does not support free products.
====End Log====

2026-06-09T04:26:52+00:00 DEBUG 
====Stripe Version: 9.9.2====
====Stripe Plugin API Version: 2024-06-20====
====Start Log====
Stripe Express Checkout does not support free products.
====End Log====

2026-06-09T04:26:52+00:00 DEBUG 
====Stripe Version: 9.9.2====
====Stripe Plugin API Version: 2024-06-20====
====Start Log====
Stripe Express Checkout does not support free products.
====End Log====

2026-06-09T04:28:38+00:00 DEBUG 
====Stripe Version: 9.9.2====
====Stripe Plugin API Version: 2024-06-20====
====Start Log====
Stripe Express Checkout does not support free products.
====End Log====

2026-06-09T04:28:38+00:00 DEBUG 
====Stripe Version: 9.9.2====
====Stripe Plugin API Version: 2024-06-20====
====Start Log====
Stripe Express Checkout does not support free products.
====End Log====

2026-06-09T04:28:40+00:00 DEBUG 
====Stripe Version: 9.9.2====
====Stripe Plugin API Version: 2024-06-20====
====Start Log====
Stripe Express Checkout does not support free products.
====End Log====

2026-06-09T04:28:40+00:00 DEBUG 
====Stripe Version: 9.9.2====
====Stripe Plugin API Version: 2024-06-20====
====Start Log====
Stripe Express Checkout does not support free products.
====End Log====

2026-06-09T04:28:41+00:00 DEBUG 
====Stripe Version: 9.9.2====
====Stripe Plugin API Version: 2024-06-20====
====Start Log====
Stripe Express Checkout does not support free products.
====End Log====

2026-06-09T04:28:42+00:00 DEBUG 
====Stripe Version: 9.9.2====
====Stripe Plugin API Version: 2024-06-20====
====Start Log====
Stripe Express Checkout does not support free products.
====End Log====

2026-06-09T04:28:43+00:00 DEBUG 
====Stripe Version: 9.9.2====
====Stripe Plugin API Version: 2024-06-20====
====Start Log====
Stripe Express Checkout does not support free products.
====End Log====

2026-06-09T04:28:43+00:00 DEBUG 
====Stripe Version: 9.9.2====
====Stripe Plugin API Version: 2024-06-20====
====Start Log====
Stripe Express Checkout does not support free products.
====End Log====

2026-06-09T04:28:45+00:00 DEBUG 
====Stripe Version: 9.9.2====
====Stripe Plugin API Version: 2024-06-20====
====Start Log====
Stripe Express Checkout does not support free products.
====End Log====

2026-06-09T04:28:45+00:00 DEBUG 
====Stripe Version: 9.9.2====
====Stripe Plugin API Version: 2024-06-20====
====Start Log====
Stripe Express Checkout does not support free products.
====End Log====

2026-06-09T04:28:47+00:00 DEBUG 
====Stripe Version: 9.9.2====
====Stripe Plugin API Version: 2024-06-20====
====Start Log====
Stripe Express Checkout does not support free products.
====End Log====

2026-06-09T04:28:47+00:00 DEBUG 
====Stripe Version: 9.9.2====
====Stripe Plugin API Version: 2024-06-20====
====Start Log====
Stripe Express Checkout does not support free products.
====End Log====

2026-06-09T04:28:49+00:00 DEBUG 
====Stripe Version: 9.9.2====
====Stripe Plugin API Version: 2024-06-20====
====Start Log====
Stripe Express Checkout does not support free products.
====End Log====

2026-06-09T04:28:49+00:00 DEBUG 
====Stripe Version: 9.9.2====
====Stripe Plugin API Version: 2024-06-20====
====Start Log====
Stripe Express Checkout does not support free products.
====End Log====

2026-06-09T04:28:50+00:00 DEBUG 
====Stripe Version: 9.9.2====
====Stripe Plugin API Version: 2024-06-20====
====Start Log====
Stripe Express Checkout does not support free products.
====End Log====

2026-06-09T04:28:50+00:00 DEBUG 
====Stripe Version: 9.9.2====
====Stripe Plugin API Version: 2024-06-20====
====Start Log====
Stripe Express Checkout does not support free products.
====End Log====

2026-06-09T04:28:53+00:00 DEBUG 
====Stripe Version: 9.9.2====
====Stripe Plugin API Version: 2024-06-20====
====Start Log====
Stripe Express Checkout does not support free products.
====End Log====

2026-06-09T04:28:54+00:00 DEBUG 
====Stripe Version: 9.9.2====
====Stripe Plugin API Version: 2024-06-20====
====Start Log====
Stripe Express Checkout does not support free products.
====End Log====

2026-06-09T04:28:55+00:00 DEBUG 
====Stripe Version: 9.9.2====
====Stripe Plugin API Version: 2024-06-20====
====Start Log====
Stripe Express Checkout does not support free products.
====End Log====

2026-06-09T04:28:55+00:00 DEBUG 
====Stripe Version: 9.9.2====
====Stripe Plugin API Version: 2024-06-20====
====Start Log====
Stripe Express Checkout does not support free products.
====End Log====

2026-06-09T04:28:57+00:00 DEBUG 
====Stripe Version: 9.9.2====
====Stripe Plugin API Version: 2024-06-20====
====Start Log====
Stripe Express Checkout does not support free products.
====End Log====

2026-06-09T04:28:57+00:00 DEBUG 
====Stripe Version: 9.9.2====
====Stripe Plugin API Version: 2024-06-20====
====Start Log====
Stripe Express Checkout does not support free products.
====End Log====

2026-06-09T05:24:33+00:00 DEBUG 
====Stripe Version: 9.9.2====
====Stripe Plugin API Version: 2024-06-20====
====Start Log====
Stripe Express Checkout does not support free products.
====End Log====

2026-06-09T05:24:33+00:00 DEBUG 
====Stripe Version: 9.9.2====
====Stripe Plugin API Version: 2024-06-20====
====Start Log====
Stripe Express Checkout does not support free products.
====End Log====

2026-06-09T05:24:34+00:00 DEBUG 
====Stripe Version: 9.9.2====
====Stripe Plugin API Version: 2024-06-20====
====Start Log====
Stripe Express Checkout does not support free products.
====End Log====

2026-06-09T05:24:35+00:00 DEBUG 
====Stripe Version: 9.9.2====
====Stripe Plugin API Version: 2024-06-20====
====Start Log====
Stripe Express Checkout does not support free products.
====End Log====

2026-06-09T05:24:36+00:00 DEBUG 
====Stripe Version: 9.9.2====
====Stripe Plugin API Version: 2024-06-20====
====Start Log====
Stripe Express Checkout does not support free products.
====End Log====

2026-06-09T05:24:36+00:00 DEBUG 
====Stripe Version: 9.9.2====
====Stripe Plugin API Version: 2024-06-20====
====Start Log====
Stripe Express Checkout does not support free products.
====End Log====

2026-06-09T05:24:38+00:00 DEBUG 
====Stripe Version: 9.9.2====
====Stripe Plugin API Version: 2024-06-20====
====Start Log====
Stripe Express Checkout does not support free products.
====End Log====

2026-06-09T05:24:38+00:00 DEBUG 
====Stripe Version: 9.9.2====
====Stripe Plugin API Version: 2024-06-20====
====Start Log====
Stripe Express Checkout does not support free products.
====End Log====

2026-06-09T05:24:40+00:00 DEBUG 
====Stripe Version: 9.9.2====
====Stripe Plugin API Version: 2024-06-20====
====Start Log====
Stripe Express Checkout does not support free products.
====End Log====

2026-06-09T05:24:40+00:00 DEBUG 
====Stripe Version: 9.9.2====
====Stripe Plugin API Version: 2024-06-20====
====Start Log====
Stripe Express Checkout does not support free products.
====End Log====

2026-06-09T05:24:42+00:00 DEBUG 
====Stripe Version: 9.9.2====
====Stripe Plugin API Version: 2024-06-20====
====Start Log====
Stripe Express Checkout does not support free products.
====End Log====

2026-06-09T05:24:42+00:00 DEBUG 
====Stripe Version: 9.9.2====
====Stripe Plugin API Version: 2024-06-20====
====Start Log====
Stripe Express Checkout does not support free products.
====End Log====

2026-06-09T05:24:44+00:00 DEBUG 
====Stripe Version: 9.9.2====
====Stripe Plugin API Version: 2024-06-20====
====Start Log====
Stripe Express Checkout does not support free products.
====End Log====

2026-06-09T05:24:44+00:00 DEBUG 
====Stripe Version: 9.9.2====
====Stripe Plugin API Version: 2024-06-20====
====Start Log====
Stripe Express Checkout does not support free products.
====End Log====

2026-06-09T05:24:45+00:00 DEBUG 
====Stripe Version: 9.9.2====
====Stripe Plugin API Version: 2024-06-20====
====Start Log====
Stripe Express Checkout does not support free products.
====End Log====

2026-06-09T05:24:45+00:00 DEBUG 
====Stripe Version: 9.9.2====
====Stripe Plugin API Version: 2024-06-20====
====Start Log====
Stripe Express Checkout does not support free products.
====End Log====

2026-06-09T05:24:48+00:00 DEBUG 
====Stripe Version: 9.9.2====
====Stripe Plugin API Version: 2024-06-20====
====Start Log====
Stripe Express Checkout does not support free products.
====End Log====

2026-06-09T05:24:48+00:00 DEBUG 
====Stripe Version: 9.9.2====
====Stripe Plugin API Version: 2024-06-20====
====Start Log====
Stripe Express Checkout does not support free products.
====End Log====

2026-06-09T05:24:50+00:00 DEBUG 
====Stripe Version: 9.9.2====
====Stripe Plugin API Version: 2024-06-20====
====Start Log====
Stripe Express Checkout does not support free products.
====End Log====

2026-06-09T05:24:50+00:00 DEBUG 
====Stripe Version: 9.9.2====
====Stripe Plugin API Version: 2024-06-20====
====Start Log====
Stripe Express Checkout does not support free products.
====End Log====

2026-06-09T05:24:51+00:00 DEBUG 
====Stripe Version: 9.9.2====
====Stripe Plugin API Version: 2024-06-20====
====Start Log====
Stripe Express Checkout does not support free products.
====End Log====

2026-06-09T05:24:51+00:00 DEBUG 
====Stripe Version: 9.9.2====
====Stripe Plugin API Version: 2024-06-20====
====Start Log====
Stripe Express Checkout does not support free products.
====End Log====

2026-06-09T05:59:18+00:00 DEBUG 
====Stripe Version: 9.9.2====
====Stripe Plugin API Version: 2024-06-20====
====Start Log====
Stripe Express Checkout does not support free products.
====End Log====

2026-06-09T05:59:18+00:00 DEBUG 
====Stripe Version: 9.9.2====
====Stripe Plugin API Version: 2024-06-20====
====Start Log====
Stripe Express Checkout does not support free products.
====End Log====

2026-06-09T05:59:20+00:00 DEBUG 
====Stripe Version: 9.9.2====
====Stripe Plugin API Version: 2024-06-20====
====Start Log====
Stripe Express Checkout does not support free products.
====End Log====

2026-06-09T05:59:20+00:00 DEBUG 
====Stripe Version: 9.9.2====
====Stripe Plugin API Version: 2024-06-20====
====Start Log====
Stripe Express Checkout does not support free products.
====End Log====

2026-06-09T05:59:22+00:00 DEBUG 
====Stripe Version: 9.9.2====
====Stripe Plugin API Version: 2024-06-20====
====Start Log====
Stripe Express Checkout does not support free products.
====End Log====

2026-06-09T05:59:22+00:00 DEBUG 
====Stripe Version: 9.9.2====
====Stripe Plugin API Version: 2024-06-20====
====Start Log====
Stripe Express Checkout does not support free products.
====End Log====

2026-06-09T05:59:23+00:00 DEBUG 
====Stripe Version: 9.9.2====
====Stripe Plugin API Version: 2024-06-20====
====Start Log====
Stripe Express Checkout does not support free products.
====End Log====

2026-06-09T05:59:23+00:00 DEBUG 
====Stripe Version: 9.9.2====
====Stripe Plugin API Version: 2024-06-20====
====Start Log====
Stripe Express Checkout does not support free products.
====End Log====

2026-06-09T05:59:25+00:00 DEBUG 
====Stripe Version: 9.9.2====
====Stripe Plugin API Version: 2024-06-20====
====Start Log====
Stripe Express Checkout does not support free products.
====End Log====

2026-06-09T05:59:25+00:00 DEBUG 
====Stripe Version: 9.9.2====
====Stripe Plugin API Version: 2024-06-20====
====Start Log====
Stripe Express Checkout does not support free products.
====End Log====

2026-06-09T05:59:27+00:00 DEBUG 
====Stripe Version: 9.9.2====
====Stripe Plugin API Version: 2024-06-20====
====Start Log====
Stripe Express Checkout does not support free products.
====End Log====

2026-06-09T05:59:27+00:00 DEBUG 
====Stripe Version: 9.9.2====
====Stripe Plugin API Version: 2024-06-20====
====Start Log====
Stripe Express Checkout does not support free products.
====End Log====

2026-06-09T05:59:29+00:00 DEBUG 
====Stripe Version: 9.9.2====
====Stripe Plugin API Version: 2024-06-20====
====Start Log====
Stripe Express Checkout does not support free products.
====End Log====

2026-06-09T05:59:29+00:00 DEBUG 
====Stripe Version: 9.9.2====
====Stripe Plugin API Version: 2024-06-20====
====Start Log====
Stripe Express Checkout does not support free products.
====End Log====

2026-06-09T05:59:30+00:00 DEBUG 
====Stripe Version: 9.9.2====
====Stripe Plugin API Version: 2024-06-20====
====Start Log====
Stripe Express Checkout does not support free products.
====End Log====

2026-06-09T05:59:30+00:00 DEBUG 
====Stripe Version: 9.9.2====
====Stripe Plugin API Version: 2024-06-20====
====Start Log====
Stripe Express Checkout does not support free products.
====End Log====

2026-06-09T05:59:34+00:00 DEBUG 
====Stripe Version: 9.9.2====
====Stripe Plugin API Version: 2024-06-20====
====Start Log====
Stripe Express Checkout does not support free products.
====End Log====

2026-06-09T05:59:34+00:00 DEBUG 
====Stripe Version: 9.9.2====
====Stripe Plugin API Version: 2024-06-20====
====Start Log====
Stripe Express Checkout does not support free products.
====End Log====

2026-06-09T05:59:35+00:00 DEBUG 
====Stripe Version: 9.9.2====
====Stripe Plugin API Version: 2024-06-20====
====Start Log====
Stripe Express Checkout does not support free products.
====End Log====

2026-06-09T05:59:35+00:00 DEBUG 
====Stripe Version: 9.9.2====
====Stripe Plugin API Version: 2024-06-20====
====Start Log====
Stripe Express Checkout does not support free products.
====End Log====

2026-06-09T05:59:36+00:00 DEBUG 
====Stripe Version: 9.9.2====
====Stripe Plugin API Version: 2024-06-20====
====Start Log====
Stripe Express Checkout does not support free products.
====End Log====

2026-06-09T05:59:36+00:00 DEBUG 
====Stripe Version: 9.9.2====
====Stripe Plugin API Version: 2024-06-20====
====Start Log====
Stripe Express Checkout does not support free products.
====End Log====

2026-06-09T07:35:54+00:00 DEBUG Daily asynchronous cache cleanup already scheduled CONTEXT: {"stripe_version":"9.9.2","stripe_api_version":"2024-06-20"}
2026-06-09T07:35:55+00:00 DEBUG Stripe API request: GET account CONTEXT: {"stripe_version":"9.9.2","stripe_api_version":"2024-06-20"}
2026-06-09T07:35:55+00:00 DEBUG Stripe API response: GET account CONTEXT: {"stripe_version":"9.9.2","stripe_api_version":"2024-06-20","response":{"id":"acct_1SCzgW0Q3J9q34Tt","object":"account","business_profile":{"annual_revenue":null,"estimated_worker_count":null,"mcc":"8398","minority_owned_business_designation":null,"name":"WRBLO","support_address":null,"support_email":null,"support_phone":"+443333397980","support_url":null,"url":"https://wrblo.org"},"business_type":"non_profit","capabilities":{"afterpay_clearpay_payments":"inactive","amazon_pay_payments":"active","bancontact_payments":"active","card_payments":"active","cartes_bancaires_payments":"pending","eps_payments":"active","kakao_pay_payments":"active","klarna_payments":"inactive","link_payments":"active","naver_pay_payments":"active","payco_payments":"active","revolut_pay_payments":"active","samsung_pay_payments":"active","transfers":"active"},"charges_enabled":true,"company":{"name":"WRBLO Community Interest Company","structure":"incorporated_non_profit"},"controller":{"type":"account"},"country":"GB","default_currency":"gbp","details_submitted":true,"email":"financeteam@wrblo.org","future_requirements":{"alternatives":[],"current_deadline":null,"currently_due":[],"disabled_reason":null,"errors":[],"eventually_due":[],"past_due":[],"pending_verification":[]},"metadata":{},"payouts_enabled":true,"requirements":{"alternatives":[],"current_deadline":1785301910,"currently_due":["person_1SCzs00Q3J9q34Tttpbwc6w7.address.city","person_1SCzs00Q3J9q34Tttpbwc6w7.address.line1","person_1SCzs00Q3J9q34Tttpbwc6w7.address.postal_code","person_1SCzsm0Q3J9q34TtYOgUejPq.address.city","person_1SCzsm0Q3J9q34TtYOgUejPq.address.line1","person_1SCzsm0Q3J9q34TtYOgUejPq.address.postal_code","person_1TfmJP0Q3J9q34TtOHuQOe5r.address.city","person_1TfmJP0Q3J9q34TtOHuQOe5r.address.line1","person_1TfmJP0Q3J9q34TtOHuQOe5r.address.postal_code","person_1TfmJP0Q3J9q34TtOHuQOe5r.dob.day","person_1TfmJP0Q3J9q34TtOHuQOe5r.dob.month","person_1TfmJP0Q3J9q34TtOHuQOe5r.dob.year","person_1TfmJP0Q3J9q34TtOHuQOe5r.email","person_1TfmJP0Q3J9q34TtOHuQOe5r.relationship.title","person_1TfmJP0Q3J9q34TtlXYM8vAU.address.city","person_1TfmJP0Q3J9q34TtlXYM8vAU.address.line1","person_1TfmJP0Q3J9q34TtlXYM8vAU.address.postal_code","person_1TfmJP0Q3J9q34TtlXYM8vAU.dob.day","person_1TfmJP0Q3J9q34TtlXYM8vAU.dob.month","person_1TfmJP0Q3J9q34TtlXYM8vAU.dob.year","person_1TfmJP0Q3J9q34TtlXYM8vAU.email","person_1TfmJP0Q3J9q34TtlXYM8vAU.relationship.title"],"disabled_reason":null,"errors":[],"eventually_due":["person_1SCzs00Q3J9q34Tttpbwc6w7.address.city","person_1SCzs00Q3J9q34Tttpbwc6w7.address.line1","person_1SCzs00Q3J9q34Tttpbwc6w7.address.postal_code","person_1SCzsm0Q3J9q34TtYOgUejPq.address.city","person_1SCzsm0Q3J9q34TtYOgUejPq.address.line1","person_1SCzsm0Q3J9q34TtYOgUejPq.address.postal_code","person_1TfmJP0Q3J9q34TtOHuQOe5r.address.city","person_1TfmJP0Q3J9q34TtOHuQOe5r.address.line1","person_1TfmJP0Q3J9q34TtOHuQOe5r.address.postal_code","person_1TfmJP0Q3J9q34TtOHuQOe5r.dob.day","person_1TfmJP0Q3J9q34TtOHuQOe5r.dob.month","person_1TfmJP0Q3J9q34TtOHuQOe5r.dob.year","person_1TfmJP0Q3J9q34TtOHuQOe5r.email","person_1TfmJP0Q3J9q34TtOHuQOe5r.relationship.title","person_1TfmJP0Q3J9q34TtlXYM8vAU.address.city","person_1TfmJP0Q3J9q34TtlXYM8vAU.address.line1","person_1TfmJP0Q3J9q34TtlXYM8vAU.address.postal_code","person_1TfmJP0Q3J9q34TtlXYM8vAU.dob.day","person_1TfmJP0Q3J9q34TtlXYM8vAU.dob.month","person_1TfmJP0Q3J9q34TtlXYM8vAU.dob.year","person_1TfmJP0Q3J9q34TtlXYM8vAU.email","person_1TfmJP0Q3J9q34TtlXYM8vAU.relationship.title"],"past_due":[],"pending_verification":[]},"settings":{"bacs_debit_payments":{"display_name":"Stripe","service_user_number":"449900"},"branding":{"icon":null,"logo":null,"primary_color":null,"secondary_color":null},"card_issuing":{"tos_acceptance":{"date":null,"ip":null}},"card_payments":{"statement_descriptor_prefix":null,"statement_descriptor_prefix_kana":null,"statement_descriptor_prefix_kanji":null},"dashboard":{"display_name":"WRBLO","timezone":"Europe/London"},"invoices":{"default_account_tax_ids":null,"hosted_payment_method_save":"offer"},"payments":{"statement_descriptor":"WRBLO","statement_descriptor_kana":null,"statement_descriptor_kanji":null},"payouts":{"debit_negative_balances":true,"schedule":{"delay_days":3,"interval":"weekly","weekly_anchor":"monday","weekly_payout_days":["monday"]},"statement_descriptor":null},"paypay_payments":{},"sepa_debit_payments":{}},"type":"standard"}}
2026-06-09T08:15:09+00:00 DEBUG 
====Stripe Version: 9.9.2====
====Stripe Plugin API Version: 2024-06-20====
====Start Log====
Stripe Express Checkout does not support free products.
====End Log====

2026-06-09T08:15:09+00:00 DEBUG 
====Stripe Version: 9.9.2====
====Stripe Plugin API Version: 2024-06-20====
====Start Log====
Stripe Express Checkout does not support free products.
====End Log====

2026-06-09T09:26:11+00:00 DEBUG 
====Stripe Version: 9.9.2====
====Stripe Plugin API Version: 2024-06-20====
====Start Log====
Stripe Express Checkout does not support free products.
====End Log====

2026-06-09T09:26:11+00:00 DEBUG 
====Stripe Version: 9.9.2====
====Stripe Plugin API Version: 2024-06-20====
====Start Log====
Stripe Express Checkout does not support free products.
====End Log====

2026-06-09T09:26:22+00:00 DEBUG 
====Stripe Version: 9.9.2====
====Stripe Plugin API Version: 2024-06-20====
====Start Log====
Stripe Express Checkout does not support free products.
====End Log====

2026-06-09T09:26:22+00:00 DEBUG 
====Stripe Version: 9.9.2====
====Stripe Plugin API Version: 2024-06-20====
====Start Log====
Stripe Express Checkout does not support free products.
====End Log====

2026-06-09T09:26:30+00:00 DEBUG 
====Stripe Version: 9.9.2====
====Stripe Plugin API Version: 2024-06-20====
====Start Log====
Stripe Express Checkout does not support free products.
====End Log====

2026-06-09T09:26:30+00:00 DEBUG 
====Stripe Version: 9.9.2====
====Stripe Plugin API Version: 2024-06-20====
====Start Log====
Stripe Express Checkout does not support free products.
====End Log====

2026-06-09T10:29:32+00:00 DEBUG Stripe API request: GET account CONTEXT: {"stripe_version":"9.9.2","stripe_api_version":"2024-06-20"}
2026-06-09T10:29:33+00:00 DEBUG Stripe API response: GET account CONTEXT: {"stripe_version":"9.9.2","stripe_api_version":"2024-06-20","response":{"id":"acct_1SCzgW0Q3J9q34Tt","object":"account","business_profile":{"annual_revenue":null,"estimated_worker_count":null,"mcc":"8398","minority_owned_business_designation":null,"name":"WRBLO","support_address":null,"support_email":null,"support_phone":"+443333397980","support_url":null,"url":"https://wrblo.org"},"business_type":"non_profit","capabilities":{"afterpay_clearpay_payments":"inactive","amazon_pay_payments":"active","bancontact_payments":"active","card_payments":"active","cartes_bancaires_payments":"pending","eps_payments":"active","kakao_pay_payments":"active","klarna_payments":"inactive","link_payments":"active","naver_pay_payments":"active","payco_payments":"active","revolut_pay_payments":"active","samsung_pay_payments":"active","transfers":"active"},"charges_enabled":true,"company":{"name":"WRBLO Community Interest Company","structure":"incorporated_non_profit"},"controller":{"type":"account"},"country":"GB","default_currency":"gbp","details_submitted":true,"email":"financeteam@wrblo.org","future_requirements":{"alternatives":[],"current_deadline":null,"currently_due":[],"disabled_reason":null,"errors":[],"eventually_due":[],"past_due":[],"pending_verification":[]},"metadata":{},"payouts_enabled":true,"requirements":{"alternatives":[],"current_deadline":1785301910,"currently_due":["person_1SCzs00Q3J9q34Tttpbwc6w7.address.city","person_1SCzs00Q3J9q34Tttpbwc6w7.address.line1","person_1SCzs00Q3J9q34Tttpbwc6w7.address.postal_code","person_1SCzsm0Q3J9q34TtYOgUejPq.address.city","person_1SCzsm0Q3J9q34TtYOgUejPq.address.line1","person_1SCzsm0Q3J9q34TtYOgUejPq.address.postal_code","person_1TfmJP0Q3J9q34TtOHuQOe5r.address.city","person_1TfmJP0Q3J9q34TtOHuQOe5r.address.line1","person_1TfmJP0Q3J9q34TtOHuQOe5r.address.postal_code","person_1TfmJP0Q3J9q34TtOHuQOe5r.dob.day","person_1TfmJP0Q3J9q34TtOHuQOe5r.dob.month","person_1TfmJP0Q3J9q34TtOHuQOe5r.dob.year","person_1TfmJP0Q3J9q34TtOHuQOe5r.email","person_1TfmJP0Q3J9q34TtOHuQOe5r.relationship.title","person_1TfmJP0Q3J9q34TtlXYM8vAU.address.city","person_1TfmJP0Q3J9q34TtlXYM8vAU.address.line1","person_1TfmJP0Q3J9q34TtlXYM8vAU.address.postal_code","person_1TfmJP0Q3J9q34TtlXYM8vAU.dob.day","person_1TfmJP0Q3J9q34TtlXYM8vAU.dob.month","person_1TfmJP0Q3J9q34TtlXYM8vAU.dob.year","person_1TfmJP0Q3J9q34TtlXYM8vAU.email","person_1TfmJP0Q3J9q34TtlXYM8vAU.relationship.title"],"disabled_reason":null,"errors":[],"eventually_due":["person_1SCzs00Q3J9q34Tttpbwc6w7.address.city","person_1SCzs00Q3J9q34Tttpbwc6w7.address.line1","person_1SCzs00Q3J9q34Tttpbwc6w7.address.postal_code","person_1SCzsm0Q3J9q34TtYOgUejPq.address.city","person_1SCzsm0Q3J9q34TtYOgUejPq.address.line1","person_1SCzsm0Q3J9q34TtYOgUejPq.address.postal_code","person_1TfmJP0Q3J9q34TtOHuQOe5r.address.city","person_1TfmJP0Q3J9q34TtOHuQOe5r.address.line1","person_1TfmJP0Q3J9q34TtOHuQOe5r.address.postal_code","person_1TfmJP0Q3J9q34TtOHuQOe5r.dob.day","person_1TfmJP0Q3J9q34TtOHuQOe5r.dob.month","person_1TfmJP0Q3J9q34TtOHuQOe5r.dob.year","person_1TfmJP0Q3J9q34TtOHuQOe5r.email","person_1TfmJP0Q3J9q34TtOHuQOe5r.relationship.title","person_1TfmJP0Q3J9q34TtlXYM8vAU.address.city","person_1TfmJP0Q3J9q34TtlXYM8vAU.address.line1","person_1TfmJP0Q3J9q34TtlXYM8vAU.address.postal_code","person_1TfmJP0Q3J9q34TtlXYM8vAU.dob.day","person_1TfmJP0Q3J9q34TtlXYM8vAU.dob.month","person_1TfmJP0Q3J9q34TtlXYM8vAU.dob.year","person_1TfmJP0Q3J9q34TtlXYM8vAU.email","person_1TfmJP0Q3J9q34TtlXYM8vAU.relationship.title"],"past_due":[],"pending_verification":[]},"settings":{"bacs_debit_payments":{"display_name":"Stripe","service_user_number":"449900"},"branding":{"icon":null,"logo":null,"primary_color":null,"secondary_color":null},"card_issuing":{"tos_acceptance":{"date":null,"ip":null}},"card_payments":{"statement_descriptor_prefix":null,"statement_descriptor_prefix_kana":null,"statement_descriptor_prefix_kanji":null},"dashboard":{"display_name":"WRBLO","timezone":"Europe/London"},"invoices":{"default_account_tax_ids":null,"hosted_payment_method_save":"offer"},"payments":{"statement_descriptor":"WRBLO","statement_descriptor_kana":null,"statement_descriptor_kanji":null},"payouts":{"debit_negative_balances":true,"schedule":{"delay_days":3,"interval":"weekly","weekly_anchor":"monday","weekly_payout_days":["monday"]},"statement_descriptor":null},"paypay_payments":{},"sepa_debit_payments":{}},"type":"standard"}}
2026-06-09T12:36:17+00:00 DEBUG Stripe API request: GET account CONTEXT: {"stripe_version":"9.9.2","stripe_api_version":"2024-06-20"}
2026-06-09T12:36:17+00:00 DEBUG Stripe API response: GET account CONTEXT: {"stripe_version":"9.9.2","stripe_api_version":"2024-06-20","response":{"id":"acct_1SCzgW0Q3J9q34Tt","object":"account","business_profile":{"annual_revenue":null,"estimated_worker_count":null,"mcc":"8398","minority_owned_business_designation":null,"name":"WRBLO","support_address":null,"support_email":null,"support_phone":"+443333397980","support_url":null,"url":"https://wrblo.org"},"business_type":"non_profit","capabilities":{"afterpay_clearpay_payments":"inactive","amazon_pay_payments":"active","bancontact_payments":"active","card_payments":"active","cartes_bancaires_payments":"pending","eps_payments":"active","kakao_pay_payments":"active","klarna_payments":"inactive","link_payments":"active","naver_pay_payments":"active","payco_payments":"active","revolut_pay_payments":"active","samsung_pay_payments":"active","transfers":"active"},"charges_enabled":true,"company":{"name":"WRBLO Community Interest Company","structure":"incorporated_non_profit"},"controller":{"type":"account"},"country":"GB","default_currency":"gbp","details_submitted":true,"email":"financeteam@wrblo.org","future_requirements":{"alternatives":[],"current_deadline":null,"currently_due":[],"disabled_reason":null,"errors":[],"eventually_due":[],"past_due":[],"pending_verification":[]},"metadata":{},"payouts_enabled":true,"requirements":{"alternatives":[],"current_deadline":1785301910,"currently_due":["person_1SCzs00Q3J9q34Tttpbwc6w7.address.city","person_1SCzs00Q3J9q34Tttpbwc6w7.address.line1","person_1SCzs00Q3J9q34Tttpbwc6w7.address.postal_code","person_1SCzsm0Q3J9q34TtYOgUejPq.address.city","person_1SCzsm0Q3J9q34TtYOgUejPq.address.line1","person_1SCzsm0Q3J9q34TtYOgUejPq.address.postal_code","person_1TfmJP0Q3J9q34TtOHuQOe5r.address.city","person_1TfmJP0Q3J9q34TtOHuQOe5r.address.line1","person_1TfmJP0Q3J9q34TtOHuQOe5r.address.postal_code","person_1TfmJP0Q3J9q34TtOHuQOe5r.dob.day","person_1TfmJP0Q3J9q34TtOHuQOe5r.dob.month","person_1TfmJP0Q3J9q34TtOHuQOe5r.dob.year","person_1TfmJP0Q3J9q34TtOHuQOe5r.email","person_1TfmJP0Q3J9q34TtOHuQOe5r.relationship.title","person_1TfmJP0Q3J9q34TtlXYM8vAU.address.city","person_1TfmJP0Q3J9q34TtlXYM8vAU.address.line1","person_1TfmJP0Q3J9q34TtlXYM8vAU.address.postal_code","person_1TfmJP0Q3J9q34TtlXYM8vAU.dob.day","person_1TfmJP0Q3J9q34TtlXYM8vAU.dob.month","person_1TfmJP0Q3J9q34TtlXYM8vAU.dob.year","person_1TfmJP0Q3J9q34TtlXYM8vAU.email","person_1TfmJP0Q3J9q34TtlXYM8vAU.relationship.title"],"disabled_reason":null,"errors":[],"eventually_due":["person_1SCzs00Q3J9q34Tttpbwc6w7.address.city","person_1SCzs00Q3J9q34Tttpbwc6w7.address.line1","person_1SCzs00Q3J9q34Tttpbwc6w7.address.postal_code","person_1SCzsm0Q3J9q34TtYOgUejPq.address.city","person_1SCzsm0Q3J9q34TtYOgUejPq.address.line1","person_1SCzsm0Q3J9q34TtYOgUejPq.address.postal_code","person_1TfmJP0Q3J9q34TtOHuQOe5r.address.city","person_1TfmJP0Q3J9q34TtOHuQOe5r.address.line1","person_1TfmJP0Q3J9q34TtOHuQOe5r.address.postal_code","person_1TfmJP0Q3J9q34TtOHuQOe5r.dob.day","person_1TfmJP0Q3J9q34TtOHuQOe5r.dob.month","person_1TfmJP0Q3J9q34TtOHuQOe5r.dob.year","person_1TfmJP0Q3J9q34TtOHuQOe5r.email","person_1TfmJP0Q3J9q34TtOHuQOe5r.relationship.title","person_1TfmJP0Q3J9q34TtlXYM8vAU.address.city","person_1TfmJP0Q3J9q34TtlXYM8vAU.address.line1","person_1TfmJP0Q3J9q34TtlXYM8vAU.address.postal_code","person_1TfmJP0Q3J9q34TtlXYM8vAU.dob.day","person_1TfmJP0Q3J9q34TtlXYM8vAU.dob.month","person_1TfmJP0Q3J9q34TtlXYM8vAU.dob.year","person_1TfmJP0Q3J9q34TtlXYM8vAU.email","person_1TfmJP0Q3J9q34TtlXYM8vAU.relationship.title"],"past_due":[],"pending_verification":[]},"settings":{"bacs_debit_payments":{"display_name":"Stripe","service_user_number":"449900"},"branding":{"icon":null,"logo":null,"primary_color":null,"secondary_color":null},"card_issuing":{"tos_acceptance":{"date":null,"ip":null}},"card_payments":{"statement_descriptor_prefix":null,"statement_descriptor_prefix_kana":null,"statement_descriptor_prefix_kanji":null},"dashboard":{"display_name":"WRBLO","timezone":"Europe/London"},"invoices":{"default_account_tax_ids":null,"hosted_payment_method_save":"offer"},"payments":{"statement_descriptor":"WRBLO","statement_descriptor_kana":null,"statement_descriptor_kanji":null},"payouts":{"debit_negative_balances":true,"schedule":{"delay_days":3,"interval":"weekly","weekly_anchor":"monday","weekly_payout_days":["monday"]},"statement_descriptor":null},"paypay_payments":{},"sepa_debit_payments":{}},"type":"standard"}}
2026-06-09T12:38:50+00:00 DEBUG 
====Stripe Version: 9.9.2====
====Stripe Plugin API Version: 2024-06-20====
====Start Log====
Stripe Express Checkout does not support free products.
====End Log====

2026-06-09T12:38:50+00:00 DEBUG 
====Stripe Version: 9.9.2====
====Stripe Plugin API Version: 2024-06-20====
====Start Log====
Stripe Express Checkout does not support free products.
====End Log====

2026-06-09T16:11:25+00:00 DEBUG Stripe API request: GET account CONTEXT: {"stripe_version":"9.9.2","stripe_api_version":"2024-06-20"}
2026-06-09T16:11:26+00:00 DEBUG Stripe API response: GET account CONTEXT: {"stripe_version":"9.9.2","stripe_api_version":"2024-06-20","response":{"id":"acct_1SCzgW0Q3J9q34Tt","object":"account","business_profile":{"annual_revenue":null,"estimated_worker_count":null,"mcc":"8398","minority_owned_business_designation":null,"name":"WRBLO","support_address":null,"support_email":null,"support_phone":"+443333397980","support_url":null,"url":"https://wrblo.org"},"business_type":"non_profit","capabilities":{"afterpay_clearpay_payments":"inactive","amazon_pay_payments":"active","bancontact_payments":"active","card_payments":"active","cartes_bancaires_payments":"pending","eps_payments":"active","kakao_pay_payments":"active","klarna_payments":"inactive","link_payments":"active","naver_pay_payments":"active","payco_payments":"active","revolut_pay_payments":"active","samsung_pay_payments":"active","transfers":"active"},"charges_enabled":true,"company":{"name":"WRBLO Community Interest Company","structure":"incorporated_non_profit"},"controller":{"type":"account"},"country":"GB","default_currency":"gbp","details_submitted":true,"email":"financeteam@wrblo.org","future_requirements":{"alternatives":[],"current_deadline":null,"currently_due":[],"disabled_reason":null,"errors":[],"eventually_due":[],"past_due":[],"pending_verification":[]},"metadata":{},"payouts_enabled":true,"requirements":{"alternatives":[],"current_deadline":1785301910,"currently_due":["person_1SCzs00Q3J9q34Tttpbwc6w7.address.city","person_1SCzs00Q3J9q34Tttpbwc6w7.address.line1","person_1SCzs00Q3J9q34Tttpbwc6w7.address.postal_code","person_1SCzsm0Q3J9q34TtYOgUejPq.address.city","person_1SCzsm0Q3J9q34TtYOgUejPq.address.line1","person_1SCzsm0Q3J9q34TtYOgUejPq.address.postal_code","person_1TfmJP0Q3J9q34TtOHuQOe5r.address.city","person_1TfmJP0Q3J9q34TtOHuQOe5r.address.line1","person_1TfmJP0Q3J9q34TtOHuQOe5r.address.postal_code","person_1TfmJP0Q3J9q34TtOHuQOe5r.dob.day","person_1TfmJP0Q3J9q34TtOHuQOe5r.dob.month","person_1TfmJP0Q3J9q34TtOHuQOe5r.dob.year","person_1TfmJP0Q3J9q34TtOHuQOe5r.email","person_1TfmJP0Q3J9q34TtOHuQOe5r.relationship.title","person_1TfmJP0Q3J9q34TtlXYM8vAU.address.city","person_1TfmJP0Q3J9q34TtlXYM8vAU.address.line1","person_1TfmJP0Q3J9q34TtlXYM8vAU.address.postal_code","person_1TfmJP0Q3J9q34TtlXYM8vAU.dob.day","person_1TfmJP0Q3J9q34TtlXYM8vAU.dob.month","person_1TfmJP0Q3J9q34TtlXYM8vAU.dob.year","person_1TfmJP0Q3J9q34TtlXYM8vAU.email","person_1TfmJP0Q3J9q34TtlXYM8vAU.relationship.title"],"disabled_reason":null,"errors":[],"eventually_due":["person_1SCzs00Q3J9q34Tttpbwc6w7.address.city","person_1SCzs00Q3J9q34Tttpbwc6w7.address.line1","person_1SCzs00Q3J9q34Tttpbwc6w7.address.postal_code","person_1SCzsm0Q3J9q34TtYOgUejPq.address.city","person_1SCzsm0Q3J9q34TtYOgUejPq.address.line1","person_1SCzsm0Q3J9q34TtYOgUejPq.address.postal_code","person_1TfmJP0Q3J9q34TtOHuQOe5r.address.city","person_1TfmJP0Q3J9q34TtOHuQOe5r.address.line1","person_1TfmJP0Q3J9q34TtOHuQOe5r.address.postal_code","person_1TfmJP0Q3J9q34TtOHuQOe5r.dob.day","person_1TfmJP0Q3J9q34TtOHuQOe5r.dob.month","person_1TfmJP0Q3J9q34TtOHuQOe5r.dob.year","person_1TfmJP0Q3J9q34TtOHuQOe5r.email","person_1TfmJP0Q3J9q34TtOHuQOe5r.relationship.title","person_1TfmJP0Q3J9q34TtlXYM8vAU.address.city","person_1TfmJP0Q3J9q34TtlXYM8vAU.address.line1","person_1TfmJP0Q3J9q34TtlXYM8vAU.address.postal_code","person_1TfmJP0Q3J9q34TtlXYM8vAU.dob.day","person_1TfmJP0Q3J9q34TtlXYM8vAU.dob.month","person_1TfmJP0Q3J9q34TtlXYM8vAU.dob.year","person_1TfmJP0Q3J9q34TtlXYM8vAU.email","person_1TfmJP0Q3J9q34TtlXYM8vAU.relationship.title"],"past_due":[],"pending_verification":[]},"settings":{"bacs_debit_payments":{"display_name":"Stripe","service_user_number":"449900"},"branding":{"icon":null,"logo":null,"primary_color":null,"secondary_color":null},"card_issuing":{"tos_acceptance":{"date":null,"ip":null}},"card_payments":{"statement_descriptor_prefix":null,"statement_descriptor_prefix_kana":null,"statement_descriptor_prefix_kanji":null},"dashboard":{"display_name":"WRBLO","timezone":"Europe/London"},"invoices":{"default_account_tax_ids":null,"hosted_payment_method_save":"offer"},"payments":{"statement_descriptor":"WRBLO","statement_descriptor_kana":null,"statement_descriptor_kanji":null},"payouts":{"debit_negative_balances":true,"schedule":{"delay_days":3,"interval":"weekly","weekly_anchor":"monday","weekly_payout_days":["monday"]},"statement_descriptor":null},"paypay_payments":{},"sepa_debit_payments":{}},"type":"standard"}}
2026-06-09T16:11:26+00:00 DEBUG 
====Stripe Version: 9.9.2====
====Stripe Plugin API Version: 2024-06-20====
====Start Log====
Stripe Express Checkout does not support free products.
====End Log====

2026-06-09T16:11:26+00:00 DEBUG 
====Stripe Version: 9.9.2====
====Stripe Plugin API Version: 2024-06-20====
====Start Log====
Stripe Express Checkout does not support free products.
====End Log====

2026-06-09T16:11:28+00:00 DEBUG 
====Stripe Version: 9.9.2====
====Stripe Plugin API Version: 2024-06-20====
====Start Log====
Stripe Express Checkout does not support free products.
====End Log====

2026-06-09T16:11:28+00:00 DEBUG 
====Stripe Version: 9.9.2====
====Stripe Plugin API Version: 2024-06-20====
====Start Log====
Stripe Express Checkout does not support free products.
====End Log====

2026-06-09T16:11:28+00:00 DEBUG 
====Stripe Version: 9.9.2====
====Stripe Plugin API Version: 2024-06-20====
====Start Log====
Stripe Express Checkout does not support free products.
====End Log====

2026-06-09T16:11:29+00:00 DEBUG 
====Stripe Version: 9.9.2====
====Stripe Plugin API Version: 2024-06-20====
====Start Log====
Stripe Express Checkout does not support free products.
====End Log====

2026-06-09T16:11:29+00:00 DEBUG 
====Stripe Version: 9.9.2====
====Stripe Plugin API Version: 2024-06-20====
====Start Log====
Stripe Express Checkout does not support free products.
====End Log====

2026-06-09T16:11:29+00:00 DEBUG 
====Stripe Version: 9.9.2====
====Stripe Plugin API Version: 2024-06-20====
====Start Log====
Stripe Express Checkout does not support free products.
====End Log====

2026-06-09T16:11:32+00:00 DEBUG 
====Stripe Version: 9.9.2====
====Stripe Plugin API Version: 2024-06-20====
====Start Log====
Stripe Express Checkout does not support free products.
====End Log====

2026-06-09T16:11:32+00:00 DEBUG 
====Stripe Version: 9.9.2====
====Stripe Plugin API Version: 2024-06-20====
====Start Log====
Stripe Express Checkout does not support free products.
====End Log====

2026-06-09T16:11:35+00:00 DEBUG 
====Stripe Version: 9.9.2====
====Stripe Plugin API Version: 2024-06-20====
====Start Log====
Stripe Express Checkout does not support free products.
====End Log====

2026-06-09T16:11:35+00:00 DEBUG 
====Stripe Version: 9.9.2====
====Stripe Plugin API Version: 2024-06-20====
====Start Log====
Stripe Express Checkout does not support free products.
====End Log====

2026-06-09T16:11:36+00:00 DEBUG 
====Stripe Version: 9.9.2====
====Stripe Plugin API Version: 2024-06-20====
====Start Log====
Stripe Express Checkout does not support free products.
====End Log====

2026-06-09T16:11:36+00:00 DEBUG 
====Stripe Version: 9.9.2====
====Stripe Plugin API Version: 2024-06-20====
====Start Log====
Stripe Express Checkout does not support free products.
====End Log====

2026-06-09T16:14:38+00:00 DEBUG 
====Stripe Version: 9.9.2====
====Stripe Plugin API Version: 2024-06-20====
====Start Log====
Stripe Express Checkout does not support free products.
====End Log====

2026-06-09T16:14:38+00:00 DEBUG 
====Stripe Version: 9.9.2====
====Stripe Plugin API Version: 2024-06-20====
====Start Log====
Stripe Express Checkout does not support free products.
====End Log====

2026-06-09T19:28:58+00:00 DEBUG Stripe API request: GET account CONTEXT: {"stripe_version":"9.9.2","stripe_api_version":"2024-06-20"}
2026-06-09T19:28:58+00:00 DEBUG Stripe API response: GET account CONTEXT: {"stripe_version":"9.9.2","stripe_api_version":"2024-06-20","response":{"id":"acct_1SCzgW0Q3J9q34Tt","object":"account","business_profile":{"annual_revenue":null,"estimated_worker_count":null,"mcc":"8398","minority_owned_business_designation":null,"name":"WRBLO","support_address":null,"support_email":null,"support_phone":"+443333397980","support_url":null,"url":"https://wrblo.org"},"business_type":"non_profit","capabilities":{"afterpay_clearpay_payments":"inactive","amazon_pay_payments":"active","bancontact_payments":"active","card_payments":"active","cartes_bancaires_payments":"pending","eps_payments":"active","kakao_pay_payments":"active","klarna_payments":"inactive","link_payments":"active","naver_pay_payments":"active","payco_payments":"active","revolut_pay_payments":"active","samsung_pay_payments":"active","transfers":"active"},"charges_enabled":true,"company":{"name":"WRBLO Community Interest Company","structure":"incorporated_non_profit"},"controller":{"type":"account"},"country":"GB","default_currency":"gbp","details_submitted":true,"email":"financeteam@wrblo.org","future_requirements":{"alternatives":[],"current_deadline":null,"currently_due":[],"disabled_reason":null,"errors":[],"eventually_due":[],"past_due":[],"pending_verification":[]},"metadata":{},"payouts_enabled":true,"requirements":{"alternatives":[],"current_deadline":1785301910,"currently_due":["person_1SCzs00Q3J9q34Tttpbwc6w7.address.city","person_1SCzs00Q3J9q34Tttpbwc6w7.address.line1","person_1SCzs00Q3J9q34Tttpbwc6w7.address.postal_code","person_1SCzsm0Q3J9q34TtYOgUejPq.address.city","person_1SCzsm0Q3J9q34TtYOgUejPq.address.line1","person_1SCzsm0Q3J9q34TtYOgUejPq.address.postal_code","person_1TfmJP0Q3J9q34TtOHuQOe5r.address.city","person_1TfmJP0Q3J9q34TtOHuQOe5r.address.line1","person_1TfmJP0Q3J9q34TtOHuQOe5r.address.postal_code","person_1TfmJP0Q3J9q34TtOHuQOe5r.dob.day","person_1TfmJP0Q3J9q34TtOHuQOe5r.dob.month","person_1TfmJP0Q3J9q34TtOHuQOe5r.dob.year","person_1TfmJP0Q3J9q34TtOHuQOe5r.email","person_1TfmJP0Q3J9q34TtOHuQOe5r.relationship.title","person_1TfmJP0Q3J9q34TtlXYM8vAU.address.city","person_1TfmJP0Q3J9q34TtlXYM8vAU.address.line1","person_1TfmJP0Q3J9q34TtlXYM8vAU.address.postal_code","person_1TfmJP0Q3J9q34TtlXYM8vAU.dob.day","person_1TfmJP0Q3J9q34TtlXYM8vAU.dob.month","person_1TfmJP0Q3J9q34TtlXYM8vAU.dob.year","person_1TfmJP0Q3J9q34TtlXYM8vAU.email","person_1TfmJP0Q3J9q34TtlXYM8vAU.relationship.title"],"disabled_reason":null,"errors":[],"eventually_due":["person_1SCzs00Q3J9q34Tttpbwc6w7.address.city","person_1SCzs00Q3J9q34Tttpbwc6w7.address.line1","person_1SCzs00Q3J9q34Tttpbwc6w7.address.postal_code","person_1SCzsm0Q3J9q34TtYOgUejPq.address.city","person_1SCzsm0Q3J9q34TtYOgUejPq.address.line1","person_1SCzsm0Q3J9q34TtYOgUejPq.address.postal_code","person_1TfmJP0Q3J9q34TtOHuQOe5r.address.city","person_1TfmJP0Q3J9q34TtOHuQOe5r.address.line1","person_1TfmJP0Q3J9q34TtOHuQOe5r.address.postal_code","person_1TfmJP0Q3J9q34TtOHuQOe5r.dob.day","person_1TfmJP0Q3J9q34TtOHuQOe5r.dob.month","person_1TfmJP0Q3J9q34TtOHuQOe5r.dob.year","person_1TfmJP0Q3J9q34TtOHuQOe5r.email","person_1TfmJP0Q3J9q34TtOHuQOe5r.relationship.title","person_1TfmJP0Q3J9q34TtlXYM8vAU.address.city","person_1TfmJP0Q3J9q34TtlXYM8vAU.address.line1","person_1TfmJP0Q3J9q34TtlXYM8vAU.address.postal_code","person_1TfmJP0Q3J9q34TtlXYM8vAU.dob.day","person_1TfmJP0Q3J9q34TtlXYM8vAU.dob.month","person_1TfmJP0Q3J9q34TtlXYM8vAU.dob.year","person_1TfmJP0Q3J9q34TtlXYM8vAU.email","person_1TfmJP0Q3J9q34TtlXYM8vAU.relationship.title"],"past_due":[],"pending_verification":[]},"settings":{"bacs_debit_payments":{"display_name":"Stripe","service_user_number":"449900"},"branding":{"icon":null,"logo":null,"primary_color":null,"secondary_color":null},"card_issuing":{"tos_acceptance":{"date":null,"ip":null}},"card_payments":{"statement_descriptor_prefix":null,"statement_descriptor_prefix_kana":null,"statement_descriptor_prefix_kanji":null},"dashboard":{"display_name":"WRBLO","timezone":"Europe/London"},"invoices":{"default_account_tax_ids":null,"hosted_payment_method_save":"offer"},"payments":{"statement_descriptor":"WRBLO","statement_descriptor_kana":null,"statement_descriptor_kanji":null},"payouts":{"debit_negative_balances":true,"schedule":{"delay_days":3,"interval":"weekly","weekly_anchor":"monday","weekly_payout_days":["monday"]},"statement_descriptor":null},"paypay_payments":{},"sepa_debit_payments":{}},"type":"standard"}}
2026-06-09T21:10:09+00:00 INFO Starting asynchronous cache cleanup [run_id: 395408] CONTEXT: {"stripe_version":"9.9.2","stripe_api_version":"2024-06-20","max_rows":500,"job_data":{"run_id":395408,"processed":0,"deleted":0,"job_runs":1,"last_key":null}}
2026-06-09T21:10:09+00:00 INFO Asynchronous cache cleanup complete: 1 entries processed, 0 stale entries deleted [run_id: 395408] CONTEXT: {"stripe_version":"9.9.2","stripe_api_version":"2024-06-20","max_rows":500,"job_data":{"run_id":395408,"processed":1,"deleted":0,"job_runs":1,"last_key":"wcstripe_cache_live_account_data"}}
2026-06-09T22:23:43+00:00 DEBUG Stripe API request: GET account CONTEXT: {"stripe_version":"9.9.2","stripe_api_version":"2024-06-20"}
2026-06-09T22:23:44+00:00 DEBUG Stripe API response: GET account CONTEXT: {"stripe_version":"9.9.2","stripe_api_version":"2024-06-20","response":{"id":"acct_1SCzgW0Q3J9q34Tt","object":"account","business_profile":{"annual_revenue":null,"estimated_worker_count":null,"mcc":"8398","minority_owned_business_designation":null,"name":"WRBLO","support_address":null,"support_email":null,"support_phone":"+443333397980","support_url":null,"url":"https://wrblo.org"},"business_type":"non_profit","capabilities":{"afterpay_clearpay_payments":"inactive","amazon_pay_payments":"active","bancontact_payments":"active","card_payments":"active","cartes_bancaires_payments":"pending","eps_payments":"active","kakao_pay_payments":"active","klarna_payments":"inactive","link_payments":"active","naver_pay_payments":"active","payco_payments":"active","revolut_pay_payments":"active","samsung_pay_payments":"active","transfers":"active"},"charges_enabled":true,"company":{"name":"WRBLO Community Interest Company","structure":"incorporated_non_profit"},"controller":{"type":"account"},"country":"GB","default_currency":"gbp","details_submitted":true,"email":"financeteam@wrblo.org","future_requirements":{"alternatives":[],"current_deadline":null,"currently_due":[],"disabled_reason":null,"errors":[],"eventually_due":[],"past_due":[],"pending_verification":[]},"metadata":{},"payouts_enabled":true,"requirements":{"alternatives":[],"current_deadline":1785301910,"currently_due":["person_1SCzs00Q3J9q34Tttpbwc6w7.address.city","person_1SCzs00Q3J9q34Tttpbwc6w7.address.line1","person_1SCzs00Q3J9q34Tttpbwc6w7.address.postal_code","person_1SCzsm0Q3J9q34TtYOgUejPq.address.city","person_1SCzsm0Q3J9q34TtYOgUejPq.address.line1","person_1SCzsm0Q3J9q34TtYOgUejPq.address.postal_code","person_1TfmJP0Q3J9q34TtOHuQOe5r.address.city","person_1TfmJP0Q3J9q34TtOHuQOe5r.address.line1","person_1TfmJP0Q3J9q34TtOHuQOe5r.address.postal_code","person_1TfmJP0Q3J9q34TtOHuQOe5r.dob.day","person_1TfmJP0Q3J9q34TtOHuQOe5r.dob.month","person_1TfmJP0Q3J9q34TtOHuQOe5r.dob.year","person_1TfmJP0Q3J9q34TtOHuQOe5r.email","person_1TfmJP0Q3J9q34TtOHuQOe5r.relationship.title","person_1TfmJP0Q3J9q34TtlXYM8vAU.address.city","person_1TfmJP0Q3J9q34TtlXYM8vAU.address.line1","person_1TfmJP0Q3J9q34TtlXYM8vAU.address.postal_code","person_1TfmJP0Q3J9q34TtlXYM8vAU.dob.day","person_1TfmJP0Q3J9q34TtlXYM8vAU.dob.month","person_1TfmJP0Q3J9q34TtlXYM8vAU.dob.year","person_1TfmJP0Q3J9q34TtlXYM8vAU.email","person_1TfmJP0Q3J9q34TtlXYM8vAU.relationship.title"],"disabled_reason":null,"errors":[],"eventually_due":["person_1SCzs00Q3J9q34Tttpbwc6w7.address.city","person_1SCzs00Q3J9q34Tttpbwc6w7.address.line1","person_1SCzs00Q3J9q34Tttpbwc6w7.address.postal_code","person_1SCzsm0Q3J9q34TtYOgUejPq.address.city","person_1SCzsm0Q3J9q34TtYOgUejPq.address.line1","person_1SCzsm0Q3J9q34TtYOgUejPq.address.postal_code","person_1TfmJP0Q3J9q34TtOHuQOe5r.address.city","person_1TfmJP0Q3J9q34TtOHuQOe5r.address.line1","person_1TfmJP0Q3J9q34TtOHuQOe5r.address.postal_code","person_1TfmJP0Q3J9q34TtOHuQOe5r.dob.day","person_1TfmJP0Q3J9q34TtOHuQOe5r.dob.month","person_1TfmJP0Q3J9q34TtOHuQOe5r.dob.year","person_1TfmJP0Q3J9q34TtOHuQOe5r.email","person_1TfmJP0Q3J9q34TtOHuQOe5r.relationship.title","person_1TfmJP0Q3J9q34TtlXYM8vAU.address.city","person_1TfmJP0Q3J9q34TtlXYM8vAU.address.line1","person_1TfmJP0Q3J9q34TtlXYM8vAU.address.postal_code","person_1TfmJP0Q3J9q34TtlXYM8vAU.dob.day","person_1TfmJP0Q3J9q34TtlXYM8vAU.dob.month","person_1TfmJP0Q3J9q34TtlXYM8vAU.dob.year","person_1TfmJP0Q3J9q34TtlXYM8vAU.email","person_1TfmJP0Q3J9q34TtlXYM8vAU.relationship.title"],"past_due":[],"pending_verification":[]},"settings":{"bacs_debit_payments":{"display_name":"Stripe","service_user_number":"449900"},"branding":{"icon":null,"logo":null,"primary_color":null,"secondary_color":null},"card_issuing":{"tos_acceptance":{"date":null,"ip":null}},"card_payments":{"statement_descriptor_prefix":null,"statement_descriptor_prefix_kana":null,"statement_descriptor_prefix_kanji":null},"dashboard":{"display_name":"WRBLO","timezone":"Europe/London"},"invoices":{"default_account_tax_ids":null,"hosted_payment_method_save":"offer"},"payments":{"statement_descriptor":"WRBLO","statement_descriptor_kana":null,"statement_descriptor_kanji":null},"payouts":{"debit_negative_balances":true,"schedule":{"delay_days":3,"interval":"weekly","weekly_anchor":"monday","weekly_payout_days":["monday"]},"statement_descriptor":null},"paypay_payments":{},"sepa_debit_payments":{}},"type":"standard"}}
2026-06-09T22:34:37+00:00 DEBUG 
====Stripe Version: 9.9.2====
====Stripe Plugin API Version: 2024-06-20====
====Start Log====
Stripe Express Checkout does not support free products.
====End Log====

2026-06-09T22:34:37+00:00 DEBUG 
====Stripe Version: 9.9.2====
====Stripe Plugin API Version: 2024-06-20====
====Start Log====
Stripe Express Checkout does not support free products.
====End Log====

2026-06-09T22:41:39+00:00 DEBUG 
====Stripe Version: 9.9.2====
====Stripe Plugin API Version: 2024-06-20====
====Start Log====
Stripe Express Checkout does not support free products.
====End Log====

2026-06-09T22:41:39+00:00 DEBUG 
====Stripe Version: 9.9.2====
====Stripe Plugin API Version: 2024-06-20====
====Start Log====
Stripe Express Checkout does not support free products.
====End Log====

2026-06-09T22:45:34+00:00 DEBUG 
====Stripe Version: 9.9.2====
====Stripe Plugin API Version: 2024-06-20====
====Start Log====
Stripe Express Checkout does not support free products.
====End Log====

2026-06-09T22:45:34+00:00 DEBUG 
====Stripe Version: 9.9.2====
====Stripe Plugin API Version: 2024-06-20====
====Start Log====
Stripe Express Checkout does not support free products.
====End Log====

2026-06-09T22:49:30+00:00 DEBUG 
====Stripe Version: 9.9.2====
====Stripe Plugin API Version: 2024-06-20====
====Start Log====
Stripe Express Checkout does not support free products.
====End Log====

2026-06-09T22:49:30+00:00 DEBUG 
====Stripe Version: 9.9.2====
====Stripe Plugin API Version: 2024-06-20====
====Start Log====
Stripe Express Checkout does not support free products.
====End Log====

2026-06-09T22:52:02+00:00 DEBUG 
====Stripe Version: 9.9.2====
====Stripe Plugin API Version: 2024-06-20====
====Start Log====
Stripe Express Checkout does not support free products.
====End Log====

2026-06-09T22:52:02+00:00 DEBUG 
====Stripe Version: 9.9.2====
====Stripe Plugin API Version: 2024-06-20====
====Start Log====
Stripe Express Checkout does not support free products.
====End Log====

2026-06-09T23:03:36+00:00 DEBUG 
====Stripe Version: 9.9.2====
====Stripe Plugin API Version: 2024-06-20====
====Start Log====
Stripe Express Checkout does not support free products.
====End Log====

2026-06-09T23:03:36+00:00 DEBUG 
====Stripe Version: 9.9.2====
====Stripe Plugin API Version: 2024-06-20====
====Start Log====
Stripe Express Checkout does not support free products.
====End Log====

2026-06-09T23:07:09+00:00 DEBUG 
====Stripe Version: 9.9.2====
====Stripe Plugin API Version: 2024-06-20====
====Start Log====
Stripe Express Checkout does not support free products.
====End Log====

2026-06-09T23:07:09+00:00 DEBUG 
====Stripe Version: 9.9.2====
====Stripe Plugin API Version: 2024-06-20====
====Start Log====
Stripe Express Checkout does not support free products.
====End Log====

2026-06-09T23:10:40+00:00 DEBUG 
====Stripe Version: 9.9.2====
====Stripe Plugin API Version: 2024-06-20====
====Start Log====
Stripe Express Checkout does not support free products.
====End Log====

2026-06-09T23:10:40+00:00 DEBUG 
====Stripe Version: 9.9.2====
====Stripe Plugin API Version: 2024-06-20====
====Start Log====
Stripe Express Checkout does not support free products.
====End Log====

2026-06-09T23:12:54+00:00 DEBUG 
====Stripe Version: 9.9.2====
====Stripe Plugin API Version: 2024-06-20====
====Start Log====
Stripe Express Checkout does not support free products.
====End Log====

2026-06-09T23:12:54+00:00 DEBUG 
====Stripe Version: 9.9.2====
====Stripe Plugin API Version: 2024-06-20====
====Start Log====
Stripe Express Checkout does not support free products.
====End Log====

2026-06-09T23:13:13+00:00 DEBUG 
====Stripe Version: 9.9.2====
====Stripe Plugin API Version: 2024-06-20====
====Start Log====
Stripe Express Checkout does not support free products.
====End Log====

2026-06-09T23:13:13+00:00 DEBUG 
====Stripe Version: 9.9.2====
====Stripe Plugin API Version: 2024-06-20====
====Start Log====
Stripe Express Checkout does not support free products.
====End Log====

2026-06-09T23:16:01+00:00 DEBUG 
====Stripe Version: 9.9.2====
====Stripe Plugin API Version: 2024-06-20====
====Start Log====
Stripe Express Checkout does not support free products.
====End Log====

2026-06-09T23:16:01+00:00 DEBUG 
====Stripe Version: 9.9.2====
====Stripe Plugin API Version: 2024-06-20====
====Start Log====
Stripe Express Checkout does not support free products.
====End Log====

2026-06-09T23:16:42+00:00 DEBUG 
====Stripe Version: 9.9.2====
====Stripe Plugin API Version: 2024-06-20====
====Start Log====
Stripe Express Checkout does not support free products.
====End Log====

2026-06-09T23:16:42+00:00 DEBUG 
====Stripe Version: 9.9.2====
====Stripe Plugin API Version: 2024-06-20====
====Start Log====
Stripe Express Checkout does not support free products.
====End Log====

2026-06-09T23:20:16+00:00 DEBUG 
====Stripe Version: 9.9.2====
====Stripe Plugin API Version: 2024-06-20====
====Start Log====
Stripe Express Checkout does not support free products.
====End Log====

2026-06-09T23:20:16+00:00 DEBUG 
====Stripe Version: 9.9.2====
====Stripe Plugin API Version: 2024-06-20====
====Start Log====
Stripe Express Checkout does not support free products.
====End Log====

2026-06-09T23:20:35+00:00 DEBUG 
====Stripe Version: 9.9.2====
====Stripe Plugin API Version: 2024-06-20====
====Start Log====
Stripe Express Checkout does not support free products.
====End Log====

2026-06-09T23:20:35+00:00 DEBUG 
====Stripe Version: 9.9.2====
====Stripe Plugin API Version: 2024-06-20====
====Start Log====
Stripe Express Checkout does not support free products.
====End Log====

2026-06-09T23:24:28+00:00 DEBUG 
====Stripe Version: 9.9.2====
====Stripe Plugin API Version: 2024-06-20====
====Start Log====
Stripe Express Checkout does not support free products.
====End Log====

2026-06-09T23:24:28+00:00 DEBUG 
====Stripe Version: 9.9.2====
====Stripe Plugin API Version: 2024-06-20====
====Start Log====
Stripe Express Checkout does not support free products.
====End Log====

2026-06-09T23:26:47+00:00 DEBUG 
====Stripe Version: 9.9.2====
====Stripe Plugin API Version: 2024-06-20====
====Start Log====
Stripe Express Checkout does not support free products.
====End Log====

2026-06-09T23:26:47+00:00 DEBUG 
====Stripe Version: 9.9.2====
====Stripe Plugin API Version: 2024-06-20====
====Start Log====
Stripe Express Checkout does not support free products.
====End Log====

2026-06-09T23:41:15+00:00 DEBUG 
====Stripe Version: 9.9.2====
====Stripe Plugin API Version: 2024-06-20====
====Start Log====
Stripe Express Checkout does not support free products.
====End Log====

2026-06-09T23:41:16+00:00 DEBUG 
====Stripe Version: 9.9.2====
====Stripe Plugin API Version: 2024-06-20====
====Start Log====
Stripe Express Checkout does not support free products.
====End Log====

2026-06-09T23:48:07+00:00 DEBUG 
====Stripe Version: 9.9.2====
====Stripe Plugin API Version: 2024-06-20====
====Start Log====
Stripe Express Checkout does not support free products.
====End Log====

2026-06-09T23:48:07+00:00 DEBUG 
====Stripe Version: 9.9.2====
====Stripe Plugin API Version: 2024-06-20====
====Start Log====
Stripe Express Checkout does not support free products.
====End Log====

2026-06-09T23:51:59+00:00 DEBUG 
====Stripe Version: 9.9.2====
====Stripe Plugin API Version: 2024-06-20====
====Start Log====
Stripe Express Checkout does not support free products.
====End Log====

2026-06-09T23:51:59+00:00 DEBUG 
====Stripe Version: 9.9.2====
====Stripe Plugin API Version: 2024-06-20====
====Start Log====
Stripe Express Checkout does not support free products.
====End Log====

2026-06-09T23:53:19+00:00 DEBUG 
====Stripe Version: 9.9.2====
====Stripe Plugin API Version: 2024-06-20====
====Start Log====
Stripe Express Checkout does not support free products.
====End Log====

2026-06-09T23:53:19+00:00 DEBUG 
====Stripe Version: 9.9.2====
====Stripe Plugin API Version: 2024-06-20====
====Start Log====
Stripe Express Checkout does not support free products.
====End Log====

2026-06-09T23:55:52+00:00 DEBUG 
====Stripe Version: 9.9.2====
====Stripe Plugin API Version: 2024-06-20====
====Start Log====
Stripe Express Checkout does not support free products.
====End Log====

2026-06-09T23:55:52+00:00 DEBUG 
====Stripe Version: 9.9.2====
====Stripe Plugin API Version: 2024-06-20====
====Start Log====
Stripe Express Checkout does not support free products.
====End Log====

2026-06-09T23:56:52+00:00 DEBUG 
====Stripe Version: 9.9.2====
====Stripe Plugin API Version: 2024-06-20====
====Start Log====
Stripe Express Checkout does not support free products.
====End Log====

2026-06-09T23:56:52+00:00 DEBUG 
====Stripe Version: 9.9.2====
====Stripe Plugin API Version: 2024-06-20====
====Start Log====
Stripe Express Checkout does not support free products.
====End Log====

2026-06-09T23:59:43+00:00 DEBUG 
====Stripe Version: 9.9.2====
====Stripe Plugin API Version: 2024-06-20====
====Start Log====
Stripe Express Checkout does not support free products.
====End Log====

2026-06-09T23:59:43+00:00 DEBUG 
====Stripe Version: 9.9.2====
====Stripe Plugin API Version: 2024-06-20====
====Start Log====
Stripe Express Checkout does not support free products.
====End Log====

